Archive member included to satisfy reference by file (symbol)

/mnt/DOC/MCUXpressoWorkSpace/lpc_board_nxp_lpcxpresso_1769/Debug/liblpc_board_nxp_lpcxpresso_1769.a(board_sysinit.o)
                              ./src/sysinit.o (Board_SetupClocking)
/mnt/DOC/MCUXpressoWorkSpace/lpc_chip_175x_6x/Debug/liblpc_chip_175x_6x.a(iocon_17xx_40xx.o)
                              /mnt/DOC/MCUXpressoWorkSpace/lpc_board_nxp_lpcxpresso_1769/Debug/liblpc_board_nxp_lpcxpresso_1769.a(board_sysinit.o) (Chip_IOCON_SetPinMuxing)
/mnt/DOC/MCUXpressoWorkSpace/lpc_chip_175x_6x/Debug/liblpc_chip_175x_6x.a(sysinit_17xx_40xx.o)
                              /mnt/DOC/MCUXpressoWorkSpace/lpc_board_nxp_lpcxpresso_1769/Debug/liblpc_board_nxp_lpcxpresso_1769.a(board_sysinit.o) (Chip_SetupXtalClocking)
/mnt/DOC/MCUXpressoWorkSpace/lpc_chip_175x_6x/Debug/liblpc_chip_175x_6x.a(clock_17xx_40xx.o)
                              /mnt/DOC/MCUXpressoWorkSpace/lpc_chip_175x_6x/Debug/liblpc_chip_175x_6x.a(sysinit_17xx_40xx.o) (Chip_Clock_EnablePLL)
/usr/local/mcuxpressoide-10.2.0_759/ide/tools/bin/../lib/gcc/arm-none-eabi/7.2.1/../../../../arm-none-eabi/lib/thumb/v7-m/libcr_c.a(__weak__main.o)
                              ./src/cr_startup_lpc175x_6x.o (__main)

Discarded input sections

 .group         0x0000000000000000        0xc ./src/cr_startup_lpc175x_6x.o
 .text          0x0000000000000000        0x0 ./src/cr_startup_lpc175x_6x.o
 .data          0x0000000000000000        0x0 ./src/cr_startup_lpc175x_6x.o
 .bss           0x0000000000000000        0x0 ./src/cr_startup_lpc175x_6x.o
 .group         0x0000000000000000        0xc ./src/lpc1769.o
 .text          0x0000000000000000        0x0 ./src/lpc1769.o
 .data          0x0000000000000000        0x0 ./src/lpc1769.o
 .bss           0x0000000000000000        0x0 ./src/lpc1769.o
 .debug_macro   0x0000000000000000      0xa6c ./src/lpc1769.o
 .group         0x0000000000000000        0xc ./src/sysinit.o
 .group         0x0000000000000000        0xc ./src/sysinit.o
 .group         0x0000000000000000        0xc ./src/sysinit.o
 .group         0x0000000000000000        0xc ./src/sysinit.o
 .group         0x0000000000000000        0xc ./src/sysinit.o
 .group         0x0000000000000000        0xc ./src/sysinit.o
 .group         0x0000000000000000        0xc ./src/sysinit.o
 .group         0x0000000000000000        0xc ./src/sysinit.o
 .group         0x0000000000000000        0xc ./src/sysinit.o
 .group         0x0000000000000000        0xc ./src/sysinit.o
 .group         0x0000000000000000        0xc ./src/sysinit.o
 .group         0x0000000000000000        0xc ./src/sysinit.o
 .group         0x0000000000000000        0xc ./src/sysinit.o
 .group         0x0000000000000000        0xc ./src/sysinit.o
 .group         0x0000000000000000        0xc ./src/sysinit.o
 .group         0x0000000000000000        0xc ./src/sysinit.o
 .group         0x0000000000000000        0xc ./src/sysinit.o
 .group         0x0000000000000000        0xc ./src/sysinit.o
 .group         0x0000000000000000        0xc ./src/sysinit.o
 .group         0x0000000000000000        0xc ./src/sysinit.o
 .group         0x0000000000000000        0xc ./src/sysinit.o
 .group         0x0000000000000000        0xc ./src/sysinit.o
 .group         0x0000000000000000        0xc ./src/sysinit.o
 .group         0x0000000000000000        0xc ./src/sysinit.o
 .group         0x0000000000000000        0xc ./src/sysinit.o
 .group         0x0000000000000000        0xc ./src/sysinit.o
 .group         0x0000000000000000        0xc ./src/sysinit.o
 .group         0x0000000000000000        0xc ./src/sysinit.o
 .group         0x0000000000000000        0xc ./src/sysinit.o
 .group         0x0000000000000000        0xc ./src/sysinit.o
 .group         0x0000000000000000        0xc ./src/sysinit.o
 .group         0x0000000000000000        0xc ./src/sysinit.o
 .group         0x0000000000000000        0xc ./src/sysinit.o
 .group         0x0000000000000000        0xc ./src/sysinit.o
 .group         0x0000000000000000        0xc ./src/sysinit.o
 .group         0x0000000000000000        0xc ./src/sysinit.o
 .group         0x0000000000000000        0xc ./src/sysinit.o
 .group         0x0000000000000000        0xc ./src/sysinit.o
 .group         0x0000000000000000        0xc ./src/sysinit.o
 .text          0x0000000000000000        0x0 ./src/sysinit.o
 .data          0x0000000000000000        0x0 ./src/sysinit.o
 .bss           0x0000000000000000        0x0 ./src/sysinit.o
 .debug_macro   0x0000000000000000      0xa6c ./src/sysinit.o
 .group         0x0000000000000000        0xc /mnt/DOC/MCUXpressoWorkSpace/lpc_board_nxp_lpcxpresso_1769/Debug/liblpc_board_nxp_lpcxpresso_1769.a(board_sysinit.o)
 .group         0x0000000000000000        0xc /mnt/DOC/MCUXpressoWorkSpace/lpc_board_nxp_lpcxpresso_1769/Debug/liblpc_board_nxp_lpcxpresso_1769.a(board_sysinit.o)
 .group         0x0000000000000000        0xc /mnt/DOC/MCUXpressoWorkSpace/lpc_board_nxp_lpcxpresso_1769/Debug/liblpc_board_nxp_lpcxpresso_1769.a(board_sysinit.o)
 .group         0x0000000000000000        0xc /mnt/DOC/MCUXpressoWorkSpace/lpc_board_nxp_lpcxpresso_1769/Debug/liblpc_board_nxp_lpcxpresso_1769.a(board_sysinit.o)
 .group         0x0000000000000000        0xc /mnt/DOC/MCUXpressoWorkSpace/lpc_board_nxp_lpcxpresso_1769/Debug/liblpc_board_nxp_lpcxpresso_1769.a(board_sysinit.o)
 .group         0x0000000000000000        0xc /mnt/DOC/MCUXpressoWorkSpace/lpc_board_nxp_lpcxpresso_1769/Debug/liblpc_board_nxp_lpcxpresso_1769.a(board_sysinit.o)
 .group         0x0000000000000000        0xc /mnt/DOC/MCUXpressoWorkSpace/lpc_board_nxp_lpcxpresso_1769/Debug/liblpc_board_nxp_lpcxpresso_1769.a(board_sysinit.o)
 .group         0x0000000000000000        0xc /mnt/DOC/MCUXpressoWorkSpace/lpc_board_nxp_lpcxpresso_1769/Debug/liblpc_board_nxp_lpcxpresso_1769.a(board_sysinit.o)
 .group         0x0000000000000000        0xc /mnt/DOC/MCUXpressoWorkSpace/lpc_board_nxp_lpcxpresso_1769/Debug/liblpc_board_nxp_lpcxpresso_1769.a(board_sysinit.o)
 .group         0x0000000000000000        0xc /mnt/DOC/MCUXpressoWorkSpace/lpc_board_nxp_lpcxpresso_1769/Debug/liblpc_board_nxp_lpcxpresso_1769.a(board_sysinit.o)
 .group         0x0000000000000000        0xc /mnt/DOC/MCUXpressoWorkSpace/lpc_board_nxp_lpcxpresso_1769/Debug/liblpc_board_nxp_lpcxpresso_1769.a(board_sysinit.o)
 .group         0x0000000000000000        0xc /mnt/DOC/MCUXpressoWorkSpace/lpc_board_nxp_lpcxpresso_1769/Debug/liblpc_board_nxp_lpcxpresso_1769.a(board_sysinit.o)
 .group         0x0000000000000000        0xc /mnt/DOC/MCUXpressoWorkSpace/lpc_board_nxp_lpcxpresso_1769/Debug/liblpc_board_nxp_lpcxpresso_1769.a(board_sysinit.o)
 .group         0x0000000000000000        0xc /mnt/DOC/MCUXpressoWorkSpace/lpc_board_nxp_lpcxpresso_1769/Debug/liblpc_board_nxp_lpcxpresso_1769.a(board_sysinit.o)
 .group         0x0000000000000000        0xc /mnt/DOC/MCUXpressoWorkSpace/lpc_board_nxp_lpcxpresso_1769/Debug/liblpc_board_nxp_lpcxpresso_1769.a(board_sysinit.o)
 .group         0x0000000000000000        0xc /mnt/DOC/MCUXpressoWorkSpace/lpc_board_nxp_lpcxpresso_1769/Debug/liblpc_board_nxp_lpcxpresso_1769.a(board_sysinit.o)
 .group         0x0000000000000000        0xc /mnt/DOC/MCUXpressoWorkSpace/lpc_board_nxp_lpcxpresso_1769/Debug/liblpc_board_nxp_lpcxpresso_1769.a(board_sysinit.o)
 .group         0x0000000000000000        0xc /mnt/DOC/MCUXpressoWorkSpace/lpc_board_nxp_lpcxpresso_1769/Debug/liblpc_board_nxp_lpcxpresso_1769.a(board_sysinit.o)
 .group         0x0000000000000000        0xc /mnt/DOC/MCUXpressoWorkSpace/lpc_board_nxp_lpcxpresso_1769/Debug/liblpc_board_nxp_lpcxpresso_1769.a(board_sysinit.o)
 .group         0x0000000000000000        0xc /mnt/DOC/MCUXpressoWorkSpace/lpc_board_nxp_lpcxpresso_1769/Debug/liblpc_board_nxp_lpcxpresso_1769.a(board_sysinit.o)
 .group         0x0000000000000000        0xc /mnt/DOC/MCUXpressoWorkSpace/lpc_board_nxp_lpcxpresso_1769/Debug/liblpc_board_nxp_lpcxpresso_1769.a(board_sysinit.o)
 .group         0x0000000000000000        0xc /mnt/DOC/MCUXpressoWorkSpace/lpc_board_nxp_lpcxpresso_1769/Debug/liblpc_board_nxp_lpcxpresso_1769.a(board_sysinit.o)
 .group         0x0000000000000000        0xc /mnt/DOC/MCUXpressoWorkSpace/lpc_board_nxp_lpcxpresso_1769/Debug/liblpc_board_nxp_lpcxpresso_1769.a(board_sysinit.o)
 .group         0x0000000000000000        0xc /mnt/DOC/MCUXpressoWorkSpace/lpc_board_nxp_lpcxpresso_1769/Debug/liblpc_board_nxp_lpcxpresso_1769.a(board_sysinit.o)
 .group         0x0000000000000000        0xc /mnt/DOC/MCUXpressoWorkSpace/lpc_board_nxp_lpcxpresso_1769/Debug/liblpc_board_nxp_lpcxpresso_1769.a(board_sysinit.o)
 .group         0x0000000000000000        0xc /mnt/DOC/MCUXpressoWorkSpace/lpc_board_nxp_lpcxpresso_1769/Debug/liblpc_board_nxp_lpcxpresso_1769.a(board_sysinit.o)
 .group         0x0000000000000000        0xc /mnt/DOC/MCUXpressoWorkSpace/lpc_board_nxp_lpcxpresso_1769/Debug/liblpc_board_nxp_lpcxpresso_1769.a(board_sysinit.o)
 .group         0x0000000000000000        0xc /mnt/DOC/MCUXpressoWorkSpace/lpc_board_nxp_lpcxpresso_1769/Debug/liblpc_board_nxp_lpcxpresso_1769.a(board_sysinit.o)
 .group         0x0000000000000000        0xc /mnt/DOC/MCUXpressoWorkSpace/lpc_board_nxp_lpcxpresso_1769/Debug/liblpc_board_nxp_lpcxpresso_1769.a(board_sysinit.o)
 .group         0x0000000000000000        0xc /mnt/DOC/MCUXpressoWorkSpace/lpc_board_nxp_lpcxpresso_1769/Debug/liblpc_board_nxp_lpcxpresso_1769.a(board_sysinit.o)
 .group         0x0000000000000000        0xc /mnt/DOC/MCUXpressoWorkSpace/lpc_board_nxp_lpcxpresso_1769/Debug/liblpc_board_nxp_lpcxpresso_1769.a(board_sysinit.o)
 .group         0x0000000000000000        0xc /mnt/DOC/MCUXpressoWorkSpace/lpc_board_nxp_lpcxpresso_1769/Debug/liblpc_board_nxp_lpcxpresso_1769.a(board_sysinit.o)
 .group         0x0000000000000000        0xc /mnt/DOC/MCUXpressoWorkSpace/lpc_board_nxp_lpcxpresso_1769/Debug/liblpc_board_nxp_lpcxpresso_1769.a(board_sysinit.o)
 .group         0x0000000000000000        0xc /mnt/DOC/MCUXpressoWorkSpace/lpc_board_nxp_lpcxpresso_1769/Debug/liblpc_board_nxp_lpcxpresso_1769.a(board_sysinit.o)
 .group         0x0000000000000000        0xc /mnt/DOC/MCUXpressoWorkSpace/lpc_board_nxp_lpcxpresso_1769/Debug/liblpc_board_nxp_lpcxpresso_1769.a(board_sysinit.o)
 .group         0x0000000000000000        0xc /mnt/DOC/MCUXpressoWorkSpace/lpc_board_nxp_lpcxpresso_1769/Debug/liblpc_board_nxp_lpcxpresso_1769.a(board_sysinit.o)
 .group         0x0000000000000000        0xc /mnt/DOC/MCUXpressoWorkSpace/lpc_board_nxp_lpcxpresso_1769/Debug/liblpc_board_nxp_lpcxpresso_1769.a(board_sysinit.o)
 .group         0x0000000000000000        0xc /mnt/DOC/MCUXpressoWorkSpace/lpc_board_nxp_lpcxpresso_1769/Debug/liblpc_board_nxp_lpcxpresso_1769.a(board_sysinit.o)
 .group         0x0000000000000000        0xc /mnt/DOC/MCUXpressoWorkSpace/lpc_board_nxp_lpcxpresso_1769/Debug/liblpc_board_nxp_lpcxpresso_1769.a(board_sysinit.o)
 .text          0x0000000000000000        0x0 /mnt/DOC/MCUXpressoWorkSpace/lpc_board_nxp_lpcxpresso_1769/Debug/liblpc_board_nxp_lpcxpresso_1769.a(board_sysinit.o)
 .data          0x0000000000000000        0x0 /mnt/DOC/MCUXpressoWorkSpace/lpc_board_nxp_lpcxpresso_1769/Debug/liblpc_board_nxp_lpcxpresso_1769.a(board_sysinit.o)
 .bss           0x0000000000000000        0x0 /mnt/DOC/MCUXpressoWorkSpace/lpc_board_nxp_lpcxpresso_1769/Debug/liblpc_board_nxp_lpcxpresso_1769.a(board_sysinit.o)
 .rodata.pinmuxing
                0x0000000000000000       0x5c /mnt/DOC/MCUXpressoWorkSpace/lpc_board_nxp_lpcxpresso_1769/Debug/liblpc_board_nxp_lpcxpresso_1769.a(board_sysinit.o)
 .text.Board_SetupMuxing
                0x0000000000000000       0x1c /mnt/DOC/MCUXpressoWorkSpace/lpc_board_nxp_lpcxpresso_1769/Debug/liblpc_board_nxp_lpcxpresso_1769.a(board_sysinit.o)
 .text.Board_SystemInit
                0x0000000000000000       0x10 /mnt/DOC/MCUXpressoWorkSpace/lpc_board_nxp_lpcxpresso_1769/Debug/liblpc_board_nxp_lpcxpresso_1769.a(board_sysinit.o)
 .debug_macro   0x0000000000000000       0x10 /mnt/DOC/MCUXpressoWorkSpace/lpc_board_nxp_lpcxpresso_1769/Debug/liblpc_board_nxp_lpcxpresso_1769.a(board_sysinit.o)
 .debug_macro   0x0000000000000000      0x12d /mnt/DOC/MCUXpressoWorkSpace/lpc_board_nxp_lpcxpresso_1769/Debug/liblpc_board_nxp_lpcxpresso_1769.a(board_sysinit.o)
 .debug_macro   0x0000000000000000      0x5b2 /mnt/DOC/MCUXpressoWorkSpace/lpc_board_nxp_lpcxpresso_1769/Debug/liblpc_board_nxp_lpcxpresso_1769.a(board_sysinit.o)
 .debug_macro   0x0000000000000000       0x22 /mnt/DOC/MCUXpressoWorkSpace/lpc_board_nxp_lpcxpresso_1769/Debug/liblpc_board_nxp_lpcxpresso_1769.a(board_sysinit.o)
 .debug_macro   0x0000000000000000       0x7b /mnt/DOC/MCUXpressoWorkSpace/lpc_board_nxp_lpcxpresso_1769/Debug/liblpc_board_nxp_lpcxpresso_1769.a(board_sysinit.o)
 .debug_macro   0x0000000000000000       0x10 /mnt/DOC/MCUXpressoWorkSpace/lpc_board_nxp_lpcxpresso_1769/Debug/liblpc_board_nxp_lpcxpresso_1769.a(board_sysinit.o)
 .debug_macro   0x0000000000000000       0x2d /mnt/DOC/MCUXpressoWorkSpace/lpc_board_nxp_lpcxpresso_1769/Debug/liblpc_board_nxp_lpcxpresso_1769.a(board_sysinit.o)
 .debug_macro   0x0000000000000000       0x3a /mnt/DOC/MCUXpressoWorkSpace/lpc_board_nxp_lpcxpresso_1769/Debug/liblpc_board_nxp_lpcxpresso_1769.a(board_sysinit.o)
 .debug_macro   0x0000000000000000       0x2d /mnt/DOC/MCUXpressoWorkSpace/lpc_board_nxp_lpcxpresso_1769/Debug/liblpc_board_nxp_lpcxpresso_1769.a(board_sysinit.o)
 .debug_macro   0x0000000000000000      0xbb1 /mnt/DOC/MCUXpressoWorkSpace/lpc_board_nxp_lpcxpresso_1769/Debug/liblpc_board_nxp_lpcxpresso_1769.a(board_sysinit.o)
 .debug_macro   0x0000000000000000      0x22c /mnt/DOC/MCUXpressoWorkSpace/lpc_board_nxp_lpcxpresso_1769/Debug/liblpc_board_nxp_lpcxpresso_1769.a(board_sysinit.o)
 .debug_macro   0x0000000000000000       0x42 /mnt/DOC/MCUXpressoWorkSpace/lpc_board_nxp_lpcxpresso_1769/Debug/liblpc_board_nxp_lpcxpresso_1769.a(board_sysinit.o)
 .debug_macro   0x0000000000000000       0x52 /mnt/DOC/MCUXpressoWorkSpace/lpc_board_nxp_lpcxpresso_1769/Debug/liblpc_board_nxp_lpcxpresso_1769.a(board_sysinit.o)
 .debug_macro   0x0000000000000000       0x78 /mnt/DOC/MCUXpressoWorkSpace/lpc_board_nxp_lpcxpresso_1769/Debug/liblpc_board_nxp_lpcxpresso_1769.a(board_sysinit.o)
 .debug_macro   0x0000000000000000       0x82 /mnt/DOC/MCUXpressoWorkSpace/lpc_board_nxp_lpcxpresso_1769/Debug/liblpc_board_nxp_lpcxpresso_1769.a(board_sysinit.o)
 .debug_macro   0x0000000000000000      0x48c /mnt/DOC/MCUXpressoWorkSpace/lpc_board_nxp_lpcxpresso_1769/Debug/liblpc_board_nxp_lpcxpresso_1769.a(board_sysinit.o)
 .debug_macro   0x0000000000000000       0x34 /mnt/DOC/MCUXpressoWorkSpace/lpc_board_nxp_lpcxpresso_1769/Debug/liblpc_board_nxp_lpcxpresso_1769.a(board_sysinit.o)
 .debug_macro   0x0000000000000000      0x4c5 /mnt/DOC/MCUXpressoWorkSpace/lpc_board_nxp_lpcxpresso_1769/Debug/liblpc_board_nxp_lpcxpresso_1769.a(board_sysinit.o)
 .debug_macro   0x0000000000000000      0x1b7 /mnt/DOC/MCUXpressoWorkSpace/lpc_board_nxp_lpcxpresso_1769/Debug/liblpc_board_nxp_lpcxpresso_1769.a(board_sysinit.o)
 .debug_macro   0x0000000000000000       0x10 /mnt/DOC/MCUXpressoWorkSpace/lpc_board_nxp_lpcxpresso_1769/Debug/liblpc_board_nxp_lpcxpresso_1769.a(board_sysinit.o)
 .debug_macro   0x0000000000000000      0x21b /mnt/DOC/MCUXpressoWorkSpace/lpc_board_nxp_lpcxpresso_1769/Debug/liblpc_board_nxp_lpcxpresso_1769.a(board_sysinit.o)
 .debug_macro   0x0000000000000000      0x1b9 /mnt/DOC/MCUXpressoWorkSpace/lpc_board_nxp_lpcxpresso_1769/Debug/liblpc_board_nxp_lpcxpresso_1769.a(board_sysinit.o)
 .debug_macro   0x0000000000000000       0x40 /mnt/DOC/MCUXpressoWorkSpace/lpc_board_nxp_lpcxpresso_1769/Debug/liblpc_board_nxp_lpcxpresso_1769.a(board_sysinit.o)
 .debug_macro   0x0000000000000000       0x22 /mnt/DOC/MCUXpressoWorkSpace/lpc_board_nxp_lpcxpresso_1769/Debug/liblpc_board_nxp_lpcxpresso_1769.a(board_sysinit.o)
 .debug_macro   0x0000000000000000      0x162 /mnt/DOC/MCUXpressoWorkSpace/lpc_board_nxp_lpcxpresso_1769/Debug/liblpc_board_nxp_lpcxpresso_1769.a(board_sysinit.o)
 .debug_macro   0x0000000000000000       0x94 /mnt/DOC/MCUXpressoWorkSpace/lpc_board_nxp_lpcxpresso_1769/Debug/liblpc_board_nxp_lpcxpresso_1769.a(board_sysinit.o)
 .debug_macro   0x0000000000000000       0xb8 /mnt/DOC/MCUXpressoWorkSpace/lpc_board_nxp_lpcxpresso_1769/Debug/liblpc_board_nxp_lpcxpresso_1769.a(board_sysinit.o)
 .debug_macro   0x0000000000000000       0x4c /mnt/DOC/MCUXpressoWorkSpace/lpc_board_nxp_lpcxpresso_1769/Debug/liblpc_board_nxp_lpcxpresso_1769.a(board_sysinit.o)
 .debug_macro   0x0000000000000000       0x16 /mnt/DOC/MCUXpressoWorkSpace/lpc_board_nxp_lpcxpresso_1769/Debug/liblpc_board_nxp_lpcxpresso_1769.a(board_sysinit.o)
 .debug_macro   0x0000000000000000      0x328 /mnt/DOC/MCUXpressoWorkSpace/lpc_board_nxp_lpcxpresso_1769/Debug/liblpc_board_nxp_lpcxpresso_1769.a(board_sysinit.o)
 .debug_macro   0x0000000000000000       0x49 /mnt/DOC/MCUXpressoWorkSpace/lpc_board_nxp_lpcxpresso_1769/Debug/liblpc_board_nxp_lpcxpresso_1769.a(board_sysinit.o)
 .debug_macro   0x0000000000000000       0x16 /mnt/DOC/MCUXpressoWorkSpace/lpc_board_nxp_lpcxpresso_1769/Debug/liblpc_board_nxp_lpcxpresso_1769.a(board_sysinit.o)
 .debug_macro   0x0000000000000000       0xca /mnt/DOC/MCUXpressoWorkSpace/lpc_board_nxp_lpcxpresso_1769/Debug/liblpc_board_nxp_lpcxpresso_1769.a(board_sysinit.o)
 .debug_macro   0x0000000000000000       0x18 /mnt/DOC/MCUXpressoWorkSpace/lpc_board_nxp_lpcxpresso_1769/Debug/liblpc_board_nxp_lpcxpresso_1769.a(board_sysinit.o)
 .debug_macro   0x0000000000000000       0x70 /mnt/DOC/MCUXpressoWorkSpace/lpc_board_nxp_lpcxpresso_1769/Debug/liblpc_board_nxp_lpcxpresso_1769.a(board_sysinit.o)
 .debug_macro   0x0000000000000000       0x9a /mnt/DOC/MCUXpressoWorkSpace/lpc_board_nxp_lpcxpresso_1769/Debug/liblpc_board_nxp_lpcxpresso_1769.a(board_sysinit.o)
 .debug_macro   0x0000000000000000       0x20 /mnt/DOC/MCUXpressoWorkSpace/lpc_board_nxp_lpcxpresso_1769/Debug/liblpc_board_nxp_lpcxpresso_1769.a(board_sysinit.o)
 .debug_macro   0x0000000000000000       0x28 /mnt/DOC/MCUXpressoWorkSpace/lpc_board_nxp_lpcxpresso_1769/Debug/liblpc_board_nxp_lpcxpresso_1769.a(board_sysinit.o)
 .group         0x0000000000000000        0xc /mnt/DOC/MCUXpressoWorkSpace/lpc_chip_175x_6x/Debug/liblpc_chip_175x_6x.a(iocon_17xx_40xx.o)
 .group         0x0000000000000000        0xc /mnt/DOC/MCUXpressoWorkSpace/lpc_chip_175x_6x/Debug/liblpc_chip_175x_6x.a(iocon_17xx_40xx.o)
 .group         0x0000000000000000        0xc /mnt/DOC/MCUXpressoWorkSpace/lpc_chip_175x_6x/Debug/liblpc_chip_175x_6x.a(iocon_17xx_40xx.o)
 .group         0x0000000000000000        0xc /mnt/DOC/MCUXpressoWorkSpace/lpc_chip_175x_6x/Debug/liblpc_chip_175x_6x.a(iocon_17xx_40xx.o)
 .group         0x0000000000000000        0xc /mnt/DOC/MCUXpressoWorkSpace/lpc_chip_175x_6x/Debug/liblpc_chip_175x_6x.a(iocon_17xx_40xx.o)
 .group         0x0000000000000000        0xc /mnt/DOC/MCUXpressoWorkSpace/lpc_chip_175x_6x/Debug/liblpc_chip_175x_6x.a(iocon_17xx_40xx.o)
 .group         0x0000000000000000        0xc /mnt/DOC/MCUXpressoWorkSpace/lpc_chip_175x_6x/Debug/liblpc_chip_175x_6x.a(iocon_17xx_40xx.o)
 .group         0x0000000000000000        0xc /mnt/DOC/MCUXpressoWorkSpace/lpc_chip_175x_6x/Debug/liblpc_chip_175x_6x.a(iocon_17xx_40xx.o)
 .group         0x0000000000000000        0xc /mnt/DOC/MCUXpressoWorkSpace/lpc_chip_175x_6x/Debug/liblpc_chip_175x_6x.a(iocon_17xx_40xx.o)
 .group         0x0000000000000000        0xc /mnt/DOC/MCUXpressoWorkSpace/lpc_chip_175x_6x/Debug/liblpc_chip_175x_6x.a(iocon_17xx_40xx.o)
 .group         0x0000000000000000        0xc /mnt/DOC/MCUXpressoWorkSpace/lpc_chip_175x_6x/Debug/liblpc_chip_175x_6x.a(iocon_17xx_40xx.o)
 .group         0x0000000000000000        0xc /mnt/DOC/MCUXpressoWorkSpace/lpc_chip_175x_6x/Debug/liblpc_chip_175x_6x.a(iocon_17xx_40xx.o)
 .group         0x0000000000000000        0xc /mnt/DOC/MCUXpressoWorkSpace/lpc_chip_175x_6x/Debug/liblpc_chip_175x_6x.a(iocon_17xx_40xx.o)
 .group         0x0000000000000000        0xc /mnt/DOC/MCUXpressoWorkSpace/lpc_chip_175x_6x/Debug/liblpc_chip_175x_6x.a(iocon_17xx_40xx.o)
 .group         0x0000000000000000        0xc /mnt/DOC/MCUXpressoWorkSpace/lpc_chip_175x_6x/Debug/liblpc_chip_175x_6x.a(iocon_17xx_40xx.o)
 .group         0x0000000000000000        0xc /mnt/DOC/MCUXpressoWorkSpace/lpc_chip_175x_6x/Debug/liblpc_chip_175x_6x.a(iocon_17xx_40xx.o)
 .group         0x0000000000000000        0xc /mnt/DOC/MCUXpressoWorkSpace/lpc_chip_175x_6x/Debug/liblpc_chip_175x_6x.a(iocon_17xx_40xx.o)
 .group         0x0000000000000000        0xc /mnt/DOC/MCUXpressoWorkSpace/lpc_chip_175x_6x/Debug/liblpc_chip_175x_6x.a(iocon_17xx_40xx.o)
 .group         0x0000000000000000        0xc /mnt/DOC/MCUXpressoWorkSpace/lpc_chip_175x_6x/Debug/liblpc_chip_175x_6x.a(iocon_17xx_40xx.o)
 .group         0x0000000000000000        0xc /mnt/DOC/MCUXpressoWorkSpace/lpc_chip_175x_6x/Debug/liblpc_chip_175x_6x.a(iocon_17xx_40xx.o)
 .group         0x0000000000000000        0xc /mnt/DOC/MCUXpressoWorkSpace/lpc_chip_175x_6x/Debug/liblpc_chip_175x_6x.a(iocon_17xx_40xx.o)
 .group         0x0000000000000000        0xc /mnt/DOC/MCUXpressoWorkSpace/lpc_chip_175x_6x/Debug/liblpc_chip_175x_6x.a(iocon_17xx_40xx.o)
 .group         0x0000000000000000        0xc /mnt/DOC/MCUXpressoWorkSpace/lpc_chip_175x_6x/Debug/liblpc_chip_175x_6x.a(iocon_17xx_40xx.o)
 .group         0x0000000000000000        0xc /mnt/DOC/MCUXpressoWorkSpace/lpc_chip_175x_6x/Debug/liblpc_chip_175x_6x.a(iocon_17xx_40xx.o)
 .group         0x0000000000000000        0xc /mnt/DOC/MCUXpressoWorkSpace/lpc_chip_175x_6x/Debug/liblpc_chip_175x_6x.a(iocon_17xx_40xx.o)
 .group         0x0000000000000000        0xc /mnt/DOC/MCUXpressoWorkSpace/lpc_chip_175x_6x/Debug/liblpc_chip_175x_6x.a(iocon_17xx_40xx.o)
 .group         0x0000000000000000        0xc /mnt/DOC/MCUXpressoWorkSpace/lpc_chip_175x_6x/Debug/liblpc_chip_175x_6x.a(iocon_17xx_40xx.o)
 .group         0x0000000000000000        0xc /mnt/DOC/MCUXpressoWorkSpace/lpc_chip_175x_6x/Debug/liblpc_chip_175x_6x.a(iocon_17xx_40xx.o)
 .group         0x0000000000000000        0xc /mnt/DOC/MCUXpressoWorkSpace/lpc_chip_175x_6x/Debug/liblpc_chip_175x_6x.a(iocon_17xx_40xx.o)
 .group         0x0000000000000000        0xc /mnt/DOC/MCUXpressoWorkSpace/lpc_chip_175x_6x/Debug/liblpc_chip_175x_6x.a(iocon_17xx_40xx.o)
 .group         0x0000000000000000        0xc /mnt/DOC/MCUXpressoWorkSpace/lpc_chip_175x_6x/Debug/liblpc_chip_175x_6x.a(iocon_17xx_40xx.o)
 .group         0x0000000000000000        0xc /mnt/DOC/MCUXpressoWorkSpace/lpc_chip_175x_6x/Debug/liblpc_chip_175x_6x.a(iocon_17xx_40xx.o)
 .group         0x0000000000000000        0xc /mnt/DOC/MCUXpressoWorkSpace/lpc_chip_175x_6x/Debug/liblpc_chip_175x_6x.a(iocon_17xx_40xx.o)
 .group         0x0000000000000000        0xc /mnt/DOC/MCUXpressoWorkSpace/lpc_chip_175x_6x/Debug/liblpc_chip_175x_6x.a(iocon_17xx_40xx.o)
 .group         0x0000000000000000        0xc /mnt/DOC/MCUXpressoWorkSpace/lpc_chip_175x_6x/Debug/liblpc_chip_175x_6x.a(iocon_17xx_40xx.o)
 .text          0x0000000000000000        0x0 /mnt/DOC/MCUXpressoWorkSpace/lpc_chip_175x_6x/Debug/liblpc_chip_175x_6x.a(iocon_17xx_40xx.o)
 .data          0x0000000000000000        0x0 /mnt/DOC/MCUXpressoWorkSpace/lpc_chip_175x_6x/Debug/liblpc_chip_175x_6x.a(iocon_17xx_40xx.o)
 .bss           0x0000000000000000        0x0 /mnt/DOC/MCUXpressoWorkSpace/lpc_chip_175x_6x/Debug/liblpc_chip_175x_6x.a(iocon_17xx_40xx.o)
 .text.Chip_IOCON_PinMuxSet
                0x0000000000000000       0x36 /mnt/DOC/MCUXpressoWorkSpace/lpc_chip_175x_6x/Debug/liblpc_chip_175x_6x.a(iocon_17xx_40xx.o)
 .text.Chip_IOCON_PinMux
                0x0000000000000000       0x94 /mnt/DOC/MCUXpressoWorkSpace/lpc_chip_175x_6x/Debug/liblpc_chip_175x_6x.a(iocon_17xx_40xx.o)
 .text.Chip_IOCON_SetPinMuxing
                0x0000000000000000       0x62 /mnt/DOC/MCUXpressoWorkSpace/lpc_chip_175x_6x/Debug/liblpc_chip_175x_6x.a(iocon_17xx_40xx.o)
 .debug_info    0x0000000000000000      0x31e /mnt/DOC/MCUXpressoWorkSpace/lpc_chip_175x_6x/Debug/liblpc_chip_175x_6x.a(iocon_17xx_40xx.o)
 .debug_abbrev  0x0000000000000000      0x14a /mnt/DOC/MCUXpressoWorkSpace/lpc_chip_175x_6x/Debug/liblpc_chip_175x_6x.a(iocon_17xx_40xx.o)
 .debug_aranges
                0x0000000000000000       0x30 /mnt/DOC/MCUXpressoWorkSpace/lpc_chip_175x_6x/Debug/liblpc_chip_175x_6x.a(iocon_17xx_40xx.o)
 .debug_ranges  0x0000000000000000       0x20 /mnt/DOC/MCUXpressoWorkSpace/lpc_chip_175x_6x/Debug/liblpc_chip_175x_6x.a(iocon_17xx_40xx.o)
 .debug_macro   0x0000000000000000      0x1cd /mnt/DOC/MCUXpressoWorkSpace/lpc_chip_175x_6x/Debug/liblpc_chip_175x_6x.a(iocon_17xx_40xx.o)
 .debug_macro   0x0000000000000000      0xa66 /mnt/DOC/MCUXpressoWorkSpace/lpc_chip_175x_6x/Debug/liblpc_chip_175x_6x.a(iocon_17xx_40xx.o)
 .debug_macro   0x0000000000000000       0x10 /mnt/DOC/MCUXpressoWorkSpace/lpc_chip_175x_6x/Debug/liblpc_chip_175x_6x.a(iocon_17xx_40xx.o)
 .debug_macro   0x0000000000000000      0x12d /mnt/DOC/MCUXpressoWorkSpace/lpc_chip_175x_6x/Debug/liblpc_chip_175x_6x.a(iocon_17xx_40xx.o)
 .debug_macro   0x0000000000000000      0x5b2 /mnt/DOC/MCUXpressoWorkSpace/lpc_chip_175x_6x/Debug/liblpc_chip_175x_6x.a(iocon_17xx_40xx.o)
 .debug_macro   0x0000000000000000       0x22 /mnt/DOC/MCUXpressoWorkSpace/lpc_chip_175x_6x/Debug/liblpc_chip_175x_6x.a(iocon_17xx_40xx.o)
 .debug_macro   0x0000000000000000       0x7b /mnt/DOC/MCUXpressoWorkSpace/lpc_chip_175x_6x/Debug/liblpc_chip_175x_6x.a(iocon_17xx_40xx.o)
 .debug_macro   0x0000000000000000       0x10 /mnt/DOC/MCUXpressoWorkSpace/lpc_chip_175x_6x/Debug/liblpc_chip_175x_6x.a(iocon_17xx_40xx.o)
 .debug_macro   0x0000000000000000       0x2d /mnt/DOC/MCUXpressoWorkSpace/lpc_chip_175x_6x/Debug/liblpc_chip_175x_6x.a(iocon_17xx_40xx.o)
 .debug_macro   0x0000000000000000       0x3a /mnt/DOC/MCUXpressoWorkSpace/lpc_chip_175x_6x/Debug/liblpc_chip_175x_6x.a(iocon_17xx_40xx.o)
 .debug_macro   0x0000000000000000       0x2d /mnt/DOC/MCUXpressoWorkSpace/lpc_chip_175x_6x/Debug/liblpc_chip_175x_6x.a(iocon_17xx_40xx.o)
 .debug_macro   0x0000000000000000      0xbb1 /mnt/DOC/MCUXpressoWorkSpace/lpc_chip_175x_6x/Debug/liblpc_chip_175x_6x.a(iocon_17xx_40xx.o)
 .debug_macro   0x0000000000000000      0x22c /mnt/DOC/MCUXpressoWorkSpace/lpc_chip_175x_6x/Debug/liblpc_chip_175x_6x.a(iocon_17xx_40xx.o)
 .debug_macro   0x0000000000000000       0x42 /mnt/DOC/MCUXpressoWorkSpace/lpc_chip_175x_6x/Debug/liblpc_chip_175x_6x.a(iocon_17xx_40xx.o)
 .debug_macro   0x0000000000000000       0x52 /mnt/DOC/MCUXpressoWorkSpace/lpc_chip_175x_6x/Debug/liblpc_chip_175x_6x.a(iocon_17xx_40xx.o)
 .debug_macro   0x0000000000000000       0x78 /mnt/DOC/MCUXpressoWorkSpace/lpc_chip_175x_6x/Debug/liblpc_chip_175x_6x.a(iocon_17xx_40xx.o)
 .debug_macro   0x0000000000000000       0x82 /mnt/DOC/MCUXpressoWorkSpace/lpc_chip_175x_6x/Debug/liblpc_chip_175x_6x.a(iocon_17xx_40xx.o)
 .debug_macro   0x0000000000000000      0x48c /mnt/DOC/MCUXpressoWorkSpace/lpc_chip_175x_6x/Debug/liblpc_chip_175x_6x.a(iocon_17xx_40xx.o)
 .debug_macro   0x0000000000000000       0x34 /mnt/DOC/MCUXpressoWorkSpace/lpc_chip_175x_6x/Debug/liblpc_chip_175x_6x.a(iocon_17xx_40xx.o)
 .debug_macro   0x0000000000000000      0x4c5 /mnt/DOC/MCUXpressoWorkSpace/lpc_chip_175x_6x/Debug/liblpc_chip_175x_6x.a(iocon_17xx_40xx.o)
 .debug_macro   0x0000000000000000      0x1b7 /mnt/DOC/MCUXpressoWorkSpace/lpc_chip_175x_6x/Debug/liblpc_chip_175x_6x.a(iocon_17xx_40xx.o)
 .debug_macro   0x0000000000000000       0x10 /mnt/DOC/MCUXpressoWorkSpace/lpc_chip_175x_6x/Debug/liblpc_chip_175x_6x.a(iocon_17xx_40xx.o)
 .debug_macro   0x0000000000000000      0x21b /mnt/DOC/MCUXpressoWorkSpace/lpc_chip_175x_6x/Debug/liblpc_chip_175x_6x.a(iocon_17xx_40xx.o)
 .debug_macro   0x0000000000000000      0x1b9 /mnt/DOC/MCUXpressoWorkSpace/lpc_chip_175x_6x/Debug/liblpc_chip_175x_6x.a(iocon_17xx_40xx.o)
 .debug_macro   0x0000000000000000       0x40 /mnt/DOC/MCUXpressoWorkSpace/lpc_chip_175x_6x/Debug/liblpc_chip_175x_6x.a(iocon_17xx_40xx.o)
 .debug_macro   0x0000000000000000       0x22 /mnt/DOC/MCUXpressoWorkSpace/lpc_chip_175x_6x/Debug/liblpc_chip_175x_6x.a(iocon_17xx_40xx.o)
 .debug_macro   0x0000000000000000      0x162 /mnt/DOC/MCUXpressoWorkSpace/lpc_chip_175x_6x/Debug/liblpc_chip_175x_6x.a(iocon_17xx_40xx.o)
 .debug_macro   0x0000000000000000       0x94 /mnt/DOC/MCUXpressoWorkSpace/lpc_chip_175x_6x/Debug/liblpc_chip_175x_6x.a(iocon_17xx_40xx.o)
 .debug_macro   0x0000000000000000       0xb8 /mnt/DOC/MCUXpressoWorkSpace/lpc_chip_175x_6x/Debug/liblpc_chip_175x_6x.a(iocon_17xx_40xx.o)
 .debug_macro   0x0000000000000000       0x4c /mnt/DOC/MCUXpressoWorkSpace/lpc_chip_175x_6x/Debug/liblpc_chip_175x_6x.a(iocon_17xx_40xx.o)
 .debug_macro   0x0000000000000000       0x16 /mnt/DOC/MCUXpressoWorkSpace/lpc_chip_175x_6x/Debug/liblpc_chip_175x_6x.a(iocon_17xx_40xx.o)
 .debug_macro   0x0000000000000000      0x328 /mnt/DOC/MCUXpressoWorkSpace/lpc_chip_175x_6x/Debug/liblpc_chip_175x_6x.a(iocon_17xx_40xx.o)
 .debug_macro   0x0000000000000000       0x49 /mnt/DOC/MCUXpressoWorkSpace/lpc_chip_175x_6x/Debug/liblpc_chip_175x_6x.a(iocon_17xx_40xx.o)
 .debug_macro   0x0000000000000000       0x16 /mnt/DOC/MCUXpressoWorkSpace/lpc_chip_175x_6x/Debug/liblpc_chip_175x_6x.a(iocon_17xx_40xx.o)
 .debug_macro   0x0000000000000000       0xca /mnt/DOC/MCUXpressoWorkSpace/lpc_chip_175x_6x/Debug/liblpc_chip_175x_6x.a(iocon_17xx_40xx.o)
 .debug_macro   0x0000000000000000       0x18 /mnt/DOC/MCUXpressoWorkSpace/lpc_chip_175x_6x/Debug/liblpc_chip_175x_6x.a(iocon_17xx_40xx.o)
 .debug_line    0x0000000000000000      0x42c /mnt/DOC/MCUXpressoWorkSpace/lpc_chip_175x_6x/Debug/liblpc_chip_175x_6x.a(iocon_17xx_40xx.o)
 .debug_str     0x0000000000000000    0x10de8 /mnt/DOC/MCUXpressoWorkSpace/lpc_chip_175x_6x/Debug/liblpc_chip_175x_6x.a(iocon_17xx_40xx.o)
 .comment       0x0000000000000000       0x7f /mnt/DOC/MCUXpressoWorkSpace/lpc_chip_175x_6x/Debug/liblpc_chip_175x_6x.a(iocon_17xx_40xx.o)
 .debug_frame   0x0000000000000000       0x80 /mnt/DOC/MCUXpressoWorkSpace/lpc_chip_175x_6x/Debug/liblpc_chip_175x_6x.a(iocon_17xx_40xx.o)
 .ARM.attributes
                0x0000000000000000       0x33 /mnt/DOC/MCUXpressoWorkSpace/lpc_chip_175x_6x/Debug/liblpc_chip_175x_6x.a(iocon_17xx_40xx.o)
 .group         0x0000000000000000        0xc /mnt/DOC/MCUXpressoWorkSpace/lpc_chip_175x_6x/Debug/liblpc_chip_175x_6x.a(sysinit_17xx_40xx.o)
 .group         0x0000000000000000        0xc /mnt/DOC/MCUXpressoWorkSpace/lpc_chip_175x_6x/Debug/liblpc_chip_175x_6x.a(sysinit_17xx_40xx.o)
 .group         0x0000000000000000        0xc /mnt/DOC/MCUXpressoWorkSpace/lpc_chip_175x_6x/Debug/liblpc_chip_175x_6x.a(sysinit_17xx_40xx.o)
 .group         0x0000000000000000        0xc /mnt/DOC/MCUXpressoWorkSpace/lpc_chip_175x_6x/Debug/liblpc_chip_175x_6x.a(sysinit_17xx_40xx.o)
 .group         0x0000000000000000        0xc /mnt/DOC/MCUXpressoWorkSpace/lpc_chip_175x_6x/Debug/liblpc_chip_175x_6x.a(sysinit_17xx_40xx.o)
 .group         0x0000000000000000        0xc /mnt/DOC/MCUXpressoWorkSpace/lpc_chip_175x_6x/Debug/liblpc_chip_175x_6x.a(sysinit_17xx_40xx.o)
 .group         0x0000000000000000        0xc /mnt/DOC/MCUXpressoWorkSpace/lpc_chip_175x_6x/Debug/liblpc_chip_175x_6x.a(sysinit_17xx_40xx.o)
 .group         0x0000000000000000        0xc /mnt/DOC/MCUXpressoWorkSpace/lpc_chip_175x_6x/Debug/liblpc_chip_175x_6x.a(sysinit_17xx_40xx.o)
 .group         0x0000000000000000        0xc /mnt/DOC/MCUXpressoWorkSpace/lpc_chip_175x_6x/Debug/liblpc_chip_175x_6x.a(sysinit_17xx_40xx.o)
 .group         0x0000000000000000        0xc /mnt/DOC/MCUXpressoWorkSpace/lpc_chip_175x_6x/Debug/liblpc_chip_175x_6x.a(sysinit_17xx_40xx.o)
 .group         0x0000000000000000        0xc /mnt/DOC/MCUXpressoWorkSpace/lpc_chip_175x_6x/Debug/liblpc_chip_175x_6x.a(sysinit_17xx_40xx.o)
 .group         0x0000000000000000        0xc /mnt/DOC/MCUXpressoWorkSpace/lpc_chip_175x_6x/Debug/liblpc_chip_175x_6x.a(sysinit_17xx_40xx.o)
 .group         0x0000000000000000        0xc /mnt/DOC/MCUXpressoWorkSpace/lpc_chip_175x_6x/Debug/liblpc_chip_175x_6x.a(sysinit_17xx_40xx.o)
 .group         0x0000000000000000        0xc /mnt/DOC/MCUXpressoWorkSpace/lpc_chip_175x_6x/Debug/liblpc_chip_175x_6x.a(sysinit_17xx_40xx.o)
 .group         0x0000000000000000        0xc /mnt/DOC/MCUXpressoWorkSpace/lpc_chip_175x_6x/Debug/liblpc_chip_175x_6x.a(sysinit_17xx_40xx.o)
 .group         0x0000000000000000        0xc /mnt/DOC/MCUXpressoWorkSpace/lpc_chip_175x_6x/Debug/liblpc_chip_175x_6x.a(sysinit_17xx_40xx.o)
 .group         0x0000000000000000        0xc /mnt/DOC/MCUXpressoWorkSpace/lpc_chip_175x_6x/Debug/liblpc_chip_175x_6x.a(sysinit_17xx_40xx.o)
 .group         0x0000000000000000        0xc /mnt/DOC/MCUXpressoWorkSpace/lpc_chip_175x_6x/Debug/liblpc_chip_175x_6x.a(sysinit_17xx_40xx.o)
 .group         0x0000000000000000        0xc /mnt/DOC/MCUXpressoWorkSpace/lpc_chip_175x_6x/Debug/liblpc_chip_175x_6x.a(sysinit_17xx_40xx.o)
 .group         0x0000000000000000        0xc /mnt/DOC/MCUXpressoWorkSpace/lpc_chip_175x_6x/Debug/liblpc_chip_175x_6x.a(sysinit_17xx_40xx.o)
 .group         0x0000000000000000        0xc /mnt/DOC/MCUXpressoWorkSpace/lpc_chip_175x_6x/Debug/liblpc_chip_175x_6x.a(sysinit_17xx_40xx.o)
 .group         0x0000000000000000        0xc /mnt/DOC/MCUXpressoWorkSpace/lpc_chip_175x_6x/Debug/liblpc_chip_175x_6x.a(sysinit_17xx_40xx.o)
 .group         0x0000000000000000        0xc /mnt/DOC/MCUXpressoWorkSpace/lpc_chip_175x_6x/Debug/liblpc_chip_175x_6x.a(sysinit_17xx_40xx.o)
 .group         0x0000000000000000        0xc /mnt/DOC/MCUXpressoWorkSpace/lpc_chip_175x_6x/Debug/liblpc_chip_175x_6x.a(sysinit_17xx_40xx.o)
 .group         0x0000000000000000        0xc /mnt/DOC/MCUXpressoWorkSpace/lpc_chip_175x_6x/Debug/liblpc_chip_175x_6x.a(sysinit_17xx_40xx.o)
 .group         0x0000000000000000        0xc /mnt/DOC/MCUXpressoWorkSpace/lpc_chip_175x_6x/Debug/liblpc_chip_175x_6x.a(sysinit_17xx_40xx.o)
 .group         0x0000000000000000        0xc /mnt/DOC/MCUXpressoWorkSpace/lpc_chip_175x_6x/Debug/liblpc_chip_175x_6x.a(sysinit_17xx_40xx.o)
 .group         0x0000000000000000        0xc /mnt/DOC/MCUXpressoWorkSpace/lpc_chip_175x_6x/Debug/liblpc_chip_175x_6x.a(sysinit_17xx_40xx.o)
 .group         0x0000000000000000        0xc /mnt/DOC/MCUXpressoWorkSpace/lpc_chip_175x_6x/Debug/liblpc_chip_175x_6x.a(sysinit_17xx_40xx.o)
 .group         0x0000000000000000        0xc /mnt/DOC/MCUXpressoWorkSpace/lpc_chip_175x_6x/Debug/liblpc_chip_175x_6x.a(sysinit_17xx_40xx.o)
 .group         0x0000000000000000        0xc /mnt/DOC/MCUXpressoWorkSpace/lpc_chip_175x_6x/Debug/liblpc_chip_175x_6x.a(sysinit_17xx_40xx.o)
 .group         0x0000000000000000        0xc /mnt/DOC/MCUXpressoWorkSpace/lpc_chip_175x_6x/Debug/liblpc_chip_175x_6x.a(sysinit_17xx_40xx.o)
 .group         0x0000000000000000        0xc /mnt/DOC/MCUXpressoWorkSpace/lpc_chip_175x_6x/Debug/liblpc_chip_175x_6x.a(sysinit_17xx_40xx.o)
 .group         0x0000000000000000        0xc /mnt/DOC/MCUXpressoWorkSpace/lpc_chip_175x_6x/Debug/liblpc_chip_175x_6x.a(sysinit_17xx_40xx.o)
 .group         0x0000000000000000        0xc /mnt/DOC/MCUXpressoWorkSpace/lpc_chip_175x_6x/Debug/liblpc_chip_175x_6x.a(sysinit_17xx_40xx.o)
 .text          0x0000000000000000        0x0 /mnt/DOC/MCUXpressoWorkSpace/lpc_chip_175x_6x/Debug/liblpc_chip_175x_6x.a(sysinit_17xx_40xx.o)
 .data          0x0000000000000000        0x0 /mnt/DOC/MCUXpressoWorkSpace/lpc_chip_175x_6x/Debug/liblpc_chip_175x_6x.a(sysinit_17xx_40xx.o)
 .bss           0x0000000000000000        0x0 /mnt/DOC/MCUXpressoWorkSpace/lpc_chip_175x_6x/Debug/liblpc_chip_175x_6x.a(sysinit_17xx_40xx.o)
 .text.Chip_SetupIrcClocking
                0x0000000000000000       0x6a /mnt/DOC/MCUXpressoWorkSpace/lpc_chip_175x_6x/Debug/liblpc_chip_175x_6x.a(sysinit_17xx_40xx.o)
 .text.Chip_SystemInit
                0x0000000000000000        0xc /mnt/DOC/MCUXpressoWorkSpace/lpc_chip_175x_6x/Debug/liblpc_chip_175x_6x.a(sysinit_17xx_40xx.o)
 .debug_macro   0x0000000000000000      0xa66 /mnt/DOC/MCUXpressoWorkSpace/lpc_chip_175x_6x/Debug/liblpc_chip_175x_6x.a(sysinit_17xx_40xx.o)
 .debug_macro   0x0000000000000000       0x10 /mnt/DOC/MCUXpressoWorkSpace/lpc_chip_175x_6x/Debug/liblpc_chip_175x_6x.a(sysinit_17xx_40xx.o)
 .debug_macro   0x0000000000000000      0x12d /mnt/DOC/MCUXpressoWorkSpace/lpc_chip_175x_6x/Debug/liblpc_chip_175x_6x.a(sysinit_17xx_40xx.o)
 .debug_macro   0x0000000000000000      0x5b2 /mnt/DOC/MCUXpressoWorkSpace/lpc_chip_175x_6x/Debug/liblpc_chip_175x_6x.a(sysinit_17xx_40xx.o)
 .debug_macro   0x0000000000000000       0x22 /mnt/DOC/MCUXpressoWorkSpace/lpc_chip_175x_6x/Debug/liblpc_chip_175x_6x.a(sysinit_17xx_40xx.o)
 .debug_macro   0x0000000000000000       0x7b /mnt/DOC/MCUXpressoWorkSpace/lpc_chip_175x_6x/Debug/liblpc_chip_175x_6x.a(sysinit_17xx_40xx.o)
 .debug_macro   0x0000000000000000       0x10 /mnt/DOC/MCUXpressoWorkSpace/lpc_chip_175x_6x/Debug/liblpc_chip_175x_6x.a(sysinit_17xx_40xx.o)
 .debug_macro   0x0000000000000000       0x2d /mnt/DOC/MCUXpressoWorkSpace/lpc_chip_175x_6x/Debug/liblpc_chip_175x_6x.a(sysinit_17xx_40xx.o)
 .debug_macro   0x0000000000000000       0x3a /mnt/DOC/MCUXpressoWorkSpace/lpc_chip_175x_6x/Debug/liblpc_chip_175x_6x.a(sysinit_17xx_40xx.o)
 .debug_macro   0x0000000000000000       0x2d /mnt/DOC/MCUXpressoWorkSpace/lpc_chip_175x_6x/Debug/liblpc_chip_175x_6x.a(sysinit_17xx_40xx.o)
 .debug_macro   0x0000000000000000      0xbb1 /mnt/DOC/MCUXpressoWorkSpace/lpc_chip_175x_6x/Debug/liblpc_chip_175x_6x.a(sysinit_17xx_40xx.o)
 .debug_macro   0x0000000000000000      0x22c /mnt/DOC/MCUXpressoWorkSpace/lpc_chip_175x_6x/Debug/liblpc_chip_175x_6x.a(sysinit_17xx_40xx.o)
 .debug_macro   0x0000000000000000       0x42 /mnt/DOC/MCUXpressoWorkSpace/lpc_chip_175x_6x/Debug/liblpc_chip_175x_6x.a(sysinit_17xx_40xx.o)
 .debug_macro   0x0000000000000000       0x52 /mnt/DOC/MCUXpressoWorkSpace/lpc_chip_175x_6x/Debug/liblpc_chip_175x_6x.a(sysinit_17xx_40xx.o)
 .debug_macro   0x0000000000000000       0x78 /mnt/DOC/MCUXpressoWorkSpace/lpc_chip_175x_6x/Debug/liblpc_chip_175x_6x.a(sysinit_17xx_40xx.o)
 .debug_macro   0x0000000000000000       0x82 /mnt/DOC/MCUXpressoWorkSpace/lpc_chip_175x_6x/Debug/liblpc_chip_175x_6x.a(sysinit_17xx_40xx.o)
 .debug_macro   0x0000000000000000      0x48c /mnt/DOC/MCUXpressoWorkSpace/lpc_chip_175x_6x/Debug/liblpc_chip_175x_6x.a(sysinit_17xx_40xx.o)
 .debug_macro   0x0000000000000000       0x34 /mnt/DOC/MCUXpressoWorkSpace/lpc_chip_175x_6x/Debug/liblpc_chip_175x_6x.a(sysinit_17xx_40xx.o)
 .debug_macro   0x0000000000000000      0x4c5 /mnt/DOC/MCUXpressoWorkSpace/lpc_chip_175x_6x/Debug/liblpc_chip_175x_6x.a(sysinit_17xx_40xx.o)
 .debug_macro   0x0000000000000000      0x1b7 /mnt/DOC/MCUXpressoWorkSpace/lpc_chip_175x_6x/Debug/liblpc_chip_175x_6x.a(sysinit_17xx_40xx.o)
 .debug_macro   0x0000000000000000       0x10 /mnt/DOC/MCUXpressoWorkSpace/lpc_chip_175x_6x/Debug/liblpc_chip_175x_6x.a(sysinit_17xx_40xx.o)
 .debug_macro   0x0000000000000000      0x21b /mnt/DOC/MCUXpressoWorkSpace/lpc_chip_175x_6x/Debug/liblpc_chip_175x_6x.a(sysinit_17xx_40xx.o)
 .debug_macro   0x0000000000000000      0x1b9 /mnt/DOC/MCUXpressoWorkSpace/lpc_chip_175x_6x/Debug/liblpc_chip_175x_6x.a(sysinit_17xx_40xx.o)
 .debug_macro   0x0000000000000000       0x40 /mnt/DOC/MCUXpressoWorkSpace/lpc_chip_175x_6x/Debug/liblpc_chip_175x_6x.a(sysinit_17xx_40xx.o)
 .debug_macro   0x0000000000000000       0x22 /mnt/DOC/MCUXpressoWorkSpace/lpc_chip_175x_6x/Debug/liblpc_chip_175x_6x.a(sysinit_17xx_40xx.o)
 .debug_macro   0x0000000000000000      0x162 /mnt/DOC/MCUXpressoWorkSpace/lpc_chip_175x_6x/Debug/liblpc_chip_175x_6x.a(sysinit_17xx_40xx.o)
 .debug_macro   0x0000000000000000       0x94 /mnt/DOC/MCUXpressoWorkSpace/lpc_chip_175x_6x/Debug/liblpc_chip_175x_6x.a(sysinit_17xx_40xx.o)
 .debug_macro   0x0000000000000000       0xb8 /mnt/DOC/MCUXpressoWorkSpace/lpc_chip_175x_6x/Debug/liblpc_chip_175x_6x.a(sysinit_17xx_40xx.o)
 .debug_macro   0x0000000000000000       0x4c /mnt/DOC/MCUXpressoWorkSpace/lpc_chip_175x_6x/Debug/liblpc_chip_175x_6x.a(sysinit_17xx_40xx.o)
 .debug_macro   0x0000000000000000       0x16 /mnt/DOC/MCUXpressoWorkSpace/lpc_chip_175x_6x/Debug/liblpc_chip_175x_6x.a(sysinit_17xx_40xx.o)
 .debug_macro   0x0000000000000000      0x328 /mnt/DOC/MCUXpressoWorkSpace/lpc_chip_175x_6x/Debug/liblpc_chip_175x_6x.a(sysinit_17xx_40xx.o)
 .debug_macro   0x0000000000000000       0x49 /mnt/DOC/MCUXpressoWorkSpace/lpc_chip_175x_6x/Debug/liblpc_chip_175x_6x.a(sysinit_17xx_40xx.o)
 .debug_macro   0x0000000000000000       0x16 /mnt/DOC/MCUXpressoWorkSpace/lpc_chip_175x_6x/Debug/liblpc_chip_175x_6x.a(sysinit_17xx_40xx.o)
 .debug_macro   0x0000000000000000       0xca /mnt/DOC/MCUXpressoWorkSpace/lpc_chip_175x_6x/Debug/liblpc_chip_175x_6x.a(sysinit_17xx_40xx.o)
 .debug_macro   0x0000000000000000       0x18 /mnt/DOC/MCUXpressoWorkSpace/lpc_chip_175x_6x/Debug/liblpc_chip_175x_6x.a(sysinit_17xx_40xx.o)
 .group         0x0000000000000000        0xc /mnt/DOC/MCUXpressoWorkSpace/lpc_chip_175x_6x/Debug/liblpc_chip_175x_6x.a(clock_17xx_40xx.o)
 .group         0x0000000000000000        0xc /mnt/DOC/MCUXpressoWorkSpace/lpc_chip_175x_6x/Debug/liblpc_chip_175x_6x.a(clock_17xx_40xx.o)
 .group         0x0000000000000000        0xc /mnt/DOC/MCUXpressoWorkSpace/lpc_chip_175x_6x/Debug/liblpc_chip_175x_6x.a(clock_17xx_40xx.o)
 .group         0x0000000000000000        0xc /mnt/DOC/MCUXpressoWorkSpace/lpc_chip_175x_6x/Debug/liblpc_chip_175x_6x.a(clock_17xx_40xx.o)
 .group         0x0000000000000000        0xc /mnt/DOC/MCUXpressoWorkSpace/lpc_chip_175x_6x/Debug/liblpc_chip_175x_6x.a(clock_17xx_40xx.o)
 .group         0x0000000000000000        0xc /mnt/DOC/MCUXpressoWorkSpace/lpc_chip_175x_6x/Debug/liblpc_chip_175x_6x.a(clock_17xx_40xx.o)
 .group         0x0000000000000000        0xc /mnt/DOC/MCUXpressoWorkSpace/lpc_chip_175x_6x/Debug/liblpc_chip_175x_6x.a(clock_17xx_40xx.o)
 .group         0x0000000000000000        0xc /mnt/DOC/MCUXpressoWorkSpace/lpc_chip_175x_6x/Debug/liblpc_chip_175x_6x.a(clock_17xx_40xx.o)
 .group         0x0000000000000000        0xc /mnt/DOC/MCUXpressoWorkSpace/lpc_chip_175x_6x/Debug/liblpc_chip_175x_6x.a(clock_17xx_40xx.o)
 .group         0x0000000000000000        0xc /mnt/DOC/MCUXpressoWorkSpace/lpc_chip_175x_6x/Debug/liblpc_chip_175x_6x.a(clock_17xx_40xx.o)
 .group         0x0000000000000000        0xc /mnt/DOC/MCUXpressoWorkSpace/lpc_chip_175x_6x/Debug/liblpc_chip_175x_6x.a(clock_17xx_40xx.o)
 .group         0x0000000000000000        0xc /mnt/DOC/MCUXpressoWorkSpace/lpc_chip_175x_6x/Debug/liblpc_chip_175x_6x.a(clock_17xx_40xx.o)
 .group         0x0000000000000000        0xc /mnt/DOC/MCUXpressoWorkSpace/lpc_chip_175x_6x/Debug/liblpc_chip_175x_6x.a(clock_17xx_40xx.o)
 .group         0x0000000000000000        0xc /mnt/DOC/MCUXpressoWorkSpace/lpc_chip_175x_6x/Debug/liblpc_chip_175x_6x.a(clock_17xx_40xx.o)
 .group         0x0000000000000000        0xc /mnt/DOC/MCUXpressoWorkSpace/lpc_chip_175x_6x/Debug/liblpc_chip_175x_6x.a(clock_17xx_40xx.o)
 .group         0x0000000000000000        0xc /mnt/DOC/MCUXpressoWorkSpace/lpc_chip_175x_6x/Debug/liblpc_chip_175x_6x.a(clock_17xx_40xx.o)
 .group         0x0000000000000000        0xc /mnt/DOC/MCUXpressoWorkSpace/lpc_chip_175x_6x/Debug/liblpc_chip_175x_6x.a(clock_17xx_40xx.o)
 .group         0x0000000000000000        0xc /mnt/DOC/MCUXpressoWorkSpace/lpc_chip_175x_6x/Debug/liblpc_chip_175x_6x.a(clock_17xx_40xx.o)
 .group         0x0000000000000000        0xc /mnt/DOC/MCUXpressoWorkSpace/lpc_chip_175x_6x/Debug/liblpc_chip_175x_6x.a(clock_17xx_40xx.o)
 .group         0x0000000000000000        0xc /mnt/DOC/MCUXpressoWorkSpace/lpc_chip_175x_6x/Debug/liblpc_chip_175x_6x.a(clock_17xx_40xx.o)
 .group         0x0000000000000000        0xc /mnt/DOC/MCUXpressoWorkSpace/lpc_chip_175x_6x/Debug/liblpc_chip_175x_6x.a(clock_17xx_40xx.o)
 .group         0x0000000000000000        0xc /mnt/DOC/MCUXpressoWorkSpace/lpc_chip_175x_6x/Debug/liblpc_chip_175x_6x.a(clock_17xx_40xx.o)
 .group         0x0000000000000000        0xc /mnt/DOC/MCUXpressoWorkSpace/lpc_chip_175x_6x/Debug/liblpc_chip_175x_6x.a(clock_17xx_40xx.o)
 .group         0x0000000000000000        0xc /mnt/DOC/MCUXpressoWorkSpace/lpc_chip_175x_6x/Debug/liblpc_chip_175x_6x.a(clock_17xx_40xx.o)
 .group         0x0000000000000000        0xc /mnt/DOC/MCUXpressoWorkSpace/lpc_chip_175x_6x/Debug/liblpc_chip_175x_6x.a(clock_17xx_40xx.o)
 .group         0x0000000000000000        0xc /mnt/DOC/MCUXpressoWorkSpace/lpc_chip_175x_6x/Debug/liblpc_chip_175x_6x.a(clock_17xx_40xx.o)
 .group         0x0000000000000000        0xc /mnt/DOC/MCUXpressoWorkSpace/lpc_chip_175x_6x/Debug/liblpc_chip_175x_6x.a(clock_17xx_40xx.o)
 .group         0x0000000000000000        0xc /mnt/DOC/MCUXpressoWorkSpace/lpc_chip_175x_6x/Debug/liblpc_chip_175x_6x.a(clock_17xx_40xx.o)
 .group         0x0000000000000000        0xc /mnt/DOC/MCUXpressoWorkSpace/lpc_chip_175x_6x/Debug/liblpc_chip_175x_6x.a(clock_17xx_40xx.o)
 .group         0x0000000000000000        0xc /mnt/DOC/MCUXpressoWorkSpace/lpc_chip_175x_6x/Debug/liblpc_chip_175x_6x.a(clock_17xx_40xx.o)
 .group         0x0000000000000000        0xc /mnt/DOC/MCUXpressoWorkSpace/lpc_chip_175x_6x/Debug/liblpc_chip_175x_6x.a(clock_17xx_40xx.o)
 .group         0x0000000000000000        0xc /mnt/DOC/MCUXpressoWorkSpace/lpc_chip_175x_6x/Debug/liblpc_chip_175x_6x.a(clock_17xx_40xx.o)
 .group         0x0000000000000000        0xc /mnt/DOC/MCUXpressoWorkSpace/lpc_chip_175x_6x/Debug/liblpc_chip_175x_6x.a(clock_17xx_40xx.o)
 .group         0x0000000000000000        0xc /mnt/DOC/MCUXpressoWorkSpace/lpc_chip_175x_6x/Debug/liblpc_chip_175x_6x.a(clock_17xx_40xx.o)
 .group         0x0000000000000000        0xc /mnt/DOC/MCUXpressoWorkSpace/lpc_chip_175x_6x/Debug/liblpc_chip_175x_6x.a(clock_17xx_40xx.o)
 .text          0x0000000000000000        0x0 /mnt/DOC/MCUXpressoWorkSpace/lpc_chip_175x_6x/Debug/liblpc_chip_175x_6x.a(clock_17xx_40xx.o)
 .data          0x0000000000000000        0x0 /mnt/DOC/MCUXpressoWorkSpace/lpc_chip_175x_6x/Debug/liblpc_chip_175x_6x.a(clock_17xx_40xx.o)
 .bss           0x0000000000000000        0x0 /mnt/DOC/MCUXpressoWorkSpace/lpc_chip_175x_6x/Debug/liblpc_chip_175x_6x.a(clock_17xx_40xx.o)
 .text.Chip_Clock_IsMainPLLEnabled
                0x0000000000000000       0x24 /mnt/DOC/MCUXpressoWorkSpace/lpc_chip_175x_6x/Debug/liblpc_chip_175x_6x.a(clock_17xx_40xx.o)
 .text.Chip_Clock_IsUSBPLLEnabled
                0x0000000000000000       0x24 /mnt/DOC/MCUXpressoWorkSpace/lpc_chip_175x_6x/Debug/liblpc_chip_175x_6x.a(clock_17xx_40xx.o)
 .text.Chip_Clock_IsMainPLLConnected
                0x0000000000000000       0x24 /mnt/DOC/MCUXpressoWorkSpace/lpc_chip_175x_6x/Debug/liblpc_chip_175x_6x.a(clock_17xx_40xx.o)
 .text.Chip_Clock_IsUSBPLLConnected
                0x0000000000000000       0x24 /mnt/DOC/MCUXpressoWorkSpace/lpc_chip_175x_6x/Debug/liblpc_chip_175x_6x.a(clock_17xx_40xx.o)
 .text.Chip_Clock_GetMainPLLSource
                0x0000000000000000       0x20 /mnt/DOC/MCUXpressoWorkSpace/lpc_chip_175x_6x/Debug/liblpc_chip_175x_6x.a(clock_17xx_40xx.o)
 .text.Chip_Clock_GetMainOscRate
                0x0000000000000000       0x14 /mnt/DOC/MCUXpressoWorkSpace/lpc_chip_175x_6x/Debug/liblpc_chip_175x_6x.a(clock_17xx_40xx.o)
 .text.Chip_Clock_GetIntOscRate
                0x0000000000000000       0x14 /mnt/DOC/MCUXpressoWorkSpace/lpc_chip_175x_6x/Debug/liblpc_chip_175x_6x.a(clock_17xx_40xx.o)
 .text.Chip_Clock_GetRTCOscRate
                0x0000000000000000       0x14 /mnt/DOC/MCUXpressoWorkSpace/lpc_chip_175x_6x/Debug/liblpc_chip_175x_6x.a(clock_17xx_40xx.o)
 .text.Chip_Clock_GetMainPLLInClockRate
                0x0000000000000000        0xe /mnt/DOC/MCUXpressoWorkSpace/lpc_chip_175x_6x/Debug/liblpc_chip_175x_6x.a(clock_17xx_40xx.o)
 .text.Chip_Clock_GetUSBPLLInClockRate
                0x0000000000000000        0xe /mnt/DOC/MCUXpressoWorkSpace/lpc_chip_175x_6x/Debug/liblpc_chip_175x_6x.a(clock_17xx_40xx.o)
 .text.Chip_Clock_EnablePeriphClock
                0x0000000000000000       0x34 /mnt/DOC/MCUXpressoWorkSpace/lpc_chip_175x_6x/Debug/liblpc_chip_175x_6x.a(clock_17xx_40xx.o)
 .text.Chip_Clock_DisablePeriphClock
                0x0000000000000000       0x38 /mnt/DOC/MCUXpressoWorkSpace/lpc_chip_175x_6x/Debug/liblpc_chip_175x_6x.a(clock_17xx_40xx.o)
 .text.Chip_Clock_IsPeripheralClockEnabled
                0x0000000000000000       0x3c /mnt/DOC/MCUXpressoWorkSpace/lpc_chip_175x_6x/Debug/liblpc_chip_175x_6x.a(clock_17xx_40xx.o)
 .text.Chip_Clock_SetCPUClockSource
                0x0000000000000000       0x2a /mnt/DOC/MCUXpressoWorkSpace/lpc_chip_175x_6x/Debug/liblpc_chip_175x_6x.a(clock_17xx_40xx.o)
 .text.Chip_Clock_GetCPUClockSource
                0x0000000000000000       0x24 /mnt/DOC/MCUXpressoWorkSpace/lpc_chip_175x_6x/Debug/liblpc_chip_175x_6x.a(clock_17xx_40xx.o)
 .text.Chip_Clock_GetCPUClockDiv
                0x0000000000000000       0x1c /mnt/DOC/MCUXpressoWorkSpace/lpc_chip_175x_6x/Debug/liblpc_chip_175x_6x.a(clock_17xx_40xx.o)
 .text.Chip_Clock_SetUSBClockDiv
                0x0000000000000000       0x30 /mnt/DOC/MCUXpressoWorkSpace/lpc_chip_175x_6x/Debug/liblpc_chip_175x_6x.a(clock_17xx_40xx.o)
 .text.Chip_Clock_GetUSBClockDiv
                0x0000000000000000       0x1c /mnt/DOC/MCUXpressoWorkSpace/lpc_chip_175x_6x/Debug/liblpc_chip_175x_6x.a(clock_17xx_40xx.o)
 .text.Chip_Clock_SetPCLKDiv
                0x0000000000000000       0x64 /mnt/DOC/MCUXpressoWorkSpace/lpc_chip_175x_6x/Debug/liblpc_chip_175x_6x.a(clock_17xx_40xx.o)
 .text.Chip_Clock_GetPCLKDiv
                0x0000000000000000       0x8c /mnt/DOC/MCUXpressoWorkSpace/lpc_chip_175x_6x/Debug/liblpc_chip_175x_6x.a(clock_17xx_40xx.o)
 .text.Chip_Clock_SetCLKOUTSource
                0x0000000000000000       0x44 /mnt/DOC/MCUXpressoWorkSpace/lpc_chip_175x_6x/Debug/liblpc_chip_175x_6x.a(clock_17xx_40xx.o)
 .text.Chip_Clock_GetSYSCLKRate
                0x0000000000000000       0x34 /mnt/DOC/MCUXpressoWorkSpace/lpc_chip_175x_6x/Debug/liblpc_chip_175x_6x.a(clock_17xx_40xx.o)
 .text.Chip_Clock_GetMainPLLOutClockRate
                0x0000000000000000       0x54 /mnt/DOC/MCUXpressoWorkSpace/lpc_chip_175x_6x/Debug/liblpc_chip_175x_6x.a(clock_17xx_40xx.o)
 .text.Chip_Clock_GetUSBPLLOutClockRate
                0x0000000000000000       0x40 /mnt/DOC/MCUXpressoWorkSpace/lpc_chip_175x_6x/Debug/liblpc_chip_175x_6x.a(clock_17xx_40xx.o)
 .text.Chip_Clock_GetMainClockRate
                0x0000000000000000       0x28 /mnt/DOC/MCUXpressoWorkSpace/lpc_chip_175x_6x/Debug/liblpc_chip_175x_6x.a(clock_17xx_40xx.o)
 .text.Chip_Clock_GetSystemClockRate
                0x0000000000000000       0x18 /mnt/DOC/MCUXpressoWorkSpace/lpc_chip_175x_6x/Debug/liblpc_chip_175x_6x.a(clock_17xx_40xx.o)
 .text.Chip_Clock_GetUSBClockRate
                0x0000000000000000       0x38 /mnt/DOC/MCUXpressoWorkSpace/lpc_chip_175x_6x/Debug/liblpc_chip_175x_6x.a(clock_17xx_40xx.o)
 .text.Chip_Clock_GetPeripheralClockRate
                0x0000000000000000       0x26 /mnt/DOC/MCUXpressoWorkSpace/lpc_chip_175x_6x/Debug/liblpc_chip_175x_6x.a(clock_17xx_40xx.o)
 .debug_macro   0x0000000000000000      0xa66 /mnt/DOC/MCUXpressoWorkSpace/lpc_chip_175x_6x/Debug/liblpc_chip_175x_6x.a(clock_17xx_40xx.o)
 .debug_macro   0x0000000000000000       0x10 /mnt/DOC/MCUXpressoWorkSpace/lpc_chip_175x_6x/Debug/liblpc_chip_175x_6x.a(clock_17xx_40xx.o)
 .debug_macro   0x0000000000000000      0x12d /mnt/DOC/MCUXpressoWorkSpace/lpc_chip_175x_6x/Debug/liblpc_chip_175x_6x.a(clock_17xx_40xx.o)
 .debug_macro   0x0000000000000000      0x5b2 /mnt/DOC/MCUXpressoWorkSpace/lpc_chip_175x_6x/Debug/liblpc_chip_175x_6x.a(clock_17xx_40xx.o)
 .debug_macro   0x0000000000000000       0x22 /mnt/DOC/MCUXpressoWorkSpace/lpc_chip_175x_6x/Debug/liblpc_chip_175x_6x.a(clock_17xx_40xx.o)
 .debug_macro   0x0000000000000000       0x7b /mnt/DOC/MCUXpressoWorkSpace/lpc_chip_175x_6x/Debug/liblpc_chip_175x_6x.a(clock_17xx_40xx.o)
 .debug_macro   0x0000000000000000       0x10 /mnt/DOC/MCUXpressoWorkSpace/lpc_chip_175x_6x/Debug/liblpc_chip_175x_6x.a(clock_17xx_40xx.o)
 .debug_macro   0x0000000000000000       0x2d /mnt/DOC/MCUXpressoWorkSpace/lpc_chip_175x_6x/Debug/liblpc_chip_175x_6x.a(clock_17xx_40xx.o)
 .debug_macro   0x0000000000000000       0x3a /mnt/DOC/MCUXpressoWorkSpace/lpc_chip_175x_6x/Debug/liblpc_chip_175x_6x.a(clock_17xx_40xx.o)
 .debug_macro   0x0000000000000000       0x2d /mnt/DOC/MCUXpressoWorkSpace/lpc_chip_175x_6x/Debug/liblpc_chip_175x_6x.a(clock_17xx_40xx.o)
 .debug_macro   0x0000000000000000      0xbb1 /mnt/DOC/MCUXpressoWorkSpace/lpc_chip_175x_6x/Debug/liblpc_chip_175x_6x.a(clock_17xx_40xx.o)
 .debug_macro   0x0000000000000000      0x22c /mnt/DOC/MCUXpressoWorkSpace/lpc_chip_175x_6x/Debug/liblpc_chip_175x_6x.a(clock_17xx_40xx.o)
 .debug_macro   0x0000000000000000       0x42 /mnt/DOC/MCUXpressoWorkSpace/lpc_chip_175x_6x/Debug/liblpc_chip_175x_6x.a(clock_17xx_40xx.o)
 .debug_macro   0x0000000000000000       0x52 /mnt/DOC/MCUXpressoWorkSpace/lpc_chip_175x_6x/Debug/liblpc_chip_175x_6x.a(clock_17xx_40xx.o)
 .debug_macro   0x0000000000000000       0x78 /mnt/DOC/MCUXpressoWorkSpace/lpc_chip_175x_6x/Debug/liblpc_chip_175x_6x.a(clock_17xx_40xx.o)
 .debug_macro   0x0000000000000000       0x82 /mnt/DOC/MCUXpressoWorkSpace/lpc_chip_175x_6x/Debug/liblpc_chip_175x_6x.a(clock_17xx_40xx.o)
 .debug_macro   0x0000000000000000      0x48c /mnt/DOC/MCUXpressoWorkSpace/lpc_chip_175x_6x/Debug/liblpc_chip_175x_6x.a(clock_17xx_40xx.o)
 .debug_macro   0x0000000000000000       0x34 /mnt/DOC/MCUXpressoWorkSpace/lpc_chip_175x_6x/Debug/liblpc_chip_175x_6x.a(clock_17xx_40xx.o)
 .debug_macro   0x0000000000000000      0x4c5 /mnt/DOC/MCUXpressoWorkSpace/lpc_chip_175x_6x/Debug/liblpc_chip_175x_6x.a(clock_17xx_40xx.o)
 .debug_macro   0x0000000000000000      0x1b7 /mnt/DOC/MCUXpressoWorkSpace/lpc_chip_175x_6x/Debug/liblpc_chip_175x_6x.a(clock_17xx_40xx.o)
 .debug_macro   0x0000000000000000       0x10 /mnt/DOC/MCUXpressoWorkSpace/lpc_chip_175x_6x/Debug/liblpc_chip_175x_6x.a(clock_17xx_40xx.o)
 .debug_macro   0x0000000000000000      0x21b /mnt/DOC/MCUXpressoWorkSpace/lpc_chip_175x_6x/Debug/liblpc_chip_175x_6x.a(clock_17xx_40xx.o)
 .debug_macro   0x0000000000000000      0x1b9 /mnt/DOC/MCUXpressoWorkSpace/lpc_chip_175x_6x/Debug/liblpc_chip_175x_6x.a(clock_17xx_40xx.o)
 .debug_macro   0x0000000000000000       0x40 /mnt/DOC/MCUXpressoWorkSpace/lpc_chip_175x_6x/Debug/liblpc_chip_175x_6x.a(clock_17xx_40xx.o)
 .debug_macro   0x0000000000000000       0x22 /mnt/DOC/MCUXpressoWorkSpace/lpc_chip_175x_6x/Debug/liblpc_chip_175x_6x.a(clock_17xx_40xx.o)
 .debug_macro   0x0000000000000000      0x162 /mnt/DOC/MCUXpressoWorkSpace/lpc_chip_175x_6x/Debug/liblpc_chip_175x_6x.a(clock_17xx_40xx.o)
 .debug_macro   0x0000000000000000       0x94 /mnt/DOC/MCUXpressoWorkSpace/lpc_chip_175x_6x/Debug/liblpc_chip_175x_6x.a(clock_17xx_40xx.o)
 .debug_macro   0x0000000000000000       0xb8 /mnt/DOC/MCUXpressoWorkSpace/lpc_chip_175x_6x/Debug/liblpc_chip_175x_6x.a(clock_17xx_40xx.o)
 .debug_macro   0x0000000000000000       0x4c /mnt/DOC/MCUXpressoWorkSpace/lpc_chip_175x_6x/Debug/liblpc_chip_175x_6x.a(clock_17xx_40xx.o)
 .debug_macro   0x0000000000000000       0x16 /mnt/DOC/MCUXpressoWorkSpace/lpc_chip_175x_6x/Debug/liblpc_chip_175x_6x.a(clock_17xx_40xx.o)
 .debug_macro   0x0000000000000000      0x328 /mnt/DOC/MCUXpressoWorkSpace/lpc_chip_175x_6x/Debug/liblpc_chip_175x_6x.a(clock_17xx_40xx.o)
 .debug_macro   0x0000000000000000       0x49 /mnt/DOC/MCUXpressoWorkSpace/lpc_chip_175x_6x/Debug/liblpc_chip_175x_6x.a(clock_17xx_40xx.o)
 .debug_macro   0x0000000000000000       0x16 /mnt/DOC/MCUXpressoWorkSpace/lpc_chip_175x_6x/Debug/liblpc_chip_175x_6x.a(clock_17xx_40xx.o)
 .debug_macro   0x0000000000000000       0xca /mnt/DOC/MCUXpressoWorkSpace/lpc_chip_175x_6x/Debug/liblpc_chip_175x_6x.a(clock_17xx_40xx.o)
 .debug_macro   0x0000000000000000       0x18 /mnt/DOC/MCUXpressoWorkSpace/lpc_chip_175x_6x/Debug/liblpc_chip_175x_6x.a(clock_17xx_40xx.o)
 .text          0x0000000000000000        0x0 /usr/local/mcuxpressoide-10.2.0_759/ide/tools/bin/../lib/gcc/arm-none-eabi/7.2.1/../../../../arm-none-eabi/lib/thumb/v7-m/libcr_c.a(__weak__main.o)
 .data          0x0000000000000000        0x0 /usr/local/mcuxpressoide-10.2.0_759/ide/tools/bin/../lib/gcc/arm-none-eabi/7.2.1/../../../../arm-none-eabi/lib/thumb/v7-m/libcr_c.a(__weak__main.o)
 .bss           0x0000000000000000        0x0 /usr/local/mcuxpressoide-10.2.0_759/ide/tools/bin/../lib/gcc/arm-none-eabi/7.2.1/../../../../arm-none-eabi/lib/thumb/v7-m/libcr_c.a(__weak__main.o)

Memory Configuration

Name             Origin             Length             Attributes
MFlash512        0x0000000000000000 0x0000000000080000 xr
RamLoc32         0x0000000010000000 0x0000000000008000 xrw
RamAHB32         0x000000002007c000 0x0000000000008000 xrw
*default*        0x0000000000000000 0xffffffffffffffff

Linker script and memory map

LOAD ./src/cr_startup_lpc175x_6x.o
LOAD ./src/lpc1769.o
LOAD ./src/sysinit.o
LOAD /mnt/DOC/MCUXpressoWorkSpace/lpc_board_nxp_lpcxpresso_1769/Debug/liblpc_board_nxp_lpcxpresso_1769.a
LOAD /mnt/DOC/MCUXpressoWorkSpace/lpc_chip_175x_6x/Debug/liblpc_chip_175x_6x.a
START GROUP
LOAD /usr/local/mcuxpressoide-10.2.0_759/ide/tools/bin/../lib/gcc/arm-none-eabi/7.2.1/../../../../arm-none-eabi/lib/thumb/v7-m/libcr_c.a
LOAD /usr/local/mcuxpressoide-10.2.0_759/ide/tools/bin/../lib/gcc/arm-none-eabi/7.2.1/thumb/v7-m/libcr_eabihelpers.a
END GROUP
                0x0000000000000000                __base_MFlash512 = 0x0
                0x0000000000000000                __base_Flash = 0x0
                0x0000000000080000                __top_MFlash512 = 0x80000
                0x0000000000080000                __top_Flash = 0x80000
                0x0000000010000000                __base_RamLoc32 = 0x10000000
                0x0000000010000000                __base_RAM = 0x10000000
                0x0000000010008000                __top_RamLoc32 = 0x10008000
                0x0000000010008000                __top_RAM = 0x10008000
                0x000000002007c000                __base_RamAHB32 = 0x2007c000
                0x000000002007c000                __base_RAM2 = 0x2007c000
                0x0000000020084000                __top_RamAHB32 = 0x20084000
                0x0000000020084000                __top_RAM2 = 0x20084000

.text           0x0000000000000000      0x554
 FILL mask 0xff
                0x0000000000000000                __vectors_start__ = ABSOLUTE (.)
 *(.isr_vector)
 .isr_vector    0x0000000000000000       0xcc ./src/cr_startup_lpc175x_6x.o
                0x0000000000000000                g_pfnVectors
                0x00000000000000cc                . = ALIGN (0x4)
                0x00000000000000cc                __section_table_start = .
                0x00000000000000cc                __data_section_table = .
                0x00000000000000cc        0x4 LONG 0x554 LOADADDR (.data)
                0x00000000000000d0        0x4 LONG 0x10000000 ADDR (.data)
                0x00000000000000d4        0x4 LONG 0x0 SIZEOF (.data)
                0x00000000000000d8        0x4 LONG 0x554 LOADADDR (.data_RAM2)
                0x00000000000000dc        0x4 LONG 0x2007c000 ADDR (.data_RAM2)
                0x00000000000000e0        0x4 LONG 0x0 SIZEOF (.data_RAM2)
                0x00000000000000e4                __data_section_table_end = .
                0x00000000000000e4                __bss_section_table = .
                0x00000000000000e4        0x4 LONG 0x10000000 ADDR (.bss)
                0x00000000000000e8        0x4 LONG 0x0 SIZEOF (.bss)
                0x00000000000000ec        0x4 LONG 0x2007c000 ADDR (.bss_RAM2)
                0x00000000000000f0        0x4 LONG 0x0 SIZEOF (.bss_RAM2)
                0x00000000000000f4                __bss_section_table_end = .
                0x00000000000000f4                __section_table_end = .
 *(.after_vectors*)
 .after_vectors
                0x00000000000000f4      0x12c ./src/cr_startup_lpc175x_6x.o
                0x00000000000000f4                data_init
                0x0000000000000136                bss_init
                0x000000000000016c                ResetISR
                0x00000000000001e4                NMI_Handler
                0x00000000000001ea                HardFault_Handler
                0x00000000000001f0                MemManage_Handler
                0x00000000000001f6                BusFault_Handler
                0x00000000000001fc                UsageFault_Handler
                0x0000000000000202                SVC_Handler
                0x0000000000000208                DebugMon_Handler
                0x000000000000020e                PendSV_Handler
                0x0000000000000214                SysTick_Handler
                0x000000000000021a                TIMER2_IRQHandler
                0x000000000000021a                RIT_IRQHandler
                0x000000000000021a                I2C0_IRQHandler
                0x000000000000021a                USBActivity_IRQHandler
                0x000000000000021a                PWM1_IRQHandler
                0x000000000000021a                I2C1_IRQHandler
                0x000000000000021a                EINT2_IRQHandler
                0x000000000000021a                UART1_IRQHandler
                0x000000000000021a                EINT3_IRQHandler
                0x000000000000021a                CANActivity_IRQHandler
                0x000000000000021a                TIMER3_IRQHandler
                0x000000000000021a                UART0_IRQHandler
                0x000000000000021a                IntDefaultHandler
                0x000000000000021a                PLL0_IRQHandler
                0x000000000000021a                CAN_IRQHandler
                0x000000000000021a                PLL1_IRQHandler
                0x000000000000021a                SSP0_IRQHandler
                0x000000000000021a                I2S_IRQHandler
                0x000000000000021a                I2C2_IRQHandler
                0x000000000000021a                RTC_IRQHandler
                0x000000000000021a                TIMER0_IRQHandler
                0x000000000000021a                SPI_IRQHandler
                0x000000000000021a                EINT1_IRQHandler
                0x000000000000021a                TIMER1_IRQHandler
                0x000000000000021a                UART2_IRQHandler
                0x000000000000021a                ADC_IRQHandler
                0x000000000000021a                SSP1_IRQHandler
                0x000000000000021a                USB_IRQHandler
                0x000000000000021a                BOD_IRQHandler
                0x000000000000021a                WDT_IRQHandler
                0x000000000000021a                QEI_IRQHandler
                0x000000000000021a                EINT0_IRQHandler
                0x000000000000021a                ETH_IRQHandler
                0x000000000000021a                DMA_IRQHandler
                0x000000000000021a                UART3_IRQHandler
                0x000000000000021a                MCPWM_IRQHandler
 *(.text*)
 .text.main     0x0000000000000220       0x2c ./src/lpc1769.o
                0x0000000000000220                main
 .text.SystemInit
                0x000000000000024c       0x24 ./src/sysinit.o
                0x000000000000024c                SystemInit
 .text.Chip_SYSCTL_SetFLASHAccess
                0x0000000000000270       0x30 /mnt/DOC/MCUXpressoWorkSpace/lpc_board_nxp_lpcxpresso_1769/Debug/liblpc_board_nxp_lpcxpresso_1769.a(board_sysinit.o)
 .text.Board_SetupClocking
                0x00000000000002a0       0x12 /mnt/DOC/MCUXpressoWorkSpace/lpc_board_nxp_lpcxpresso_1769/Debug/liblpc_board_nxp_lpcxpresso_1769.a(board_sysinit.o)
                0x00000000000002a0                Board_SetupClocking
 *fill*         0x00000000000002b2        0x2 ff
 .text.Chip_Clock_IsMainPLLEnabled
                0x00000000000002b4       0x24 /mnt/DOC/MCUXpressoWorkSpace/lpc_chip_175x_6x/Debug/liblpc_chip_175x_6x.a(sysinit_17xx_40xx.o)
 .text.Chip_Clock_IsMainPLLLocked
                0x00000000000002d8       0x24 /mnt/DOC/MCUXpressoWorkSpace/lpc_chip_175x_6x/Debug/liblpc_chip_175x_6x.a(sysinit_17xx_40xx.o)
 .text.Chip_Clock_IsMainPLLConnected
                0x00000000000002fc       0x24 /mnt/DOC/MCUXpressoWorkSpace/lpc_chip_175x_6x/Debug/liblpc_chip_175x_6x.a(sysinit_17xx_40xx.o)
 .text.Chip_Clock_EnableCrystal
                0x0000000000000320       0x20 /mnt/DOC/MCUXpressoWorkSpace/lpc_chip_175x_6x/Debug/liblpc_chip_175x_6x.a(sysinit_17xx_40xx.o)
 .text.Chip_Clock_IsCrystalEnabled
                0x0000000000000340       0x24 /mnt/DOC/MCUXpressoWorkSpace/lpc_chip_175x_6x/Debug/liblpc_chip_175x_6x.a(sysinit_17xx_40xx.o)
 .text.Chip_Clock_SetMainPLLSource
                0x0000000000000364       0x20 /mnt/DOC/MCUXpressoWorkSpace/lpc_chip_175x_6x/Debug/liblpc_chip_175x_6x.a(sysinit_17xx_40xx.o)
 .text.Chip_SetupXtalClocking
                0x0000000000000384       0x90 /mnt/DOC/MCUXpressoWorkSpace/lpc_chip_175x_6x/Debug/liblpc_chip_175x_6x.a(sysinit_17xx_40xx.o)
                0x0000000000000384                Chip_SetupXtalClocking
 .text.Chip_Clock_FeedPLL
                0x0000000000000414       0x34 /mnt/DOC/MCUXpressoWorkSpace/lpc_chip_175x_6x/Debug/liblpc_chip_175x_6x.a(clock_17xx_40xx.o)
 .text.Chip_Clock_EnablePLL
                0x0000000000000448       0x44 /mnt/DOC/MCUXpressoWorkSpace/lpc_chip_175x_6x/Debug/liblpc_chip_175x_6x.a(clock_17xx_40xx.o)
                0x0000000000000448                Chip_Clock_EnablePLL
 .text.Chip_Clock_DisablePLL
                0x000000000000048c       0x48 /mnt/DOC/MCUXpressoWorkSpace/lpc_chip_175x_6x/Debug/liblpc_chip_175x_6x.a(clock_17xx_40xx.o)
                0x000000000000048c                Chip_Clock_DisablePLL
 .text.Chip_Clock_SetupPLL
                0x00000000000004d4       0x5c /mnt/DOC/MCUXpressoWorkSpace/lpc_chip_175x_6x/Debug/liblpc_chip_175x_6x.a(clock_17xx_40xx.o)
                0x00000000000004d4                Chip_Clock_SetupPLL
 .text.Chip_Clock_SetCPUClockDiv
                0x0000000000000530       0x20 /mnt/DOC/MCUXpressoWorkSpace/lpc_chip_175x_6x/Debug/liblpc_chip_175x_6x.a(clock_17xx_40xx.o)
                0x0000000000000530                Chip_Clock_SetCPUClockDiv
 .text.__weak_main
                0x0000000000000550        0x4 /usr/local/mcuxpressoide-10.2.0_759/ide/tools/bin/../lib/gcc/arm-none-eabi/7.2.1/../../../../arm-none-eabi/lib/thumb/v7-m/libcr_c.a(__weak__main.o)
                0x0000000000000550                __main
                0x0000000000000550                __weak_main
 *(.rodata .rodata.* .constdata .constdata.*)
                0x0000000000000554                . = ALIGN (0x4)

.glue_7         0x0000000000000554        0x0
 .glue_7        0x0000000000000554        0x0 linker stubs

.glue_7t        0x0000000000000554        0x0
 .glue_7t       0x0000000000000554        0x0 linker stubs

.vfp11_veneer   0x0000000000000554        0x0
 .vfp11_veneer  0x0000000000000554        0x0 linker stubs

.v4_bx          0x0000000000000554        0x0
 .v4_bx         0x0000000000000554        0x0 linker stubs

.iplt           0x0000000000000554        0x0
 .iplt          0x0000000000000554        0x0 ./src/cr_startup_lpc175x_6x.o

.rel.dyn        0x0000000000000554        0x0
 .rel.iplt      0x0000000000000554        0x0 ./src/cr_startup_lpc175x_6x.o

.ARM.extab
 *(.ARM.extab* .gnu.linkonce.armextab.*)
                0x0000000000000554                __exidx_start = .

.ARM.exidx
 *(.ARM.exidx* .gnu.linkonce.armexidx.*)
                0x0000000000000554                __exidx_end = .
                0x0000000000000554                _etext = .

.data_RAM2      0x000000002007c000        0x0 load address 0x0000000000000554
 FILL mask 0xff
                [!provide]                        PROVIDE (__start_data_RAM2, .)
 *(.ramfunc.$RAM2)
 *(.ramfunc.$RamAHB32)
 *(.data.$RAM2*)
 *(.data.$RamAHB32*)
                0x000000002007c000                . = ALIGN (0x4)
                [!provide]                        PROVIDE (__end_data_RAM2, .)

.uninit_RESERVED
                0x0000000010000000        0x0
 *(.bss.$RESERVED*)
                0x0000000010000000                . = ALIGN (0x4)
                0x0000000010000000                _end_uninit_RESERVED = .

.data           0x0000000010000000        0x0 load address 0x0000000000000554
 FILL mask 0xff
                0x0000000010000000                _data = .
 *(vtable)
 *(.ramfunc*)
 *(.data*)
                0x0000000010000000                . = ALIGN (0x4)
                0x0000000010000000                _edata = .

.igot.plt       0x0000000010000000        0x0 load address 0x0000000000000554
 .igot.plt      0x0000000010000000        0x0 ./src/cr_startup_lpc175x_6x.o

.bss_RAM2       0x000000002007c000        0x0
                [!provide]                        PROVIDE (__start_bss_RAM2, .)
 *(.bss.$RAM2*)
 *(.bss.$RamAHB32*)
                0x000000002007c000                . = ALIGN ((. != 0x0)?0x4:0x1)
                [!provide]                        PROVIDE (__end_bss_RAM2, .)

.bss            0x0000000010000000        0x0
                0x0000000010000000                _bss = .
 *(.bss*)
 *(COMMON)
                0x0000000010000000                . = ALIGN (0x4)
                0x0000000010000000                _ebss = .
                [!provide]                        PROVIDE (end, .)

.noinit_RAM2    0x000000002007c000        0x0
 *(.noinit.$RAM2*)
 *(.noinit.$RamAHB32*)
                0x000000002007c000                . = ALIGN (0x4)

.noinit         0x0000000010000000        0x0
                0x0000000010000000                _noinit = .
 *(.noinit*)
                0x0000000010000000                . = ALIGN (0x4)
                0x0000000010000000                _end_noinit = .
                [!provide]                        PROVIDE (_pvHeapStart, DEFINED (__user_heap_base)?__user_heap_base:.)
                0x0000000010008000                PROVIDE (_vStackTop, DEFINED (__user_stack_top)?__user_stack_top:(__top_RamLoc32 - 0x0))
                [!provide]                        PROVIDE (__valid_user_code_checksum, (0x0 - ((((((_vStackTop + (ResetISR + 0x1)) + (NMI_Handler + 0x1)) + (HardFault_Handler + 0x1)) + (DEFINED (MemManage_Handler)?MemManage_Handler:0x0 + 0x1)) + (DEFINED (BusFault_Handler)?BusFault_Handler:0x0 + 0x1)) + (DEFINED (UsageFault_Handler)?UsageFault_Handler:0x0 + 0x1))))
                0x0000000000000000                _image_start = LOADADDR (.text)
                0x0000000000000554                _image_end = (LOADADDR (.data) + SIZEOF (.data))
                0x0000000000000554                _image_size = (_image_end - _image_start)
OUTPUT(lpc1769.axf elf32-littlearm)

.debug_info     0x0000000000000000     0x1b9d
 .debug_info    0x0000000000000000      0x24c ./src/cr_startup_lpc175x_6x.o
 .debug_info    0x000000000000024c       0x46 ./src/lpc1769.o
 .debug_info    0x0000000000000292      0x232 ./src/sysinit.o
 .debug_info    0x00000000000004c4      0x6c3 /mnt/DOC/MCUXpressoWorkSpace/lpc_board_nxp_lpcxpresso_1769/Debug/liblpc_board_nxp_lpcxpresso_1769.a(board_sysinit.o)
 .debug_info    0x0000000000000b87      0x474 /mnt/DOC/MCUXpressoWorkSpace/lpc_chip_175x_6x/Debug/liblpc_chip_175x_6x.a(sysinit_17xx_40xx.o)
 .debug_info    0x0000000000000ffb      0xba2 /mnt/DOC/MCUXpressoWorkSpace/lpc_chip_175x_6x/Debug/liblpc_chip_175x_6x.a(clock_17xx_40xx.o)

.debug_abbrev   0x0000000000000000      0x824
 .debug_abbrev  0x0000000000000000       0xf4 ./src/cr_startup_lpc175x_6x.o
 .debug_abbrev  0x00000000000000f4       0x3c ./src/lpc1769.o
 .debug_abbrev  0x0000000000000130       0xdd ./src/sysinit.o
 .debug_abbrev  0x000000000000020d      0x180 /mnt/DOC/MCUXpressoWorkSpace/lpc_board_nxp_lpcxpresso_1769/Debug/liblpc_board_nxp_lpcxpresso_1769.a(board_sysinit.o)
 .debug_abbrev  0x000000000000038d      0x18e /mnt/DOC/MCUXpressoWorkSpace/lpc_chip_175x_6x/Debug/liblpc_chip_175x_6x.a(sysinit_17xx_40xx.o)
 .debug_abbrev  0x000000000000051b      0x309 /mnt/DOC/MCUXpressoWorkSpace/lpc_chip_175x_6x/Debug/liblpc_chip_175x_6x.a(clock_17xx_40xx.o)

.debug_aranges  0x0000000000000000      0x278
 .debug_aranges
                0x0000000000000000       0x80 ./src/cr_startup_lpc175x_6x.o
 .debug_aranges
                0x0000000000000080       0x20 ./src/lpc1769.o
 .debug_aranges
                0x00000000000000a0       0x20 ./src/sysinit.o
 .debug_aranges
                0x00000000000000c0       0x38 /mnt/DOC/MCUXpressoWorkSpace/lpc_board_nxp_lpcxpresso_1769/Debug/liblpc_board_nxp_lpcxpresso_1769.a(board_sysinit.o)
 .debug_aranges
                0x00000000000000f8       0x60 /mnt/DOC/MCUXpressoWorkSpace/lpc_chip_175x_6x/Debug/liblpc_chip_175x_6x.a(sysinit_17xx_40xx.o)
 .debug_aranges
                0x0000000000000158      0x120 /mnt/DOC/MCUXpressoWorkSpace/lpc_chip_175x_6x/Debug/liblpc_chip_175x_6x.a(clock_17xx_40xx.o)

.debug_ranges   0x0000000000000000      0x218
 .debug_ranges  0x0000000000000000       0x70 ./src/cr_startup_lpc175x_6x.o
 .debug_ranges  0x0000000000000070       0x10 ./src/lpc1769.o
 .debug_ranges  0x0000000000000080       0x10 ./src/sysinit.o
 .debug_ranges  0x0000000000000090       0x28 /mnt/DOC/MCUXpressoWorkSpace/lpc_board_nxp_lpcxpresso_1769/Debug/liblpc_board_nxp_lpcxpresso_1769.a(board_sysinit.o)
 .debug_ranges  0x00000000000000b8       0x50 /mnt/DOC/MCUXpressoWorkSpace/lpc_chip_175x_6x/Debug/liblpc_chip_175x_6x.a(sysinit_17xx_40xx.o)
 .debug_ranges  0x0000000000000108      0x110 /mnt/DOC/MCUXpressoWorkSpace/lpc_chip_175x_6x/Debug/liblpc_chip_175x_6x.a(clock_17xx_40xx.o)

.debug_macro    0x0000000000000000     0x4cc2
 .debug_macro   0x0000000000000000       0x1d ./src/cr_startup_lpc175x_6x.o
 .debug_macro   0x000000000000001d      0xa6c ./src/cr_startup_lpc175x_6x.o
 .debug_macro   0x0000000000000a89       0x23 ./src/lpc1769.o
 .debug_macro   0x0000000000000aac      0x217 ./src/sysinit.o
 .debug_macro   0x0000000000000cc3       0x10 ./src/sysinit.o
 .debug_macro   0x0000000000000cd3      0x12d ./src/sysinit.o
 .debug_macro   0x0000000000000e00      0x5b2 ./src/sysinit.o
 .debug_macro   0x00000000000013b2       0x22 ./src/sysinit.o
 .debug_macro   0x00000000000013d4       0x7b ./src/sysinit.o
 .debug_macro   0x000000000000144f       0x10 ./src/sysinit.o
 .debug_macro   0x000000000000145f       0x2d ./src/sysinit.o
 .debug_macro   0x000000000000148c       0x3a ./src/sysinit.o
 .debug_macro   0x00000000000014c6       0x2d ./src/sysinit.o
 .debug_macro   0x00000000000014f3      0xbb1 ./src/sysinit.o
 .debug_macro   0x00000000000020a4      0x22c ./src/sysinit.o
 .debug_macro   0x00000000000022d0       0x42 ./src/sysinit.o
 .debug_macro   0x0000000000002312       0x52 ./src/sysinit.o
 .debug_macro   0x0000000000002364       0x78 ./src/sysinit.o
 .debug_macro   0x00000000000023dc       0x82 ./src/sysinit.o
 .debug_macro   0x000000000000245e      0x48c ./src/sysinit.o
 .debug_macro   0x00000000000028ea       0x34 ./src/sysinit.o
 .debug_macro   0x000000000000291e      0x4c5 ./src/sysinit.o
 .debug_macro   0x0000000000002de3      0x1b7 ./src/sysinit.o
 .debug_macro   0x0000000000002f9a       0x10 ./src/sysinit.o
 .debug_macro   0x0000000000002faa      0x21b ./src/sysinit.o
 .debug_macro   0x00000000000031c5      0x1b9 ./src/sysinit.o
 .debug_macro   0x000000000000337e       0x40 ./src/sysinit.o
 .debug_macro   0x00000000000033be       0x22 ./src/sysinit.o
 .debug_macro   0x00000000000033e0      0x162 ./src/sysinit.o
 .debug_macro   0x0000000000003542       0x94 ./src/sysinit.o
 .debug_macro   0x00000000000035d6       0xb8 ./src/sysinit.o
 .debug_macro   0x000000000000368e       0x4c ./src/sysinit.o
 .debug_macro   0x00000000000036da       0x16 ./src/sysinit.o
 .debug_macro   0x00000000000036f0      0x328 ./src/sysinit.o
 .debug_macro   0x0000000000003a18       0x49 ./src/sysinit.o
 .debug_macro   0x0000000000003a61       0x16 ./src/sysinit.o
 .debug_macro   0x0000000000003a77       0xca ./src/sysinit.o
 .debug_macro   0x0000000000003b41       0x18 ./src/sysinit.o
 .debug_macro   0x0000000000003b59       0x70 ./src/sysinit.o
 .debug_macro   0x0000000000003bc9       0x9a ./src/sysinit.o
 .debug_macro   0x0000000000003c63       0x20 ./src/sysinit.o
 .debug_macro   0x0000000000003c83       0x28 ./src/sysinit.o
 .debug_macro   0x0000000000003cab      0x217 /mnt/DOC/MCUXpressoWorkSpace/lpc_board_nxp_lpcxpresso_1769/Debug/liblpc_board_nxp_lpcxpresso_1769.a(board_sysinit.o)
 .debug_macro   0x0000000000003ec2      0xa66 /mnt/DOC/MCUXpressoWorkSpace/lpc_board_nxp_lpcxpresso_1769/Debug/liblpc_board_nxp_lpcxpresso_1769.a(board_sysinit.o)
 .debug_macro   0x0000000000004928      0x1cd /mnt/DOC/MCUXpressoWorkSpace/lpc_chip_175x_6x/Debug/liblpc_chip_175x_6x.a(sysinit_17xx_40xx.o)
 .debug_macro   0x0000000000004af5      0x1cd /mnt/DOC/MCUXpressoWorkSpace/lpc_chip_175x_6x/Debug/liblpc_chip_175x_6x.a(clock_17xx_40xx.o)

.debug_line     0x0000000000000000     0x1589
 .debug_line    0x0000000000000000       0xd1 ./src/cr_startup_lpc175x_6x.o
 .debug_line    0x00000000000000d1       0x48 ./src/lpc1769.o
 .debug_line    0x0000000000000119      0x45d ./src/sysinit.o
 .debug_line    0x0000000000000576      0x4a1 /mnt/DOC/MCUXpressoWorkSpace/lpc_board_nxp_lpcxpresso_1769/Debug/liblpc_board_nxp_lpcxpresso_1769.a(board_sysinit.o)
 .debug_line    0x0000000000000a17      0x4b6 /mnt/DOC/MCUXpressoWorkSpace/lpc_chip_175x_6x/Debug/liblpc_chip_175x_6x.a(sysinit_17xx_40xx.o)
 .debug_line    0x0000000000000ecd      0x6bc /mnt/DOC/MCUXpressoWorkSpace/lpc_chip_175x_6x/Debug/liblpc_chip_175x_6x.a(clock_17xx_40xx.o)

.debug_str      0x0000000000000000    0x12488
 .debug_str     0x0000000000000000     0x2e98 ./src/cr_startup_lpc175x_6x.o
                                       0x2eab (size before relaxing)
 .debug_str     0x0000000000002e98       0xa0 ./src/lpc1769.o
                                       0x2d62 (size before relaxing)
 .debug_str     0x0000000000002f38     0xe4d5 ./src/sysinit.o
                                      0x1128d (size before relaxing)
 .debug_str     0x000000000001140d      0x45e /mnt/DOC/MCUXpressoWorkSpace/lpc_board_nxp_lpcxpresso_1769/Debug/liblpc_board_nxp_lpcxpresso_1769.a(board_sysinit.o)
                                      0x1169d (size before relaxing)
 .debug_str     0x000000000001186b      0x1be /mnt/DOC/MCUXpressoWorkSpace/lpc_chip_175x_6x/Debug/liblpc_chip_175x_6x.a(sysinit_17xx_40xx.o)
                                      0x10fd0 (size before relaxing)
 .debug_str     0x0000000000011a29      0xa5f /mnt/DOC/MCUXpressoWorkSpace/lpc_chip_175x_6x/Debug/liblpc_chip_175x_6x.a(clock_17xx_40xx.o)
                                      0x1196b (size before relaxing)

.comment        0x0000000000000000       0x7e
 .comment       0x0000000000000000       0x7e ./src/cr_startup_lpc175x_6x.o
                                         0x7f (size before relaxing)
 .comment       0x000000000000007e       0x7f ./src/lpc1769.o
 .comment       0x000000000000007e       0x7f ./src/sysinit.o
 .comment       0x000000000000007e       0x7f /mnt/DOC/MCUXpressoWorkSpace/lpc_board_nxp_lpcxpresso_1769/Debug/liblpc_board_nxp_lpcxpresso_1769.a(board_sysinit.o)
 .comment       0x000000000000007e       0x7f /mnt/DOC/MCUXpressoWorkSpace/lpc_chip_175x_6x/Debug/liblpc_chip_175x_6x.a(sysinit_17xx_40xx.o)
 .comment       0x000000000000007e       0x7f /mnt/DOC/MCUXpressoWorkSpace/lpc_chip_175x_6x/Debug/liblpc_chip_175x_6x.a(clock_17xx_40xx.o)
 .comment       0x000000000000007e       0x7f /usr/local/mcuxpressoide-10.2.0_759/ide/tools/bin/../lib/gcc/arm-none-eabi/7.2.1/../../../../arm-none-eabi/lib/thumb/v7-m/libcr_c.a(__weak__main.o)

.ARM.attributes
                0x0000000000000000       0x33
 .ARM.attributes
                0x0000000000000000       0x33 ./src/cr_startup_lpc175x_6x.o
 .ARM.attributes
                0x0000000000000033       0x33 ./src/lpc1769.o
 .ARM.attributes
                0x0000000000000066       0x33 ./src/sysinit.o
 .ARM.attributes
                0x0000000000000099       0x33 /mnt/DOC/MCUXpressoWorkSpace/lpc_board_nxp_lpcxpresso_1769/Debug/liblpc_board_nxp_lpcxpresso_1769.a(board_sysinit.o)
 .ARM.attributes
                0x00000000000000cc       0x33 /mnt/DOC/MCUXpressoWorkSpace/lpc_chip_175x_6x/Debug/liblpc_chip_175x_6x.a(sysinit_17xx_40xx.o)
 .ARM.attributes
                0x00000000000000ff       0x33 /mnt/DOC/MCUXpressoWorkSpace/lpc_chip_175x_6x/Debug/liblpc_chip_175x_6x.a(clock_17xx_40xx.o)
 .ARM.attributes
                0x0000000000000132       0x33 /usr/local/mcuxpressoide-10.2.0_759/ide/tools/bin/../lib/gcc/arm-none-eabi/7.2.1/../../../../arm-none-eabi/lib/thumb/v7-m/libcr_c.a(__weak__main.o)

.debug_frame    0x0000000000000000      0x814
 .debug_frame   0x0000000000000000      0x170 ./src/cr_startup_lpc175x_6x.o
 .debug_frame   0x0000000000000170       0x28 ./src/lpc1769.o
 .debug_frame   0x0000000000000198       0x34 ./src/sysinit.o
 .debug_frame   0x00000000000001cc       0x8c /mnt/DOC/MCUXpressoWorkSpace/lpc_board_nxp_lpcxpresso_1769/Debug/liblpc_board_nxp_lpcxpresso_1769.a(board_sysinit.o)
 .debug_frame   0x0000000000000258      0x12c /mnt/DOC/MCUXpressoWorkSpace/lpc_chip_175x_6x/Debug/liblpc_chip_175x_6x.a(sysinit_17xx_40xx.o)
 .debug_frame   0x0000000000000384      0x490 /mnt/DOC/MCUXpressoWorkSpace/lpc_chip_175x_6x/Debug/liblpc_chip_175x_6x.a(clock_17xx_40xx.o)
