Archive member included because of file (symbol)

/media/data/Documenti/Scuola/anno scolastico 2014-2015/workspace-LPCXpresso/lpc_board_nxp_lpcxpresso_1769/Release/liblpc_board_nxp_lpcxpresso_1769.a(board_sysinit.o)
                              ./src/sysinit.o (Board_SetupClocking)
/media/data/Documenti/Scuola/anno scolastico 2014-2015/workspace-LPCXpresso/lpc_chip_175x_6x/Release/liblpc_chip_175x_6x.a(iocon_17xx_40xx.o)
                              /media/data/Documenti/Scuola/anno scolastico 2014-2015/workspace-LPCXpresso/lpc_board_nxp_lpcxpresso_1769/Release/liblpc_board_nxp_lpcxpresso_1769.a(board_sysinit.o) (Chip_IOCON_SetPinMuxing)
/media/data/Documenti/Scuola/anno scolastico 2014-2015/workspace-LPCXpresso/lpc_chip_175x_6x/Release/liblpc_chip_175x_6x.a(sysinit_17xx_40xx.o)
                              /media/data/Documenti/Scuola/anno scolastico 2014-2015/workspace-LPCXpresso/lpc_board_nxp_lpcxpresso_1769/Release/liblpc_board_nxp_lpcxpresso_1769.a(board_sysinit.o) (Chip_SetupXtalClocking)
/media/data/Documenti/Scuola/anno scolastico 2014-2015/workspace-LPCXpresso/lpc_chip_175x_6x/Release/liblpc_chip_175x_6x.a(clock_17xx_40xx.o)
                              /media/data/Documenti/Scuola/anno scolastico 2014-2015/workspace-LPCXpresso/lpc_chip_175x_6x/Release/liblpc_chip_175x_6x.a(sysinit_17xx_40xx.o) (Chip_Clock_EnablePLL)
/usr/local/lpcxpresso_7.5.0_254/lpcxpresso/tools/bin/../lib/gcc/arm-none-eabi/4.8.4/../../../../arm-none-eabi/lib/armv7-m/libcr_c.a(__weak__main.o)
                              ./src/cr_startup_lpc175x_6x.o (__main)

Discarded input sections

 .text          0x00000000        0x0 ./src/cr_startup_lpc175x_6x.o
 .data          0x00000000        0x0 ./src/cr_startup_lpc175x_6x.o
 .bss           0x00000000        0x0 ./src/cr_startup_lpc175x_6x.o
 .text          0x00000000        0x0 ./src/lpc1769.o
 .data          0x00000000        0x0 ./src/lpc1769.o
 .bss           0x00000000        0x0 ./src/lpc1769.o
 .text          0x00000000        0x0 ./src/sysinit.o
 .data          0x00000000        0x0 ./src/sysinit.o
 .bss           0x00000000        0x0 ./src/sysinit.o
 .text          0x00000000        0x0 /media/data/Documenti/Scuola/anno scolastico 2014-2015/workspace-LPCXpresso/lpc_board_nxp_lpcxpresso_1769/Release/liblpc_board_nxp_lpcxpresso_1769.a(board_sysinit.o)
 .data          0x00000000        0x0 /media/data/Documenti/Scuola/anno scolastico 2014-2015/workspace-LPCXpresso/lpc_board_nxp_lpcxpresso_1769/Release/liblpc_board_nxp_lpcxpresso_1769.a(board_sysinit.o)
 .bss           0x00000000        0x0 /media/data/Documenti/Scuola/anno scolastico 2014-2015/workspace-LPCXpresso/lpc_board_nxp_lpcxpresso_1769/Release/liblpc_board_nxp_lpcxpresso_1769.a(board_sysinit.o)
 .text.Board_SetupMuxing
                0x00000000       0x14 /media/data/Documenti/Scuola/anno scolastico 2014-2015/workspace-LPCXpresso/lpc_board_nxp_lpcxpresso_1769/Release/liblpc_board_nxp_lpcxpresso_1769.a(board_sysinit.o)
 .text.Board_SystemInit
                0x00000000        0xe /media/data/Documenti/Scuola/anno scolastico 2014-2015/workspace-LPCXpresso/lpc_board_nxp_lpcxpresso_1769/Release/liblpc_board_nxp_lpcxpresso_1769.a(board_sysinit.o)
 .rodata.pinmuxing
                0x00000000       0x5c /media/data/Documenti/Scuola/anno scolastico 2014-2015/workspace-LPCXpresso/lpc_board_nxp_lpcxpresso_1769/Release/liblpc_board_nxp_lpcxpresso_1769.a(board_sysinit.o)
 .text          0x00000000        0x0 /media/data/Documenti/Scuola/anno scolastico 2014-2015/workspace-LPCXpresso/lpc_chip_175x_6x/Release/liblpc_chip_175x_6x.a(iocon_17xx_40xx.o)
 .data          0x00000000        0x0 /media/data/Documenti/Scuola/anno scolastico 2014-2015/workspace-LPCXpresso/lpc_chip_175x_6x/Release/liblpc_chip_175x_6x.a(iocon_17xx_40xx.o)
 .bss           0x00000000        0x0 /media/data/Documenti/Scuola/anno scolastico 2014-2015/workspace-LPCXpresso/lpc_chip_175x_6x/Release/liblpc_chip_175x_6x.a(iocon_17xx_40xx.o)
 .text.Chip_IOCON_PinMux
                0x00000000       0x38 /media/data/Documenti/Scuola/anno scolastico 2014-2015/workspace-LPCXpresso/lpc_chip_175x_6x/Release/liblpc_chip_175x_6x.a(iocon_17xx_40xx.o)
 .text.Chip_IOCON_PinMuxSet
                0x00000000       0x12 /media/data/Documenti/Scuola/anno scolastico 2014-2015/workspace-LPCXpresso/lpc_chip_175x_6x/Release/liblpc_chip_175x_6x.a(iocon_17xx_40xx.o)
 .text.Chip_IOCON_SetPinMuxing
                0x00000000       0x2e /media/data/Documenti/Scuola/anno scolastico 2014-2015/workspace-LPCXpresso/lpc_chip_175x_6x/Release/liblpc_chip_175x_6x.a(iocon_17xx_40xx.o)
 .debug_info    0x00000000      0x313 /media/data/Documenti/Scuola/anno scolastico 2014-2015/workspace-LPCXpresso/lpc_chip_175x_6x/Release/liblpc_chip_175x_6x.a(iocon_17xx_40xx.o)
 .debug_abbrev  0x00000000      0x12f /media/data/Documenti/Scuola/anno scolastico 2014-2015/workspace-LPCXpresso/lpc_chip_175x_6x/Release/liblpc_chip_175x_6x.a(iocon_17xx_40xx.o)
 .debug_loc     0x00000000      0x1fb /media/data/Documenti/Scuola/anno scolastico 2014-2015/workspace-LPCXpresso/lpc_chip_175x_6x/Release/liblpc_chip_175x_6x.a(iocon_17xx_40xx.o)
 .debug_aranges
                0x00000000       0x30 /media/data/Documenti/Scuola/anno scolastico 2014-2015/workspace-LPCXpresso/lpc_chip_175x_6x/Release/liblpc_chip_175x_6x.a(iocon_17xx_40xx.o)
 .debug_ranges  0x00000000       0x20 /media/data/Documenti/Scuola/anno scolastico 2014-2015/workspace-LPCXpresso/lpc_chip_175x_6x/Release/liblpc_chip_175x_6x.a(iocon_17xx_40xx.o)
 .debug_line    0x00000000      0x161 /media/data/Documenti/Scuola/anno scolastico 2014-2015/workspace-LPCXpresso/lpc_chip_175x_6x/Release/liblpc_chip_175x_6x.a(iocon_17xx_40xx.o)
 .debug_str     0x00000000      0x2c8 /media/data/Documenti/Scuola/anno scolastico 2014-2015/workspace-LPCXpresso/lpc_chip_175x_6x/Release/liblpc_chip_175x_6x.a(iocon_17xx_40xx.o)
 .comment       0x00000000       0x71 /media/data/Documenti/Scuola/anno scolastico 2014-2015/workspace-LPCXpresso/lpc_chip_175x_6x/Release/liblpc_chip_175x_6x.a(iocon_17xx_40xx.o)
 .ARM.attributes
                0x00000000       0x33 /media/data/Documenti/Scuola/anno scolastico 2014-2015/workspace-LPCXpresso/lpc_chip_175x_6x/Release/liblpc_chip_175x_6x.a(iocon_17xx_40xx.o)
 .debug_frame   0x00000000       0x6c /media/data/Documenti/Scuola/anno scolastico 2014-2015/workspace-LPCXpresso/lpc_chip_175x_6x/Release/liblpc_chip_175x_6x.a(iocon_17xx_40xx.o)
 .text          0x00000000        0x0 /media/data/Documenti/Scuola/anno scolastico 2014-2015/workspace-LPCXpresso/lpc_chip_175x_6x/Release/liblpc_chip_175x_6x.a(sysinit_17xx_40xx.o)
 .data          0x00000000        0x0 /media/data/Documenti/Scuola/anno scolastico 2014-2015/workspace-LPCXpresso/lpc_chip_175x_6x/Release/liblpc_chip_175x_6x.a(sysinit_17xx_40xx.o)
 .bss           0x00000000        0x0 /media/data/Documenti/Scuola/anno scolastico 2014-2015/workspace-LPCXpresso/lpc_chip_175x_6x/Release/liblpc_chip_175x_6x.a(sysinit_17xx_40xx.o)
 .text.Chip_SetupIrcClocking
                0x00000000       0x68 /media/data/Documenti/Scuola/anno scolastico 2014-2015/workspace-LPCXpresso/lpc_chip_175x_6x/Release/liblpc_chip_175x_6x.a(sysinit_17xx_40xx.o)
 .text.Chip_SystemInit
                0x00000000        0x4 /media/data/Documenti/Scuola/anno scolastico 2014-2015/workspace-LPCXpresso/lpc_chip_175x_6x/Release/liblpc_chip_175x_6x.a(sysinit_17xx_40xx.o)
 .text          0x00000000        0x0 /media/data/Documenti/Scuola/anno scolastico 2014-2015/workspace-LPCXpresso/lpc_chip_175x_6x/Release/liblpc_chip_175x_6x.a(clock_17xx_40xx.o)
 .data          0x00000000        0x0 /media/data/Documenti/Scuola/anno scolastico 2014-2015/workspace-LPCXpresso/lpc_chip_175x_6x/Release/liblpc_chip_175x_6x.a(clock_17xx_40xx.o)
 .bss           0x00000000        0x0 /media/data/Documenti/Scuola/anno scolastico 2014-2015/workspace-LPCXpresso/lpc_chip_175x_6x/Release/liblpc_chip_175x_6x.a(clock_17xx_40xx.o)
 .text.Chip_Clock_EnablePeriphClock
                0x00000000       0x18 /media/data/Documenti/Scuola/anno scolastico 2014-2015/workspace-LPCXpresso/lpc_chip_175x_6x/Release/liblpc_chip_175x_6x.a(clock_17xx_40xx.o)
 .text.Chip_Clock_DisablePeriphClock
                0x00000000       0x1c /media/data/Documenti/Scuola/anno scolastico 2014-2015/workspace-LPCXpresso/lpc_chip_175x_6x/Release/liblpc_chip_175x_6x.a(clock_17xx_40xx.o)
 .text.Chip_Clock_IsPeripheralClockEnabled
                0x00000000       0x1c /media/data/Documenti/Scuola/anno scolastico 2014-2015/workspace-LPCXpresso/lpc_chip_175x_6x/Release/liblpc_chip_175x_6x.a(clock_17xx_40xx.o)
 .text.Chip_Clock_SetCPUClockSource
                0x00000000       0x14 /media/data/Documenti/Scuola/anno scolastico 2014-2015/workspace-LPCXpresso/lpc_chip_175x_6x/Release/liblpc_chip_175x_6x.a(clock_17xx_40xx.o)
 .text.Chip_Clock_GetCPUClockSource
                0x00000000       0x10 /media/data/Documenti/Scuola/anno scolastico 2014-2015/workspace-LPCXpresso/lpc_chip_175x_6x/Release/liblpc_chip_175x_6x.a(clock_17xx_40xx.o)
 .text.Chip_Clock_GetCPUClockDiv
                0x00000000       0x10 /media/data/Documenti/Scuola/anno scolastico 2014-2015/workspace-LPCXpresso/lpc_chip_175x_6x/Release/liblpc_chip_175x_6x.a(clock_17xx_40xx.o)
 .text.Chip_Clock_SetUSBClockDiv
                0x00000000       0x18 /media/data/Documenti/Scuola/anno scolastico 2014-2015/workspace-LPCXpresso/lpc_chip_175x_6x/Release/liblpc_chip_175x_6x.a(clock_17xx_40xx.o)
 .text.Chip_Clock_GetUSBClockDiv
                0x00000000       0x14 /media/data/Documenti/Scuola/anno scolastico 2014-2015/workspace-LPCXpresso/lpc_chip_175x_6x/Release/liblpc_chip_175x_6x.a(clock_17xx_40xx.o)
 .text.Chip_Clock_SetPCLKDiv
                0x00000000       0x2a /media/data/Documenti/Scuola/anno scolastico 2014-2015/workspace-LPCXpresso/lpc_chip_175x_6x/Release/liblpc_chip_175x_6x.a(clock_17xx_40xx.o)
 .text.Chip_Clock_GetPCLKDiv
                0x00000000       0x38 /media/data/Documenti/Scuola/anno scolastico 2014-2015/workspace-LPCXpresso/lpc_chip_175x_6x/Release/liblpc_chip_175x_6x.a(clock_17xx_40xx.o)
 .text.Chip_Clock_SetCLKOUTSource
                0x00000000       0x20 /media/data/Documenti/Scuola/anno scolastico 2014-2015/workspace-LPCXpresso/lpc_chip_175x_6x/Release/liblpc_chip_175x_6x.a(clock_17xx_40xx.o)
 .text.Chip_Clock_GetSYSCLKRate
                0x00000000       0x38 /media/data/Documenti/Scuola/anno scolastico 2014-2015/workspace-LPCXpresso/lpc_chip_175x_6x/Release/liblpc_chip_175x_6x.a(clock_17xx_40xx.o)
 .text.Chip_Clock_GetMainPLLOutClockRate
                0x00000000       0x34 /media/data/Documenti/Scuola/anno scolastico 2014-2015/workspace-LPCXpresso/lpc_chip_175x_6x/Release/liblpc_chip_175x_6x.a(clock_17xx_40xx.o)
 .text.Chip_Clock_GetUSBPLLOutClockRate
                0x00000000       0x28 /media/data/Documenti/Scuola/anno scolastico 2014-2015/workspace-LPCXpresso/lpc_chip_175x_6x/Release/liblpc_chip_175x_6x.a(clock_17xx_40xx.o)
 .text.Chip_Clock_GetMainClockRate
                0x00000000       0x20 /media/data/Documenti/Scuola/anno scolastico 2014-2015/workspace-LPCXpresso/lpc_chip_175x_6x/Release/liblpc_chip_175x_6x.a(clock_17xx_40xx.o)
 .text.Chip_Clock_GetSystemClockRate
                0x00000000       0x12 /media/data/Documenti/Scuola/anno scolastico 2014-2015/workspace-LPCXpresso/lpc_chip_175x_6x/Release/liblpc_chip_175x_6x.a(clock_17xx_40xx.o)
 .text.Chip_Clock_GetUSBClockRate
                0x00000000       0x2c /media/data/Documenti/Scuola/anno scolastico 2014-2015/workspace-LPCXpresso/lpc_chip_175x_6x/Release/liblpc_chip_175x_6x.a(clock_17xx_40xx.o)
 .text.Chip_Clock_GetPeripheralClockRate
                0x00000000       0x16 /media/data/Documenti/Scuola/anno scolastico 2014-2015/workspace-LPCXpresso/lpc_chip_175x_6x/Release/liblpc_chip_175x_6x.a(clock_17xx_40xx.o)
 .text          0x00000000        0x0 /usr/local/lpcxpresso_7.5.0_254/lpcxpresso/tools/bin/../lib/gcc/arm-none-eabi/4.8.4/../../../../arm-none-eabi/lib/armv7-m/libcr_c.a(__weak__main.o)
 .data          0x00000000        0x0 /usr/local/lpcxpresso_7.5.0_254/lpcxpresso/tools/bin/../lib/gcc/arm-none-eabi/4.8.4/../../../../arm-none-eabi/lib/armv7-m/libcr_c.a(__weak__main.o)
 .bss           0x00000000        0x0 /usr/local/lpcxpresso_7.5.0_254/lpcxpresso/tools/bin/../lib/gcc/arm-none-eabi/4.8.4/../../../../arm-none-eabi/lib/armv7-m/libcr_c.a(__weak__main.o)

Memory Configuration

Name             Origin             Length             Attributes
MFlash512        0x00000000         0x00080000         xr
RamLoc32         0x10000000         0x00008000         xrw
RamAHB32         0x2007c000         0x00008000         xrw
*default*        0x00000000         0xffffffff

Linker script and memory map

LOAD ./src/cr_startup_lpc175x_6x.o
LOAD ./src/lpc1769.o
LOAD ./src/sysinit.o
LOAD /media/data/Documenti/Scuola/anno scolastico 2014-2015/workspace-LPCXpresso/lpc_board_nxp_lpcxpresso_1769/Release/liblpc_board_nxp_lpcxpresso_1769.a
LOAD /media/data/Documenti/Scuola/anno scolastico 2014-2015/workspace-LPCXpresso/lpc_chip_175x_6x/Release/liblpc_chip_175x_6x.a
START GROUP
LOAD /usr/local/lpcxpresso_7.5.0_254/lpcxpresso/tools/bin/../lib/gcc/arm-none-eabi/4.8.4/../../../../arm-none-eabi/lib/armv7-m/libcr_c.a
LOAD /usr/local/lpcxpresso_7.5.0_254/lpcxpresso/tools/bin/../lib/gcc/arm-none-eabi/4.8.4/armv7-m/libcr_eabihelpers.a
END GROUP
                0x00080000                __top_MFlash512 = 0x80000
                0x10008000                __top_RamLoc32 = 0x10008000
                0x20084000                __top_RamAHB32 = 0x20084000

.text           0x00000000      0x2d0
 FILL mask 0xff
                0x00000000                __vectors_start__ = ABSOLUTE (.)
 *(.isr_vector)
 .isr_vector    0x00000000       0xcc ./src/cr_startup_lpc175x_6x.o
                0x00000000                g_pfnVectors
                0x000000cc                . = ALIGN (0x4)
                0x000000cc                __section_table_start = .
                0x000000cc                __data_section_table = .
                0x000000cc        0x4 LONG 0x2d0 LOADADDR (.data)
                0x000000d0        0x4 LONG 0x10000000 ADDR (.data)
                0x000000d4        0x4 LONG 0x0 SIZEOF (.data)
                0x000000d8        0x4 LONG 0x2d0 LOADADDR (.data_RAM2)
                0x000000dc        0x4 LONG 0x2007c000 ADDR (.data_RAM2)
                0x000000e0        0x4 LONG 0x0 SIZEOF (.data_RAM2)
                0x000000e4                __data_section_table_end = .
                0x000000e4                __bss_section_table = .
                0x000000e4        0x4 LONG 0x10000000 ADDR (.bss)
                0x000000e8        0x4 LONG 0x4 SIZEOF (.bss)
                0x000000ec        0x4 LONG 0x2007c000 ADDR (.bss_RAM2)
                0x000000f0        0x4 LONG 0x0 SIZEOF (.bss_RAM2)
                0x000000f4                __bss_section_table_end = .
                0x000000f4                __section_table_end = .
 *(.after_vectors*)
 .after_vectors
                0x000000f4       0x78 ./src/cr_startup_lpc175x_6x.o
                0x000000f4                NMI_Handler
                0x000000f6                HardFault_Handler
                0x000000f8                MemManage_Handler
                0x000000fa                BusFault_Handler
                0x000000fc                UsageFault_Handler
                0x000000fe                SVC_Handler
                0x00000100                DebugMon_Handler
                0x00000102                PendSV_Handler
                0x00000104                SysTick_Handler
                0x00000106                TIMER2_IRQHandler
                0x00000106                RIT_IRQHandler
                0x00000106                I2C0_IRQHandler
                0x00000106                USBActivity_IRQHandler
                0x00000106                PWM1_IRQHandler
                0x00000106                I2C1_IRQHandler
                0x00000106                EINT2_IRQHandler
                0x00000106                UART1_IRQHandler
                0x00000106                EINT3_IRQHandler
                0x00000106                CANActivity_IRQHandler
                0x00000106                TIMER3_IRQHandler
                0x00000106                UART0_IRQHandler
                0x00000106                IntDefaultHandler
                0x00000106                PLL0_IRQHandler
                0x00000106                CAN_IRQHandler
                0x00000106                PLL1_IRQHandler
                0x00000106                SSP0_IRQHandler
                0x00000106                I2S_IRQHandler
                0x00000106                I2C2_IRQHandler
                0x00000106                RTC_IRQHandler
                0x00000106                TIMER0_IRQHandler
                0x00000106                SPI_IRQHandler
                0x00000106                EINT1_IRQHandler
                0x00000106                TIMER1_IRQHandler
                0x00000106                UART2_IRQHandler
                0x00000106                ADC_IRQHandler
                0x00000106                SSP1_IRQHandler
                0x00000106                USB_IRQHandler
                0x00000106                BOD_IRQHandler
                0x00000106                WDT_IRQHandler
                0x00000106                QEI_IRQHandler
                0x00000106                EINT0_IRQHandler
                0x00000106                ETH_IRQHandler
                0x00000106                DMA_IRQHandler
                0x00000106                UART3_IRQHandler
                0x00000106                MCPWM_IRQHandler
                0x00000108                data_init
                0x0000011a                bss_init
                0x0000012a                ResetISR
 *(.text*)
 .text.startup.main
                0x0000016c       0x20 ./src/lpc1769.o
                0x0000016c                main
 .text.SystemInit
                0x0000018c       0x14 ./src/sysinit.o
                0x0000018c                SystemInit
 .text.Board_SetupClocking
                0x000001a0       0x1c /media/data/Documenti/Scuola/anno scolastico 2014-2015/workspace-LPCXpresso/lpc_board_nxp_lpcxpresso_1769/Release/liblpc_board_nxp_lpcxpresso_1769.a(board_sysinit.o)
                0x000001a0                Board_SetupClocking
 .text.Chip_SetupXtalClocking
                0x000001bc       0x88 /media/data/Documenti/Scuola/anno scolastico 2014-2015/workspace-LPCXpresso/lpc_chip_175x_6x/Release/liblpc_chip_175x_6x.a(sysinit_17xx_40xx.o)
                0x000001bc                Chip_SetupXtalClocking
 .text.Chip_Clock_EnablePLL
                0x00000244       0x24 /media/data/Documenti/Scuola/anno scolastico 2014-2015/workspace-LPCXpresso/lpc_chip_175x_6x/Release/liblpc_chip_175x_6x.a(clock_17xx_40xx.o)
                0x00000244                Chip_Clock_EnablePLL
 .text.Chip_Clock_DisablePLL
                0x00000268       0x28 /media/data/Documenti/Scuola/anno scolastico 2014-2015/workspace-LPCXpresso/lpc_chip_175x_6x/Release/liblpc_chip_175x_6x.a(clock_17xx_40xx.o)
                0x00000268                Chip_Clock_DisablePLL
 .text.Chip_Clock_SetupPLL
                0x00000290       0x30 /media/data/Documenti/Scuola/anno scolastico 2014-2015/workspace-LPCXpresso/lpc_chip_175x_6x/Release/liblpc_chip_175x_6x.a(clock_17xx_40xx.o)
                0x00000290                Chip_Clock_SetupPLL
 .text.Chip_Clock_SetCPUClockDiv
                0x000002c0        0xc /media/data/Documenti/Scuola/anno scolastico 2014-2015/workspace-LPCXpresso/lpc_chip_175x_6x/Release/liblpc_chip_175x_6x.a(clock_17xx_40xx.o)
                0x000002c0                Chip_Clock_SetCPUClockDiv
 .text.__weak_main
                0x000002cc        0x4 /usr/local/lpcxpresso_7.5.0_254/lpcxpresso/tools/bin/../lib/gcc/arm-none-eabi/4.8.4/../../../../arm-none-eabi/lib/armv7-m/libcr_c.a(__weak__main.o)
                0x000002cc                __main
                0x000002cc                __weak_main
 *(.rodata .rodata.* .constdata .constdata.*)
                0x000002d0                . = ALIGN (0x4)

.glue_7         0x000002d0        0x0
 .glue_7        0x00000000        0x0 linker stubs

.glue_7t        0x000002d0        0x0
 .glue_7t       0x00000000        0x0 linker stubs

.vfp11_veneer   0x000002d0        0x0
 .vfp11_veneer  0x00000000        0x0 linker stubs

.v4_bx          0x000002d0        0x0
 .v4_bx         0x00000000        0x0 linker stubs

.iplt           0x000002d0        0x0
 .iplt          0x00000000        0x0 ./src/cr_startup_lpc175x_6x.o

.rel.dyn        0x000002d0        0x0
 .rel.iplt      0x00000000        0x0 ./src/cr_startup_lpc175x_6x.o

.ARM.extab
 *(.ARM.extab* .gnu.linkonce.armextab.*)
                0x000002d0                __exidx_start = .

.ARM.exidx
 *(.ARM.exidx* .gnu.linkonce.armexidx.*)
                0x000002d0                __exidx_end = .
                0x000002d0                _etext = .

.data_RAM2      0x2007c000        0x0 load address 0x000002d0
 FILL mask 0xff
 *(.ramfunc.$RAM2)
 *(.ramfunc.$RamAHB32)
 *(.data.$RAM2*)
 *(.data.$RamAHB32*)
                0x2007c000                . = ALIGN (0x4)

.uninit_RESERVED
                0x10000000        0x0
 *(.bss.$RESERVED*)
                0x10000000                . = ALIGN (0x4)
                0x10000000                _end_uninit_RESERVED = .

.data           0x10000000        0x0 load address 0x000002d0
 FILL mask 0xff
                0x10000000                _data = .
 *(vtable)
 *(.ramfunc*)
 *(.data*)
                0x10000000                . = ALIGN (0x4)
                0x10000000                _edata = .

.igot.plt       0x10000000        0x0 load address 0x000002d0
 .igot.plt      0x00000000        0x0 ./src/cr_startup_lpc175x_6x.o

.bss_RAM2       0x2007c000        0x0
 *(.bss.$RAM2*)
 *(.bss.$RamAHB32*)
                0x2007c000                . = ALIGN (0x4)

.bss            0x10000000        0x4
                0x10000000                _bss = .
 *(.bss*)
 .bss.i.3616    0x10000000        0x4 ./src/lpc1769.o
 *(COMMON)
                0x10000004                . = ALIGN (0x4)
                0x10000004                _ebss = .
                0x10000004                PROVIDE (end, .)

.noinit_RAM2    0x2007c000        0x0
 *(.noinit.$RAM2*)
 *(.noinit.$RamAHB32*)
                0x2007c000                . = ALIGN (0x4)

.noinit         0x10000004        0x0
                0x10000004                _noinit = .
 *(.noinit*)
                0x10000004                . = ALIGN (0x4)
                0x10000004                _end_noinit = .
                0x10000004                PROVIDE (_pvHeapStart, DEFINED (__user_heap_base)?__user_heap_base:.)
                0x10008000                PROVIDE (_vStackTop, DEFINED (__user_stack_top)?__user_stack_top:(__top_RamLoc32 - 0x0))
OUTPUT(lpc1769.axf elf32-littlearm)

.debug_info     0x00000000     0x1cc4
 .debug_info    0x00000000      0x276 ./src/cr_startup_lpc175x_6x.o
 .debug_info    0x00000276       0x5b ./src/lpc1769.o
 .debug_info    0x000002d1      0x11e ./src/sysinit.o
 .debug_info    0x000003ef      0x5f1 /media/data/Documenti/Scuola/anno scolastico 2014-2015/workspace-LPCXpresso/lpc_board_nxp_lpcxpresso_1769/Release/liblpc_board_nxp_lpcxpresso_1769.a(board_sysinit.o)
 .debug_info    0x000009e0      0x66b /media/data/Documenti/Scuola/anno scolastico 2014-2015/workspace-LPCXpresso/lpc_chip_175x_6x/Release/liblpc_chip_175x_6x.a(sysinit_17xx_40xx.o)
 .debug_info    0x0000104b      0xc79 /media/data/Documenti/Scuola/anno scolastico 2014-2015/workspace-LPCXpresso/lpc_chip_175x_6x/Release/liblpc_chip_175x_6x.a(clock_17xx_40xx.o)

.debug_abbrev   0x00000000      0x8ee
 .debug_abbrev  0x00000000       0xf4 ./src/cr_startup_lpc175x_6x.o
 .debug_abbrev  0x000000f4       0x51 ./src/lpc1769.o
 .debug_abbrev  0x00000145       0xbf ./src/sysinit.o
 .debug_abbrev  0x00000204      0x1e1 /media/data/Documenti/Scuola/anno scolastico 2014-2015/workspace-LPCXpresso/lpc_board_nxp_lpcxpresso_1769/Release/liblpc_board_nxp_lpcxpresso_1769.a(board_sysinit.o)
 .debug_abbrev  0x000003e5      0x204 /media/data/Documenti/Scuola/anno scolastico 2014-2015/workspace-LPCXpresso/lpc_chip_175x_6x/Release/liblpc_chip_175x_6x.a(sysinit_17xx_40xx.o)
 .debug_abbrev  0x000005e9      0x305 /media/data/Documenti/Scuola/anno scolastico 2014-2015/workspace-LPCXpresso/lpc_chip_175x_6x/Release/liblpc_chip_175x_6x.a(clock_17xx_40xx.o)

.debug_loc      0x00000000      0x6bf
 .debug_loc     0x00000000      0x15f ./src/cr_startup_lpc175x_6x.o
 .debug_loc     0x0000015f       0x19 /media/data/Documenti/Scuola/anno scolastico 2014-2015/workspace-LPCXpresso/lpc_board_nxp_lpcxpresso_1769/Release/liblpc_board_nxp_lpcxpresso_1769.a(board_sysinit.o)
 .debug_loc     0x00000178      0x547 /media/data/Documenti/Scuola/anno scolastico 2014-2015/workspace-LPCXpresso/lpc_chip_175x_6x/Release/liblpc_chip_175x_6x.a(clock_17xx_40xx.o)

.debug_aranges  0x00000000      0x1e8
 .debug_aranges
                0x00000000       0x80 ./src/cr_startup_lpc175x_6x.o
 .debug_aranges
                0x00000080       0x20 ./src/lpc1769.o
 .debug_aranges
                0x000000a0       0x20 ./src/sysinit.o
 .debug_aranges
                0x000000c0       0x30 /media/data/Documenti/Scuola/anno scolastico 2014-2015/workspace-LPCXpresso/lpc_board_nxp_lpcxpresso_1769/Release/liblpc_board_nxp_lpcxpresso_1769.a(board_sysinit.o)
 .debug_aranges
                0x000000f0       0x30 /media/data/Documenti/Scuola/anno scolastico 2014-2015/workspace-LPCXpresso/lpc_chip_175x_6x/Release/liblpc_chip_175x_6x.a(sysinit_17xx_40xx.o)
 .debug_aranges
                0x00000120       0xc8 /media/data/Documenti/Scuola/anno scolastico 2014-2015/workspace-LPCXpresso/lpc_chip_175x_6x/Release/liblpc_chip_175x_6x.a(clock_17xx_40xx.o)

.debug_ranges   0x00000000      0x208
 .debug_ranges  0x00000000       0x70 ./src/cr_startup_lpc175x_6x.o
 .debug_ranges  0x00000070       0x10 ./src/lpc1769.o
 .debug_ranges  0x00000080       0x10 ./src/sysinit.o
 .debug_ranges  0x00000090       0x20 /media/data/Documenti/Scuola/anno scolastico 2014-2015/workspace-LPCXpresso/lpc_board_nxp_lpcxpresso_1769/Release/liblpc_board_nxp_lpcxpresso_1769.a(board_sysinit.o)
 .debug_ranges  0x000000b0       0x70 /media/data/Documenti/Scuola/anno scolastico 2014-2015/workspace-LPCXpresso/lpc_chip_175x_6x/Release/liblpc_chip_175x_6x.a(sysinit_17xx_40xx.o)
 .debug_ranges  0x00000120       0xe8 /media/data/Documenti/Scuola/anno scolastico 2014-2015/workspace-LPCXpresso/lpc_chip_175x_6x/Release/liblpc_chip_175x_6x.a(clock_17xx_40xx.o)

.debug_line     0x00000000      0x9a7
 .debug_line    0x00000000       0x9b ./src/cr_startup_lpc175x_6x.o
 .debug_line    0x0000009b       0x48 ./src/lpc1769.o
 .debug_line    0x000000e3      0x184 ./src/sysinit.o
 .debug_line    0x00000267      0x19b /media/data/Documenti/Scuola/anno scolastico 2014-2015/workspace-LPCXpresso/lpc_board_nxp_lpcxpresso_1769/Release/liblpc_board_nxp_lpcxpresso_1769.a(board_sysinit.o)
 .debug_line    0x00000402      0x22a /media/data/Documenti/Scuola/anno scolastico 2014-2015/workspace-LPCXpresso/lpc_chip_175x_6x/Release/liblpc_chip_175x_6x.a(sysinit_17xx_40xx.o)
 .debug_line    0x0000062c      0x37b /media/data/Documenti/Scuola/anno scolastico 2014-2015/workspace-LPCXpresso/lpc_chip_175x_6x/Release/liblpc_chip_175x_6x.a(clock_17xx_40xx.o)

.debug_str      0x00000000     0x1433
 .debug_str     0x00000000      0x292 ./src/cr_startup_lpc175x_6x.o
                                0x2b0 (size before relaxing)
 .debug_str     0x00000292       0x11 ./src/lpc1769.o
                                0x11e (size before relaxing)
 .debug_str     0x000002a3       0xaf ./src/sysinit.o
                                0x223 (size before relaxing)
 .debug_str     0x00000352      0x4aa /media/data/Documenti/Scuola/anno scolastico 2014-2015/workspace-LPCXpresso/lpc_board_nxp_lpcxpresso_1769/Release/liblpc_board_nxp_lpcxpresso_1769.a(board_sysinit.o)
                                0x65c (size before relaxing)
 .debug_str     0x000007fc      0x243 /media/data/Documenti/Scuola/anno scolastico 2014-2015/workspace-LPCXpresso/lpc_chip_175x_6x/Release/liblpc_chip_175x_6x.a(sysinit_17xx_40xx.o)
                                0x51b (size before relaxing)
 .debug_str     0x00000a3f      0x9f4 /media/data/Documenti/Scuola/anno scolastico 2014-2015/workspace-LPCXpresso/lpc_chip_175x_6x/Release/liblpc_chip_175x_6x.a(clock_17xx_40xx.o)
                                0xe4b (size before relaxing)

.comment        0x00000000       0xe0
 .comment       0x00000000       0x70 ./src/cr_startup_lpc175x_6x.o
                                 0x71 (size before relaxing)
 .comment       0x00000000       0x71 ./src/lpc1769.o
 .comment       0x00000000       0x71 ./src/sysinit.o
 .comment       0x00000000       0x71 /media/data/Documenti/Scuola/anno scolastico 2014-2015/workspace-LPCXpresso/lpc_board_nxp_lpcxpresso_1769/Release/liblpc_board_nxp_lpcxpresso_1769.a(board_sysinit.o)
 .comment       0x00000000       0x71 /media/data/Documenti/Scuola/anno scolastico 2014-2015/workspace-LPCXpresso/lpc_chip_175x_6x/Release/liblpc_chip_175x_6x.a(sysinit_17xx_40xx.o)
 .comment       0x00000000       0x71 /media/data/Documenti/Scuola/anno scolastico 2014-2015/workspace-LPCXpresso/lpc_chip_175x_6x/Release/liblpc_chip_175x_6x.a(clock_17xx_40xx.o)
 .comment       0x00000070       0x70 /usr/local/lpcxpresso_7.5.0_254/lpcxpresso/tools/bin/../lib/gcc/arm-none-eabi/4.8.4/../../../../arm-none-eabi/lib/armv7-m/libcr_c.a(__weak__main.o)
                                 0x71 (size before relaxing)

.ARM.attributes
                0x00000000       0x33
 .ARM.attributes
                0x00000000       0x33 ./src/cr_startup_lpc175x_6x.o
 .ARM.attributes
                0x00000033       0x33 ./src/lpc1769.o
 .ARM.attributes
                0x00000066       0x33 ./src/sysinit.o
 .ARM.attributes
                0x00000099       0x33 /media/data/Documenti/Scuola/anno scolastico 2014-2015/workspace-LPCXpresso/lpc_board_nxp_lpcxpresso_1769/Release/liblpc_board_nxp_lpcxpresso_1769.a(board_sysinit.o)
 .ARM.attributes
                0x000000cc       0x33 /media/data/Documenti/Scuola/anno scolastico 2014-2015/workspace-LPCXpresso/lpc_chip_175x_6x/Release/liblpc_chip_175x_6x.a(sysinit_17xx_40xx.o)
 .ARM.attributes
                0x000000ff       0x33 /media/data/Documenti/Scuola/anno scolastico 2014-2015/workspace-LPCXpresso/lpc_chip_175x_6x/Release/liblpc_chip_175x_6x.a(clock_17xx_40xx.o)
 .ARM.attributes
                0x00000132       0x33 /usr/local/lpcxpresso_7.5.0_254/lpcxpresso/tools/bin/../lib/gcc/arm-none-eabi/4.8.4/../../../../arm-none-eabi/lib/armv7-m/libcr_c.a(__weak__main.o)

.debug_frame    0x00000000      0x37c
 .debug_frame   0x00000000       0xf0 ./src/cr_startup_lpc175x_6x.o
 .debug_frame   0x000000f0       0x20 ./src/lpc1769.o
 .debug_frame   0x00000110       0x20 ./src/sysinit.o
 .debug_frame   0x00000130       0x50 /media/data/Documenti/Scuola/anno scolastico 2014-2015/workspace-LPCXpresso/lpc_board_nxp_lpcxpresso_1769/Release/liblpc_board_nxp_lpcxpresso_1769.a(board_sysinit.o)
 .debug_frame   0x00000180       0x54 /media/data/Documenti/Scuola/anno scolastico 2014-2015/workspace-LPCXpresso/lpc_chip_175x_6x/Release/liblpc_chip_175x_6x.a(sysinit_17xx_40xx.o)
 .debug_frame   0x000001d4      0x1a8 /media/data/Documenti/Scuola/anno scolastico 2014-2015/workspace-LPCXpresso/lpc_chip_175x_6x/Release/liblpc_chip_175x_6x.a(clock_17xx_40xx.o)
