Archive member included to satisfy reference by file (symbol)

/mnt/DOC/MCUXpressoWorkSpace/lpc_board_nxp_lpcxpresso_1769/Debug/liblpc_board_nxp_lpcxpresso_1769.a(board_sysinit.o)
                              ./src/sysinit.o (Board_SetupClocking)
/mnt/DOC/MCUXpressoWorkSpace/lpc_chip_175x_6x/Debug/liblpc_chip_175x_6x.a(iocon_17xx_40xx.o)
                              /mnt/DOC/MCUXpressoWorkSpace/lpc_board_nxp_lpcxpresso_1769/Debug/liblpc_board_nxp_lpcxpresso_1769.a(board_sysinit.o) (Chip_IOCON_SetPinMuxing)
/mnt/DOC/MCUXpressoWorkSpace/lpc_chip_175x_6x/Debug/liblpc_chip_175x_6x.a(sysinit_17xx_40xx.o)
                              /mnt/DOC/MCUXpressoWorkSpace/lpc_board_nxp_lpcxpresso_1769/Debug/liblpc_board_nxp_lpcxpresso_1769.a(board_sysinit.o) (Chip_SetupXtalClocking)
/mnt/DOC/MCUXpressoWorkSpace/lpc_chip_175x_6x/Debug/liblpc_chip_175x_6x.a(clock_17xx_40xx.o)
                              /mnt/DOC/MCUXpressoWorkSpace/lpc_chip_175x_6x/Debug/liblpc_chip_175x_6x.a(sysinit_17xx_40xx.o) (Chip_Clock_EnablePLL)
/usr/local/mcuxpressoide-11.1.0_3209/ide/plugins/com.nxp.mcuxpresso.tools.linux_11.1.0.201909161352/tools/bin/../lib/gcc/arm-none-eabi/8.3.1/../../../../arm-none-eabi/lib/thumb/v7-m/nofp/libcr_c.a(__weak__main.o)
                              ./src/cr_startup_lpc175x_6x.o (__main)

Allocating common symbols
Common symbol       size              file

T_dec               0x1               ./src/lpc1769.o
TimerVal_us         0x4               ./src/lpc1769.o
RH_dec              0x1               ./src/lpc1769.o
T_int               0x1               ./src/lpc1769.o
checksum            0x1               ./src/lpc1769.o
RH_int              0x1               ./src/lpc1769.o

Discarded input sections

 .group         0x0000000000000000        0xc ./src/cr_startup_lpc175x_6x.o
 .text          0x0000000000000000        0x0 ./src/cr_startup_lpc175x_6x.o
 .data          0x0000000000000000        0x0 ./src/cr_startup_lpc175x_6x.o
 .bss           0x0000000000000000        0x0 ./src/cr_startup_lpc175x_6x.o
 .group         0x0000000000000000        0xc ./src/lpc1769.o
 .text          0x0000000000000000        0x0 ./src/lpc1769.o
 .data          0x0000000000000000        0x0 ./src/lpc1769.o
 .bss           0x0000000000000000        0x0 ./src/lpc1769.o
 .debug_macro   0x0000000000000000      0xaa2 ./src/lpc1769.o
 .group         0x0000000000000000        0xc ./src/sysinit.o
 .group         0x0000000000000000        0xc ./src/sysinit.o
 .group         0x0000000000000000        0xc ./src/sysinit.o
 .group         0x0000000000000000        0xc ./src/sysinit.o
 .group         0x0000000000000000        0xc ./src/sysinit.o
 .group         0x0000000000000000        0xc ./src/sysinit.o
 .group         0x0000000000000000        0xc ./src/sysinit.o
 .group         0x0000000000000000        0xc ./src/sysinit.o
 .group         0x0000000000000000        0xc ./src/sysinit.o
 .group         0x0000000000000000        0xc ./src/sysinit.o
 .group         0x0000000000000000        0xc ./src/sysinit.o
 .group         0x0000000000000000        0xc ./src/sysinit.o
 .group         0x0000000000000000        0xc ./src/sysinit.o
 .group         0x0000000000000000        0xc ./src/sysinit.o
 .group         0x0000000000000000        0xc ./src/sysinit.o
 .group         0x0000000000000000        0xc ./src/sysinit.o
 .group         0x0000000000000000        0xc ./src/sysinit.o
 .group         0x0000000000000000        0xc ./src/sysinit.o
 .group         0x0000000000000000        0xc ./src/sysinit.o
 .group         0x0000000000000000        0xc ./src/sysinit.o
 .group         0x0000000000000000        0xc ./src/sysinit.o
 .group         0x0000000000000000        0xc ./src/sysinit.o
 .group         0x0000000000000000        0xc ./src/sysinit.o
 .group         0x0000000000000000        0xc ./src/sysinit.o
 .group         0x0000000000000000        0xc ./src/sysinit.o
 .group         0x0000000000000000        0xc ./src/sysinit.o
 .group         0x0000000000000000        0xc ./src/sysinit.o
 .group         0x0000000000000000        0xc ./src/sysinit.o
 .group         0x0000000000000000        0xc ./src/sysinit.o
 .group         0x0000000000000000        0xc ./src/sysinit.o
 .group         0x0000000000000000        0xc ./src/sysinit.o
 .group         0x0000000000000000        0xc ./src/sysinit.o
 .group         0x0000000000000000        0xc ./src/sysinit.o
 .group         0x0000000000000000        0xc ./src/sysinit.o
 .group         0x0000000000000000        0xc ./src/sysinit.o
 .group         0x0000000000000000        0xc ./src/sysinit.o
 .group         0x0000000000000000        0xc ./src/sysinit.o
 .group         0x0000000000000000        0xc ./src/sysinit.o
 .group         0x0000000000000000        0xc ./src/sysinit.o
 .text          0x0000000000000000        0x0 ./src/sysinit.o
 .data          0x0000000000000000        0x0 ./src/sysinit.o
 .bss           0x0000000000000000        0x0 ./src/sysinit.o
 .debug_macro   0x0000000000000000      0xaa2 ./src/sysinit.o
 .group         0x0000000000000000        0xc /mnt/DOC/MCUXpressoWorkSpace/lpc_board_nxp_lpcxpresso_1769/Debug/liblpc_board_nxp_lpcxpresso_1769.a(board_sysinit.o)
 .group         0x0000000000000000        0xc /mnt/DOC/MCUXpressoWorkSpace/lpc_board_nxp_lpcxpresso_1769/Debug/liblpc_board_nxp_lpcxpresso_1769.a(board_sysinit.o)
 .group         0x0000000000000000        0xc /mnt/DOC/MCUXpressoWorkSpace/lpc_board_nxp_lpcxpresso_1769/Debug/liblpc_board_nxp_lpcxpresso_1769.a(board_sysinit.o)
 .group         0x0000000000000000        0xc /mnt/DOC/MCUXpressoWorkSpace/lpc_board_nxp_lpcxpresso_1769/Debug/liblpc_board_nxp_lpcxpresso_1769.a(board_sysinit.o)
 .group         0x0000000000000000        0xc /mnt/DOC/MCUXpressoWorkSpace/lpc_board_nxp_lpcxpresso_1769/Debug/liblpc_board_nxp_lpcxpresso_1769.a(board_sysinit.o)
 .group         0x0000000000000000        0xc /mnt/DOC/MCUXpressoWorkSpace/lpc_board_nxp_lpcxpresso_1769/Debug/liblpc_board_nxp_lpcxpresso_1769.a(board_sysinit.o)
 .group         0x0000000000000000        0xc /mnt/DOC/MCUXpressoWorkSpace/lpc_board_nxp_lpcxpresso_1769/Debug/liblpc_board_nxp_lpcxpresso_1769.a(board_sysinit.o)
 .group         0x0000000000000000        0xc /mnt/DOC/MCUXpressoWorkSpace/lpc_board_nxp_lpcxpresso_1769/Debug/liblpc_board_nxp_lpcxpresso_1769.a(board_sysinit.o)
 .group         0x0000000000000000        0xc /mnt/DOC/MCUXpressoWorkSpace/lpc_board_nxp_lpcxpresso_1769/Debug/liblpc_board_nxp_lpcxpresso_1769.a(board_sysinit.o)
 .group         0x0000000000000000        0xc /mnt/DOC/MCUXpressoWorkSpace/lpc_board_nxp_lpcxpresso_1769/Debug/liblpc_board_nxp_lpcxpresso_1769.a(board_sysinit.o)
 .group         0x0000000000000000        0xc /mnt/DOC/MCUXpressoWorkSpace/lpc_board_nxp_lpcxpresso_1769/Debug/liblpc_board_nxp_lpcxpresso_1769.a(board_sysinit.o)
 .group         0x0000000000000000        0xc /mnt/DOC/MCUXpressoWorkSpace/lpc_board_nxp_lpcxpresso_1769/Debug/liblpc_board_nxp_lpcxpresso_1769.a(board_sysinit.o)
 .group         0x0000000000000000        0xc /mnt/DOC/MCUXpressoWorkSpace/lpc_board_nxp_lpcxpresso_1769/Debug/liblpc_board_nxp_lpcxpresso_1769.a(board_sysinit.o)
 .group         0x0000000000000000        0xc /mnt/DOC/MCUXpressoWorkSpace/lpc_board_nxp_lpcxpresso_1769/Debug/liblpc_board_nxp_lpcxpresso_1769.a(board_sysinit.o)
 .group         0x0000000000000000        0xc /mnt/DOC/MCUXpressoWorkSpace/lpc_board_nxp_lpcxpresso_1769/Debug/liblpc_board_nxp_lpcxpresso_1769.a(board_sysinit.o)
 .group         0x0000000000000000        0xc /mnt/DOC/MCUXpressoWorkSpace/lpc_board_nxp_lpcxpresso_1769/Debug/liblpc_board_nxp_lpcxpresso_1769.a(board_sysinit.o)
 .group         0x0000000000000000        0xc /mnt/DOC/MCUXpressoWorkSpace/lpc_board_nxp_lpcxpresso_1769/Debug/liblpc_board_nxp_lpcxpresso_1769.a(board_sysinit.o)
 .group         0x0000000000000000        0xc /mnt/DOC/MCUXpressoWorkSpace/lpc_board_nxp_lpcxpresso_1769/Debug/liblpc_board_nxp_lpcxpresso_1769.a(board_sysinit.o)
 .group         0x0000000000000000        0xc /mnt/DOC/MCUXpressoWorkSpace/lpc_board_nxp_lpcxpresso_1769/Debug/liblpc_board_nxp_lpcxpresso_1769.a(board_sysinit.o)
 .group         0x0000000000000000        0xc /mnt/DOC/MCUXpressoWorkSpace/lpc_board_nxp_lpcxpresso_1769/Debug/liblpc_board_nxp_lpcxpresso_1769.a(board_sysinit.o)
 .group         0x0000000000000000        0xc /mnt/DOC/MCUXpressoWorkSpace/lpc_board_nxp_lpcxpresso_1769/Debug/liblpc_board_nxp_lpcxpresso_1769.a(board_sysinit.o)
 .group         0x0000000000000000        0xc /mnt/DOC/MCUXpressoWorkSpace/lpc_board_nxp_lpcxpresso_1769/Debug/liblpc_board_nxp_lpcxpresso_1769.a(board_sysinit.o)
 .group         0x0000000000000000        0xc /mnt/DOC/MCUXpressoWorkSpace/lpc_board_nxp_lpcxpresso_1769/Debug/liblpc_board_nxp_lpcxpresso_1769.a(board_sysinit.o)
 .group         0x0000000000000000        0xc /mnt/DOC/MCUXpressoWorkSpace/lpc_board_nxp_lpcxpresso_1769/Debug/liblpc_board_nxp_lpcxpresso_1769.a(board_sysinit.o)
 .group         0x0000000000000000        0xc /mnt/DOC/MCUXpressoWorkSpace/lpc_board_nxp_lpcxpresso_1769/Debug/liblpc_board_nxp_lpcxpresso_1769.a(board_sysinit.o)
 .group         0x0000000000000000        0xc /mnt/DOC/MCUXpressoWorkSpace/lpc_board_nxp_lpcxpresso_1769/Debug/liblpc_board_nxp_lpcxpresso_1769.a(board_sysinit.o)
 .group         0x0000000000000000        0xc /mnt/DOC/MCUXpressoWorkSpace/lpc_board_nxp_lpcxpresso_1769/Debug/liblpc_board_nxp_lpcxpresso_1769.a(board_sysinit.o)
 .group         0x0000000000000000        0xc /mnt/DOC/MCUXpressoWorkSpace/lpc_board_nxp_lpcxpresso_1769/Debug/liblpc_board_nxp_lpcxpresso_1769.a(board_sysinit.o)
 .group         0x0000000000000000        0xc /mnt/DOC/MCUXpressoWorkSpace/lpc_board_nxp_lpcxpresso_1769/Debug/liblpc_board_nxp_lpcxpresso_1769.a(board_sysinit.o)
 .group         0x0000000000000000        0xc /mnt/DOC/MCUXpressoWorkSpace/lpc_board_nxp_lpcxpresso_1769/Debug/liblpc_board_nxp_lpcxpresso_1769.a(board_sysinit.o)
 .group         0x0000000000000000        0xc /mnt/DOC/MCUXpressoWorkSpace/lpc_board_nxp_lpcxpresso_1769/Debug/liblpc_board_nxp_lpcxpresso_1769.a(board_sysinit.o)
 .group         0x0000000000000000        0xc /mnt/DOC/MCUXpressoWorkSpace/lpc_board_nxp_lpcxpresso_1769/Debug/liblpc_board_nxp_lpcxpresso_1769.a(board_sysinit.o)
 .group         0x0000000000000000        0xc /mnt/DOC/MCUXpressoWorkSpace/lpc_board_nxp_lpcxpresso_1769/Debug/liblpc_board_nxp_lpcxpresso_1769.a(board_sysinit.o)
 .group         0x0000000000000000        0xc /mnt/DOC/MCUXpressoWorkSpace/lpc_board_nxp_lpcxpresso_1769/Debug/liblpc_board_nxp_lpcxpresso_1769.a(board_sysinit.o)
 .group         0x0000000000000000        0xc /mnt/DOC/MCUXpressoWorkSpace/lpc_board_nxp_lpcxpresso_1769/Debug/liblpc_board_nxp_lpcxpresso_1769.a(board_sysinit.o)
 .group         0x0000000000000000        0xc /mnt/DOC/MCUXpressoWorkSpace/lpc_board_nxp_lpcxpresso_1769/Debug/liblpc_board_nxp_lpcxpresso_1769.a(board_sysinit.o)
 .group         0x0000000000000000        0xc /mnt/DOC/MCUXpressoWorkSpace/lpc_board_nxp_lpcxpresso_1769/Debug/liblpc_board_nxp_lpcxpresso_1769.a(board_sysinit.o)
 .group         0x0000000000000000        0xc /mnt/DOC/MCUXpressoWorkSpace/lpc_board_nxp_lpcxpresso_1769/Debug/liblpc_board_nxp_lpcxpresso_1769.a(board_sysinit.o)
 .group         0x0000000000000000        0xc /mnt/DOC/MCUXpressoWorkSpace/lpc_board_nxp_lpcxpresso_1769/Debug/liblpc_board_nxp_lpcxpresso_1769.a(board_sysinit.o)
 .text          0x0000000000000000        0x0 /mnt/DOC/MCUXpressoWorkSpace/lpc_board_nxp_lpcxpresso_1769/Debug/liblpc_board_nxp_lpcxpresso_1769.a(board_sysinit.o)
 .data          0x0000000000000000        0x0 /mnt/DOC/MCUXpressoWorkSpace/lpc_board_nxp_lpcxpresso_1769/Debug/liblpc_board_nxp_lpcxpresso_1769.a(board_sysinit.o)
 .bss           0x0000000000000000        0x0 /mnt/DOC/MCUXpressoWorkSpace/lpc_board_nxp_lpcxpresso_1769/Debug/liblpc_board_nxp_lpcxpresso_1769.a(board_sysinit.o)
 .rodata.pinmuxing
                0x0000000000000000       0x5c /mnt/DOC/MCUXpressoWorkSpace/lpc_board_nxp_lpcxpresso_1769/Debug/liblpc_board_nxp_lpcxpresso_1769.a(board_sysinit.o)
 .text.Board_SetupMuxing
                0x0000000000000000       0x1c /mnt/DOC/MCUXpressoWorkSpace/lpc_board_nxp_lpcxpresso_1769/Debug/liblpc_board_nxp_lpcxpresso_1769.a(board_sysinit.o)
 .text.Board_SystemInit
                0x0000000000000000       0x10 /mnt/DOC/MCUXpressoWorkSpace/lpc_board_nxp_lpcxpresso_1769/Debug/liblpc_board_nxp_lpcxpresso_1769.a(board_sysinit.o)
 .debug_macro   0x0000000000000000       0x10 /mnt/DOC/MCUXpressoWorkSpace/lpc_board_nxp_lpcxpresso_1769/Debug/liblpc_board_nxp_lpcxpresso_1769.a(board_sysinit.o)
 .debug_macro   0x0000000000000000       0x22 /mnt/DOC/MCUXpressoWorkSpace/lpc_board_nxp_lpcxpresso_1769/Debug/liblpc_board_nxp_lpcxpresso_1769.a(board_sysinit.o)
 .debug_macro   0x0000000000000000       0x7b /mnt/DOC/MCUXpressoWorkSpace/lpc_board_nxp_lpcxpresso_1769/Debug/liblpc_board_nxp_lpcxpresso_1769.a(board_sysinit.o)
 .debug_macro   0x0000000000000000       0x10 /mnt/DOC/MCUXpressoWorkSpace/lpc_board_nxp_lpcxpresso_1769/Debug/liblpc_board_nxp_lpcxpresso_1769.a(board_sysinit.o)
 .debug_macro   0x0000000000000000       0x2d /mnt/DOC/MCUXpressoWorkSpace/lpc_board_nxp_lpcxpresso_1769/Debug/liblpc_board_nxp_lpcxpresso_1769.a(board_sysinit.o)
 .debug_macro   0x0000000000000000       0x3a /mnt/DOC/MCUXpressoWorkSpace/lpc_board_nxp_lpcxpresso_1769/Debug/liblpc_board_nxp_lpcxpresso_1769.a(board_sysinit.o)
 .debug_macro   0x0000000000000000       0x2d /mnt/DOC/MCUXpressoWorkSpace/lpc_board_nxp_lpcxpresso_1769/Debug/liblpc_board_nxp_lpcxpresso_1769.a(board_sysinit.o)
 .debug_macro   0x0000000000000000      0xbb1 /mnt/DOC/MCUXpressoWorkSpace/lpc_board_nxp_lpcxpresso_1769/Debug/liblpc_board_nxp_lpcxpresso_1769.a(board_sysinit.o)
 .debug_macro   0x0000000000000000      0x22c /mnt/DOC/MCUXpressoWorkSpace/lpc_board_nxp_lpcxpresso_1769/Debug/liblpc_board_nxp_lpcxpresso_1769.a(board_sysinit.o)
 .debug_macro   0x0000000000000000       0x42 /mnt/DOC/MCUXpressoWorkSpace/lpc_board_nxp_lpcxpresso_1769/Debug/liblpc_board_nxp_lpcxpresso_1769.a(board_sysinit.o)
 .debug_macro   0x0000000000000000       0x52 /mnt/DOC/MCUXpressoWorkSpace/lpc_board_nxp_lpcxpresso_1769/Debug/liblpc_board_nxp_lpcxpresso_1769.a(board_sysinit.o)
 .debug_macro   0x0000000000000000       0x78 /mnt/DOC/MCUXpressoWorkSpace/lpc_board_nxp_lpcxpresso_1769/Debug/liblpc_board_nxp_lpcxpresso_1769.a(board_sysinit.o)
 .debug_macro   0x0000000000000000       0x82 /mnt/DOC/MCUXpressoWorkSpace/lpc_board_nxp_lpcxpresso_1769/Debug/liblpc_board_nxp_lpcxpresso_1769.a(board_sysinit.o)
 .debug_macro   0x0000000000000000      0x48c /mnt/DOC/MCUXpressoWorkSpace/lpc_board_nxp_lpcxpresso_1769/Debug/liblpc_board_nxp_lpcxpresso_1769.a(board_sysinit.o)
 .debug_macro   0x0000000000000000       0x34 /mnt/DOC/MCUXpressoWorkSpace/lpc_board_nxp_lpcxpresso_1769/Debug/liblpc_board_nxp_lpcxpresso_1769.a(board_sysinit.o)
 .debug_macro   0x0000000000000000      0x4c5 /mnt/DOC/MCUXpressoWorkSpace/lpc_board_nxp_lpcxpresso_1769/Debug/liblpc_board_nxp_lpcxpresso_1769.a(board_sysinit.o)
 .debug_macro   0x0000000000000000      0x1b7 /mnt/DOC/MCUXpressoWorkSpace/lpc_board_nxp_lpcxpresso_1769/Debug/liblpc_board_nxp_lpcxpresso_1769.a(board_sysinit.o)
 .debug_macro   0x0000000000000000       0x10 /mnt/DOC/MCUXpressoWorkSpace/lpc_board_nxp_lpcxpresso_1769/Debug/liblpc_board_nxp_lpcxpresso_1769.a(board_sysinit.o)
 .debug_macro   0x0000000000000000      0x21b /mnt/DOC/MCUXpressoWorkSpace/lpc_board_nxp_lpcxpresso_1769/Debug/liblpc_board_nxp_lpcxpresso_1769.a(board_sysinit.o)
 .debug_macro   0x0000000000000000      0x1b9 /mnt/DOC/MCUXpressoWorkSpace/lpc_board_nxp_lpcxpresso_1769/Debug/liblpc_board_nxp_lpcxpresso_1769.a(board_sysinit.o)
 .debug_macro   0x0000000000000000       0x40 /mnt/DOC/MCUXpressoWorkSpace/lpc_board_nxp_lpcxpresso_1769/Debug/liblpc_board_nxp_lpcxpresso_1769.a(board_sysinit.o)
 .debug_macro   0x0000000000000000       0x22 /mnt/DOC/MCUXpressoWorkSpace/lpc_board_nxp_lpcxpresso_1769/Debug/liblpc_board_nxp_lpcxpresso_1769.a(board_sysinit.o)
 .debug_macro   0x0000000000000000      0x162 /mnt/DOC/MCUXpressoWorkSpace/lpc_board_nxp_lpcxpresso_1769/Debug/liblpc_board_nxp_lpcxpresso_1769.a(board_sysinit.o)
 .debug_macro   0x0000000000000000       0x94 /mnt/DOC/MCUXpressoWorkSpace/lpc_board_nxp_lpcxpresso_1769/Debug/liblpc_board_nxp_lpcxpresso_1769.a(board_sysinit.o)
 .debug_macro   0x0000000000000000       0xb8 /mnt/DOC/MCUXpressoWorkSpace/lpc_board_nxp_lpcxpresso_1769/Debug/liblpc_board_nxp_lpcxpresso_1769.a(board_sysinit.o)
 .debug_macro   0x0000000000000000       0x4c /mnt/DOC/MCUXpressoWorkSpace/lpc_board_nxp_lpcxpresso_1769/Debug/liblpc_board_nxp_lpcxpresso_1769.a(board_sysinit.o)
 .debug_macro   0x0000000000000000       0x16 /mnt/DOC/MCUXpressoWorkSpace/lpc_board_nxp_lpcxpresso_1769/Debug/liblpc_board_nxp_lpcxpresso_1769.a(board_sysinit.o)
 .debug_macro   0x0000000000000000      0x328 /mnt/DOC/MCUXpressoWorkSpace/lpc_board_nxp_lpcxpresso_1769/Debug/liblpc_board_nxp_lpcxpresso_1769.a(board_sysinit.o)
 .debug_macro   0x0000000000000000       0x49 /mnt/DOC/MCUXpressoWorkSpace/lpc_board_nxp_lpcxpresso_1769/Debug/liblpc_board_nxp_lpcxpresso_1769.a(board_sysinit.o)
 .debug_macro   0x0000000000000000       0x16 /mnt/DOC/MCUXpressoWorkSpace/lpc_board_nxp_lpcxpresso_1769/Debug/liblpc_board_nxp_lpcxpresso_1769.a(board_sysinit.o)
 .debug_macro   0x0000000000000000       0xca /mnt/DOC/MCUXpressoWorkSpace/lpc_board_nxp_lpcxpresso_1769/Debug/liblpc_board_nxp_lpcxpresso_1769.a(board_sysinit.o)
 .debug_macro   0x0000000000000000       0x18 /mnt/DOC/MCUXpressoWorkSpace/lpc_board_nxp_lpcxpresso_1769/Debug/liblpc_board_nxp_lpcxpresso_1769.a(board_sysinit.o)
 .debug_macro   0x0000000000000000       0x70 /mnt/DOC/MCUXpressoWorkSpace/lpc_board_nxp_lpcxpresso_1769/Debug/liblpc_board_nxp_lpcxpresso_1769.a(board_sysinit.o)
 .debug_macro   0x0000000000000000       0x20 /mnt/DOC/MCUXpressoWorkSpace/lpc_board_nxp_lpcxpresso_1769/Debug/liblpc_board_nxp_lpcxpresso_1769.a(board_sysinit.o)
 .debug_macro   0x0000000000000000       0x28 /mnt/DOC/MCUXpressoWorkSpace/lpc_board_nxp_lpcxpresso_1769/Debug/liblpc_board_nxp_lpcxpresso_1769.a(board_sysinit.o)
 .group         0x0000000000000000        0xc /mnt/DOC/MCUXpressoWorkSpace/lpc_chip_175x_6x/Debug/liblpc_chip_175x_6x.a(iocon_17xx_40xx.o)
 .group         0x0000000000000000        0xc /mnt/DOC/MCUXpressoWorkSpace/lpc_chip_175x_6x/Debug/liblpc_chip_175x_6x.a(iocon_17xx_40xx.o)
 .group         0x0000000000000000        0xc /mnt/DOC/MCUXpressoWorkSpace/lpc_chip_175x_6x/Debug/liblpc_chip_175x_6x.a(iocon_17xx_40xx.o)
 .group         0x0000000000000000        0xc /mnt/DOC/MCUXpressoWorkSpace/lpc_chip_175x_6x/Debug/liblpc_chip_175x_6x.a(iocon_17xx_40xx.o)
 .group         0x0000000000000000        0xc /mnt/DOC/MCUXpressoWorkSpace/lpc_chip_175x_6x/Debug/liblpc_chip_175x_6x.a(iocon_17xx_40xx.o)
 .group         0x0000000000000000        0xc /mnt/DOC/MCUXpressoWorkSpace/lpc_chip_175x_6x/Debug/liblpc_chip_175x_6x.a(iocon_17xx_40xx.o)
 .group         0x0000000000000000        0xc /mnt/DOC/MCUXpressoWorkSpace/lpc_chip_175x_6x/Debug/liblpc_chip_175x_6x.a(iocon_17xx_40xx.o)
 .group         0x0000000000000000        0xc /mnt/DOC/MCUXpressoWorkSpace/lpc_chip_175x_6x/Debug/liblpc_chip_175x_6x.a(iocon_17xx_40xx.o)
 .group         0x0000000000000000        0xc /mnt/DOC/MCUXpressoWorkSpace/lpc_chip_175x_6x/Debug/liblpc_chip_175x_6x.a(iocon_17xx_40xx.o)
 .group         0x0000000000000000        0xc /mnt/DOC/MCUXpressoWorkSpace/lpc_chip_175x_6x/Debug/liblpc_chip_175x_6x.a(iocon_17xx_40xx.o)
 .group         0x0000000000000000        0xc /mnt/DOC/MCUXpressoWorkSpace/lpc_chip_175x_6x/Debug/liblpc_chip_175x_6x.a(iocon_17xx_40xx.o)
 .group         0x0000000000000000        0xc /mnt/DOC/MCUXpressoWorkSpace/lpc_chip_175x_6x/Debug/liblpc_chip_175x_6x.a(iocon_17xx_40xx.o)
 .group         0x0000000000000000        0xc /mnt/DOC/MCUXpressoWorkSpace/lpc_chip_175x_6x/Debug/liblpc_chip_175x_6x.a(iocon_17xx_40xx.o)
 .group         0x0000000000000000        0xc /mnt/DOC/MCUXpressoWorkSpace/lpc_chip_175x_6x/Debug/liblpc_chip_175x_6x.a(iocon_17xx_40xx.o)
 .group         0x0000000000000000        0xc /mnt/DOC/MCUXpressoWorkSpace/lpc_chip_175x_6x/Debug/liblpc_chip_175x_6x.a(iocon_17xx_40xx.o)
 .group         0x0000000000000000        0xc /mnt/DOC/MCUXpressoWorkSpace/lpc_chip_175x_6x/Debug/liblpc_chip_175x_6x.a(iocon_17xx_40xx.o)
 .group         0x0000000000000000        0xc /mnt/DOC/MCUXpressoWorkSpace/lpc_chip_175x_6x/Debug/liblpc_chip_175x_6x.a(iocon_17xx_40xx.o)
 .group         0x0000000000000000        0xc /mnt/DOC/MCUXpressoWorkSpace/lpc_chip_175x_6x/Debug/liblpc_chip_175x_6x.a(iocon_17xx_40xx.o)
 .group         0x0000000000000000        0xc /mnt/DOC/MCUXpressoWorkSpace/lpc_chip_175x_6x/Debug/liblpc_chip_175x_6x.a(iocon_17xx_40xx.o)
 .group         0x0000000000000000        0xc /mnt/DOC/MCUXpressoWorkSpace/lpc_chip_175x_6x/Debug/liblpc_chip_175x_6x.a(iocon_17xx_40xx.o)
 .group         0x0000000000000000        0xc /mnt/DOC/MCUXpressoWorkSpace/lpc_chip_175x_6x/Debug/liblpc_chip_175x_6x.a(iocon_17xx_40xx.o)
 .group         0x0000000000000000        0xc /mnt/DOC/MCUXpressoWorkSpace/lpc_chip_175x_6x/Debug/liblpc_chip_175x_6x.a(iocon_17xx_40xx.o)
 .group         0x0000000000000000        0xc /mnt/DOC/MCUXpressoWorkSpace/lpc_chip_175x_6x/Debug/liblpc_chip_175x_6x.a(iocon_17xx_40xx.o)
 .group         0x0000000000000000        0xc /mnt/DOC/MCUXpressoWorkSpace/lpc_chip_175x_6x/Debug/liblpc_chip_175x_6x.a(iocon_17xx_40xx.o)
 .group         0x0000000000000000        0xc /mnt/DOC/MCUXpressoWorkSpace/lpc_chip_175x_6x/Debug/liblpc_chip_175x_6x.a(iocon_17xx_40xx.o)
 .group         0x0000000000000000        0xc /mnt/DOC/MCUXpressoWorkSpace/lpc_chip_175x_6x/Debug/liblpc_chip_175x_6x.a(iocon_17xx_40xx.o)
 .group         0x0000000000000000        0xc /mnt/DOC/MCUXpressoWorkSpace/lpc_chip_175x_6x/Debug/liblpc_chip_175x_6x.a(iocon_17xx_40xx.o)
 .group         0x0000000000000000        0xc /mnt/DOC/MCUXpressoWorkSpace/lpc_chip_175x_6x/Debug/liblpc_chip_175x_6x.a(iocon_17xx_40xx.o)
 .group         0x0000000000000000        0xc /mnt/DOC/MCUXpressoWorkSpace/lpc_chip_175x_6x/Debug/liblpc_chip_175x_6x.a(iocon_17xx_40xx.o)
 .group         0x0000000000000000        0xc /mnt/DOC/MCUXpressoWorkSpace/lpc_chip_175x_6x/Debug/liblpc_chip_175x_6x.a(iocon_17xx_40xx.o)
 .group         0x0000000000000000        0xc /mnt/DOC/MCUXpressoWorkSpace/lpc_chip_175x_6x/Debug/liblpc_chip_175x_6x.a(iocon_17xx_40xx.o)
 .group         0x0000000000000000        0xc /mnt/DOC/MCUXpressoWorkSpace/lpc_chip_175x_6x/Debug/liblpc_chip_175x_6x.a(iocon_17xx_40xx.o)
 .group         0x0000000000000000        0xc /mnt/DOC/MCUXpressoWorkSpace/lpc_chip_175x_6x/Debug/liblpc_chip_175x_6x.a(iocon_17xx_40xx.o)
 .group         0x0000000000000000        0xc /mnt/DOC/MCUXpressoWorkSpace/lpc_chip_175x_6x/Debug/liblpc_chip_175x_6x.a(iocon_17xx_40xx.o)
 .group         0x0000000000000000        0xc /mnt/DOC/MCUXpressoWorkSpace/lpc_chip_175x_6x/Debug/liblpc_chip_175x_6x.a(iocon_17xx_40xx.o)
 .text          0x0000000000000000        0x0 /mnt/DOC/MCUXpressoWorkSpace/lpc_chip_175x_6x/Debug/liblpc_chip_175x_6x.a(iocon_17xx_40xx.o)
 .data          0x0000000000000000        0x0 /mnt/DOC/MCUXpressoWorkSpace/lpc_chip_175x_6x/Debug/liblpc_chip_175x_6x.a(iocon_17xx_40xx.o)
 .bss           0x0000000000000000        0x0 /mnt/DOC/MCUXpressoWorkSpace/lpc_chip_175x_6x/Debug/liblpc_chip_175x_6x.a(iocon_17xx_40xx.o)
 .text.Chip_IOCON_PinMuxSet
                0x0000000000000000       0x36 /mnt/DOC/MCUXpressoWorkSpace/lpc_chip_175x_6x/Debug/liblpc_chip_175x_6x.a(iocon_17xx_40xx.o)
 .text.Chip_IOCON_PinMux
                0x0000000000000000       0x94 /mnt/DOC/MCUXpressoWorkSpace/lpc_chip_175x_6x/Debug/liblpc_chip_175x_6x.a(iocon_17xx_40xx.o)
 .text.Chip_IOCON_SetPinMuxing
                0x0000000000000000       0x62 /mnt/DOC/MCUXpressoWorkSpace/lpc_chip_175x_6x/Debug/liblpc_chip_175x_6x.a(iocon_17xx_40xx.o)
 .debug_info    0x0000000000000000      0x347 /mnt/DOC/MCUXpressoWorkSpace/lpc_chip_175x_6x/Debug/liblpc_chip_175x_6x.a(iocon_17xx_40xx.o)
 .debug_abbrev  0x0000000000000000      0x164 /mnt/DOC/MCUXpressoWorkSpace/lpc_chip_175x_6x/Debug/liblpc_chip_175x_6x.a(iocon_17xx_40xx.o)
 .debug_aranges
                0x0000000000000000       0x30 /mnt/DOC/MCUXpressoWorkSpace/lpc_chip_175x_6x/Debug/liblpc_chip_175x_6x.a(iocon_17xx_40xx.o)
 .debug_ranges  0x0000000000000000       0x20 /mnt/DOC/MCUXpressoWorkSpace/lpc_chip_175x_6x/Debug/liblpc_chip_175x_6x.a(iocon_17xx_40xx.o)
 .debug_macro   0x0000000000000000      0x1cd /mnt/DOC/MCUXpressoWorkSpace/lpc_chip_175x_6x/Debug/liblpc_chip_175x_6x.a(iocon_17xx_40xx.o)
 .debug_macro   0x0000000000000000      0xa9c /mnt/DOC/MCUXpressoWorkSpace/lpc_chip_175x_6x/Debug/liblpc_chip_175x_6x.a(iocon_17xx_40xx.o)
 .debug_macro   0x0000000000000000       0x10 /mnt/DOC/MCUXpressoWorkSpace/lpc_chip_175x_6x/Debug/liblpc_chip_175x_6x.a(iocon_17xx_40xx.o)
 .debug_macro   0x0000000000000000      0x12e /mnt/DOC/MCUXpressoWorkSpace/lpc_chip_175x_6x/Debug/liblpc_chip_175x_6x.a(iocon_17xx_40xx.o)
 .debug_macro   0x0000000000000000      0x5b3 /mnt/DOC/MCUXpressoWorkSpace/lpc_chip_175x_6x/Debug/liblpc_chip_175x_6x.a(iocon_17xx_40xx.o)
 .debug_macro   0x0000000000000000       0x22 /mnt/DOC/MCUXpressoWorkSpace/lpc_chip_175x_6x/Debug/liblpc_chip_175x_6x.a(iocon_17xx_40xx.o)
 .debug_macro   0x0000000000000000       0x7b /mnt/DOC/MCUXpressoWorkSpace/lpc_chip_175x_6x/Debug/liblpc_chip_175x_6x.a(iocon_17xx_40xx.o)
 .debug_macro   0x0000000000000000       0x10 /mnt/DOC/MCUXpressoWorkSpace/lpc_chip_175x_6x/Debug/liblpc_chip_175x_6x.a(iocon_17xx_40xx.o)
 .debug_macro   0x0000000000000000       0x2d /mnt/DOC/MCUXpressoWorkSpace/lpc_chip_175x_6x/Debug/liblpc_chip_175x_6x.a(iocon_17xx_40xx.o)
 .debug_macro   0x0000000000000000       0x3a /mnt/DOC/MCUXpressoWorkSpace/lpc_chip_175x_6x/Debug/liblpc_chip_175x_6x.a(iocon_17xx_40xx.o)
 .debug_macro   0x0000000000000000       0x2d /mnt/DOC/MCUXpressoWorkSpace/lpc_chip_175x_6x/Debug/liblpc_chip_175x_6x.a(iocon_17xx_40xx.o)
 .debug_macro   0x0000000000000000      0xbb1 /mnt/DOC/MCUXpressoWorkSpace/lpc_chip_175x_6x/Debug/liblpc_chip_175x_6x.a(iocon_17xx_40xx.o)
 .debug_macro   0x0000000000000000      0x22c /mnt/DOC/MCUXpressoWorkSpace/lpc_chip_175x_6x/Debug/liblpc_chip_175x_6x.a(iocon_17xx_40xx.o)
 .debug_macro   0x0000000000000000       0x42 /mnt/DOC/MCUXpressoWorkSpace/lpc_chip_175x_6x/Debug/liblpc_chip_175x_6x.a(iocon_17xx_40xx.o)
 .debug_macro   0x0000000000000000       0x52 /mnt/DOC/MCUXpressoWorkSpace/lpc_chip_175x_6x/Debug/liblpc_chip_175x_6x.a(iocon_17xx_40xx.o)
 .debug_macro   0x0000000000000000       0x78 /mnt/DOC/MCUXpressoWorkSpace/lpc_chip_175x_6x/Debug/liblpc_chip_175x_6x.a(iocon_17xx_40xx.o)
 .debug_macro   0x0000000000000000       0x82 /mnt/DOC/MCUXpressoWorkSpace/lpc_chip_175x_6x/Debug/liblpc_chip_175x_6x.a(iocon_17xx_40xx.o)
 .debug_macro   0x0000000000000000      0x48c /mnt/DOC/MCUXpressoWorkSpace/lpc_chip_175x_6x/Debug/liblpc_chip_175x_6x.a(iocon_17xx_40xx.o)
 .debug_macro   0x0000000000000000       0x34 /mnt/DOC/MCUXpressoWorkSpace/lpc_chip_175x_6x/Debug/liblpc_chip_175x_6x.a(iocon_17xx_40xx.o)
 .debug_macro   0x0000000000000000      0x4c5 /mnt/DOC/MCUXpressoWorkSpace/lpc_chip_175x_6x/Debug/liblpc_chip_175x_6x.a(iocon_17xx_40xx.o)
 .debug_macro   0x0000000000000000      0x1b7 /mnt/DOC/MCUXpressoWorkSpace/lpc_chip_175x_6x/Debug/liblpc_chip_175x_6x.a(iocon_17xx_40xx.o)
 .debug_macro   0x0000000000000000       0x10 /mnt/DOC/MCUXpressoWorkSpace/lpc_chip_175x_6x/Debug/liblpc_chip_175x_6x.a(iocon_17xx_40xx.o)
 .debug_macro   0x0000000000000000      0x21b /mnt/DOC/MCUXpressoWorkSpace/lpc_chip_175x_6x/Debug/liblpc_chip_175x_6x.a(iocon_17xx_40xx.o)
 .debug_macro   0x0000000000000000      0x1b9 /mnt/DOC/MCUXpressoWorkSpace/lpc_chip_175x_6x/Debug/liblpc_chip_175x_6x.a(iocon_17xx_40xx.o)
 .debug_macro   0x0000000000000000       0x40 /mnt/DOC/MCUXpressoWorkSpace/lpc_chip_175x_6x/Debug/liblpc_chip_175x_6x.a(iocon_17xx_40xx.o)
 .debug_macro   0x0000000000000000       0x22 /mnt/DOC/MCUXpressoWorkSpace/lpc_chip_175x_6x/Debug/liblpc_chip_175x_6x.a(iocon_17xx_40xx.o)
 .debug_macro   0x0000000000000000      0x162 /mnt/DOC/MCUXpressoWorkSpace/lpc_chip_175x_6x/Debug/liblpc_chip_175x_6x.a(iocon_17xx_40xx.o)
 .debug_macro   0x0000000000000000       0x94 /mnt/DOC/MCUXpressoWorkSpace/lpc_chip_175x_6x/Debug/liblpc_chip_175x_6x.a(iocon_17xx_40xx.o)
 .debug_macro   0x0000000000000000       0xb8 /mnt/DOC/MCUXpressoWorkSpace/lpc_chip_175x_6x/Debug/liblpc_chip_175x_6x.a(iocon_17xx_40xx.o)
 .debug_macro   0x0000000000000000       0x4c /mnt/DOC/MCUXpressoWorkSpace/lpc_chip_175x_6x/Debug/liblpc_chip_175x_6x.a(iocon_17xx_40xx.o)
 .debug_macro   0x0000000000000000       0x16 /mnt/DOC/MCUXpressoWorkSpace/lpc_chip_175x_6x/Debug/liblpc_chip_175x_6x.a(iocon_17xx_40xx.o)
 .debug_macro   0x0000000000000000      0x328 /mnt/DOC/MCUXpressoWorkSpace/lpc_chip_175x_6x/Debug/liblpc_chip_175x_6x.a(iocon_17xx_40xx.o)
 .debug_macro   0x0000000000000000       0x49 /mnt/DOC/MCUXpressoWorkSpace/lpc_chip_175x_6x/Debug/liblpc_chip_175x_6x.a(iocon_17xx_40xx.o)
 .debug_macro   0x0000000000000000       0x16 /mnt/DOC/MCUXpressoWorkSpace/lpc_chip_175x_6x/Debug/liblpc_chip_175x_6x.a(iocon_17xx_40xx.o)
 .debug_macro   0x0000000000000000       0xca /mnt/DOC/MCUXpressoWorkSpace/lpc_chip_175x_6x/Debug/liblpc_chip_175x_6x.a(iocon_17xx_40xx.o)
 .debug_macro   0x0000000000000000       0x18 /mnt/DOC/MCUXpressoWorkSpace/lpc_chip_175x_6x/Debug/liblpc_chip_175x_6x.a(iocon_17xx_40xx.o)
 .debug_line    0x0000000000000000      0x525 /mnt/DOC/MCUXpressoWorkSpace/lpc_chip_175x_6x/Debug/liblpc_chip_175x_6x.a(iocon_17xx_40xx.o)
 .debug_str     0x0000000000000000    0x10ec6 /mnt/DOC/MCUXpressoWorkSpace/lpc_chip_175x_6x/Debug/liblpc_chip_175x_6x.a(iocon_17xx_40xx.o)
 .comment       0x0000000000000000       0x77 /mnt/DOC/MCUXpressoWorkSpace/lpc_chip_175x_6x/Debug/liblpc_chip_175x_6x.a(iocon_17xx_40xx.o)
 .debug_frame   0x0000000000000000       0x80 /mnt/DOC/MCUXpressoWorkSpace/lpc_chip_175x_6x/Debug/liblpc_chip_175x_6x.a(iocon_17xx_40xx.o)
 .ARM.attributes
                0x0000000000000000       0x2d /mnt/DOC/MCUXpressoWorkSpace/lpc_chip_175x_6x/Debug/liblpc_chip_175x_6x.a(iocon_17xx_40xx.o)
 .group         0x0000000000000000        0xc /mnt/DOC/MCUXpressoWorkSpace/lpc_chip_175x_6x/Debug/liblpc_chip_175x_6x.a(sysinit_17xx_40xx.o)
 .group         0x0000000000000000        0xc /mnt/DOC/MCUXpressoWorkSpace/lpc_chip_175x_6x/Debug/liblpc_chip_175x_6x.a(sysinit_17xx_40xx.o)
 .group         0x0000000000000000        0xc /mnt/DOC/MCUXpressoWorkSpace/lpc_chip_175x_6x/Debug/liblpc_chip_175x_6x.a(sysinit_17xx_40xx.o)
 .group         0x0000000000000000        0xc /mnt/DOC/MCUXpressoWorkSpace/lpc_chip_175x_6x/Debug/liblpc_chip_175x_6x.a(sysinit_17xx_40xx.o)
 .group         0x0000000000000000        0xc /mnt/DOC/MCUXpressoWorkSpace/lpc_chip_175x_6x/Debug/liblpc_chip_175x_6x.a(sysinit_17xx_40xx.o)
 .group         0x0000000000000000        0xc /mnt/DOC/MCUXpressoWorkSpace/lpc_chip_175x_6x/Debug/liblpc_chip_175x_6x.a(sysinit_17xx_40xx.o)
 .group         0x0000000000000000        0xc /mnt/DOC/MCUXpressoWorkSpace/lpc_chip_175x_6x/Debug/liblpc_chip_175x_6x.a(sysinit_17xx_40xx.o)
 .group         0x0000000000000000        0xc /mnt/DOC/MCUXpressoWorkSpace/lpc_chip_175x_6x/Debug/liblpc_chip_175x_6x.a(sysinit_17xx_40xx.o)
 .group         0x0000000000000000        0xc /mnt/DOC/MCUXpressoWorkSpace/lpc_chip_175x_6x/Debug/liblpc_chip_175x_6x.a(sysinit_17xx_40xx.o)
 .group         0x0000000000000000        0xc /mnt/DOC/MCUXpressoWorkSpace/lpc_chip_175x_6x/Debug/liblpc_chip_175x_6x.a(sysinit_17xx_40xx.o)
 .group         0x0000000000000000        0xc /mnt/DOC/MCUXpressoWorkSpace/lpc_chip_175x_6x/Debug/liblpc_chip_175x_6x.a(sysinit_17xx_40xx.o)
 .group         0x0000000000000000        0xc /mnt/DOC/MCUXpressoWorkSpace/lpc_chip_175x_6x/Debug/liblpc_chip_175x_6x.a(sysinit_17xx_40xx.o)
 .group         0x0000000000000000        0xc /mnt/DOC/MCUXpressoWorkSpace/lpc_chip_175x_6x/Debug/liblpc_chip_175x_6x.a(sysinit_17xx_40xx.o)
 .group         0x0000000000000000        0xc /mnt/DOC/MCUXpressoWorkSpace/lpc_chip_175x_6x/Debug/liblpc_chip_175x_6x.a(sysinit_17xx_40xx.o)
 .group         0x0000000000000000        0xc /mnt/DOC/MCUXpressoWorkSpace/lpc_chip_175x_6x/Debug/liblpc_chip_175x_6x.a(sysinit_17xx_40xx.o)
 .group         0x0000000000000000        0xc /mnt/DOC/MCUXpressoWorkSpace/lpc_chip_175x_6x/Debug/liblpc_chip_175x_6x.a(sysinit_17xx_40xx.o)
 .group         0x0000000000000000        0xc /mnt/DOC/MCUXpressoWorkSpace/lpc_chip_175x_6x/Debug/liblpc_chip_175x_6x.a(sysinit_17xx_40xx.o)
 .group         0x0000000000000000        0xc /mnt/DOC/MCUXpressoWorkSpace/lpc_chip_175x_6x/Debug/liblpc_chip_175x_6x.a(sysinit_17xx_40xx.o)
 .group         0x0000000000000000        0xc /mnt/DOC/MCUXpressoWorkSpace/lpc_chip_175x_6x/Debug/liblpc_chip_175x_6x.a(sysinit_17xx_40xx.o)
 .group         0x0000000000000000        0xc /mnt/DOC/MCUXpressoWorkSpace/lpc_chip_175x_6x/Debug/liblpc_chip_175x_6x.a(sysinit_17xx_40xx.o)
 .group         0x0000000000000000        0xc /mnt/DOC/MCUXpressoWorkSpace/lpc_chip_175x_6x/Debug/liblpc_chip_175x_6x.a(sysinit_17xx_40xx.o)
 .group         0x0000000000000000        0xc /mnt/DOC/MCUXpressoWorkSpace/lpc_chip_175x_6x/Debug/liblpc_chip_175x_6x.a(sysinit_17xx_40xx.o)
 .group         0x0000000000000000        0xc /mnt/DOC/MCUXpressoWorkSpace/lpc_chip_175x_6x/Debug/liblpc_chip_175x_6x.a(sysinit_17xx_40xx.o)
 .group         0x0000000000000000        0xc /mnt/DOC/MCUXpressoWorkSpace/lpc_chip_175x_6x/Debug/liblpc_chip_175x_6x.a(sysinit_17xx_40xx.o)
 .group         0x0000000000000000        0xc /mnt/DOC/MCUXpressoWorkSpace/lpc_chip_175x_6x/Debug/liblpc_chip_175x_6x.a(sysinit_17xx_40xx.o)
 .group         0x0000000000000000        0xc /mnt/DOC/MCUXpressoWorkSpace/lpc_chip_175x_6x/Debug/liblpc_chip_175x_6x.a(sysinit_17xx_40xx.o)
 .group         0x0000000000000000        0xc /mnt/DOC/MCUXpressoWorkSpace/lpc_chip_175x_6x/Debug/liblpc_chip_175x_6x.a(sysinit_17xx_40xx.o)
 .group         0x0000000000000000        0xc /mnt/DOC/MCUXpressoWorkSpace/lpc_chip_175x_6x/Debug/liblpc_chip_175x_6x.a(sysinit_17xx_40xx.o)
 .group         0x0000000000000000        0xc /mnt/DOC/MCUXpressoWorkSpace/lpc_chip_175x_6x/Debug/liblpc_chip_175x_6x.a(sysinit_17xx_40xx.o)
 .group         0x0000000000000000        0xc /mnt/DOC/MCUXpressoWorkSpace/lpc_chip_175x_6x/Debug/liblpc_chip_175x_6x.a(sysinit_17xx_40xx.o)
 .group         0x0000000000000000        0xc /mnt/DOC/MCUXpressoWorkSpace/lpc_chip_175x_6x/Debug/liblpc_chip_175x_6x.a(sysinit_17xx_40xx.o)
 .group         0x0000000000000000        0xc /mnt/DOC/MCUXpressoWorkSpace/lpc_chip_175x_6x/Debug/liblpc_chip_175x_6x.a(sysinit_17xx_40xx.o)
 .group         0x0000000000000000        0xc /mnt/DOC/MCUXpressoWorkSpace/lpc_chip_175x_6x/Debug/liblpc_chip_175x_6x.a(sysinit_17xx_40xx.o)
 .group         0x0000000000000000        0xc /mnt/DOC/MCUXpressoWorkSpace/lpc_chip_175x_6x/Debug/liblpc_chip_175x_6x.a(sysinit_17xx_40xx.o)
 .group         0x0000000000000000        0xc /mnt/DOC/MCUXpressoWorkSpace/lpc_chip_175x_6x/Debug/liblpc_chip_175x_6x.a(sysinit_17xx_40xx.o)
 .text          0x0000000000000000        0x0 /mnt/DOC/MCUXpressoWorkSpace/lpc_chip_175x_6x/Debug/liblpc_chip_175x_6x.a(sysinit_17xx_40xx.o)
 .data          0x0000000000000000        0x0 /mnt/DOC/MCUXpressoWorkSpace/lpc_chip_175x_6x/Debug/liblpc_chip_175x_6x.a(sysinit_17xx_40xx.o)
 .bss           0x0000000000000000        0x0 /mnt/DOC/MCUXpressoWorkSpace/lpc_chip_175x_6x/Debug/liblpc_chip_175x_6x.a(sysinit_17xx_40xx.o)
 .text.Chip_SetupIrcClocking
                0x0000000000000000       0x6a /mnt/DOC/MCUXpressoWorkSpace/lpc_chip_175x_6x/Debug/liblpc_chip_175x_6x.a(sysinit_17xx_40xx.o)
 .text.Chip_SystemInit
                0x0000000000000000        0xc /mnt/DOC/MCUXpressoWorkSpace/lpc_chip_175x_6x/Debug/liblpc_chip_175x_6x.a(sysinit_17xx_40xx.o)
 .debug_macro   0x0000000000000000      0xa9c /mnt/DOC/MCUXpressoWorkSpace/lpc_chip_175x_6x/Debug/liblpc_chip_175x_6x.a(sysinit_17xx_40xx.o)
 .debug_macro   0x0000000000000000       0x10 /mnt/DOC/MCUXpressoWorkSpace/lpc_chip_175x_6x/Debug/liblpc_chip_175x_6x.a(sysinit_17xx_40xx.o)
 .debug_macro   0x0000000000000000      0x12e /mnt/DOC/MCUXpressoWorkSpace/lpc_chip_175x_6x/Debug/liblpc_chip_175x_6x.a(sysinit_17xx_40xx.o)
 .debug_macro   0x0000000000000000      0x5b3 /mnt/DOC/MCUXpressoWorkSpace/lpc_chip_175x_6x/Debug/liblpc_chip_175x_6x.a(sysinit_17xx_40xx.o)
 .debug_macro   0x0000000000000000       0x22 /mnt/DOC/MCUXpressoWorkSpace/lpc_chip_175x_6x/Debug/liblpc_chip_175x_6x.a(sysinit_17xx_40xx.o)
 .debug_macro   0x0000000000000000       0x7b /mnt/DOC/MCUXpressoWorkSpace/lpc_chip_175x_6x/Debug/liblpc_chip_175x_6x.a(sysinit_17xx_40xx.o)
 .debug_macro   0x0000000000000000       0x10 /mnt/DOC/MCUXpressoWorkSpace/lpc_chip_175x_6x/Debug/liblpc_chip_175x_6x.a(sysinit_17xx_40xx.o)
 .debug_macro   0x0000000000000000       0x2d /mnt/DOC/MCUXpressoWorkSpace/lpc_chip_175x_6x/Debug/liblpc_chip_175x_6x.a(sysinit_17xx_40xx.o)
 .debug_macro   0x0000000000000000       0x3a /mnt/DOC/MCUXpressoWorkSpace/lpc_chip_175x_6x/Debug/liblpc_chip_175x_6x.a(sysinit_17xx_40xx.o)
 .debug_macro   0x0000000000000000       0x2d /mnt/DOC/MCUXpressoWorkSpace/lpc_chip_175x_6x/Debug/liblpc_chip_175x_6x.a(sysinit_17xx_40xx.o)
 .debug_macro   0x0000000000000000      0xbb1 /mnt/DOC/MCUXpressoWorkSpace/lpc_chip_175x_6x/Debug/liblpc_chip_175x_6x.a(sysinit_17xx_40xx.o)
 .debug_macro   0x0000000000000000      0x22c /mnt/DOC/MCUXpressoWorkSpace/lpc_chip_175x_6x/Debug/liblpc_chip_175x_6x.a(sysinit_17xx_40xx.o)
 .debug_macro   0x0000000000000000       0x42 /mnt/DOC/MCUXpressoWorkSpace/lpc_chip_175x_6x/Debug/liblpc_chip_175x_6x.a(sysinit_17xx_40xx.o)
 .debug_macro   0x0000000000000000       0x52 /mnt/DOC/MCUXpressoWorkSpace/lpc_chip_175x_6x/Debug/liblpc_chip_175x_6x.a(sysinit_17xx_40xx.o)
 .debug_macro   0x0000000000000000       0x78 /mnt/DOC/MCUXpressoWorkSpace/lpc_chip_175x_6x/Debug/liblpc_chip_175x_6x.a(sysinit_17xx_40xx.o)
 .debug_macro   0x0000000000000000       0x82 /mnt/DOC/MCUXpressoWorkSpace/lpc_chip_175x_6x/Debug/liblpc_chip_175x_6x.a(sysinit_17xx_40xx.o)
 .debug_macro   0x0000000000000000      0x48c /mnt/DOC/MCUXpressoWorkSpace/lpc_chip_175x_6x/Debug/liblpc_chip_175x_6x.a(sysinit_17xx_40xx.o)
 .debug_macro   0x0000000000000000       0x34 /mnt/DOC/MCUXpressoWorkSpace/lpc_chip_175x_6x/Debug/liblpc_chip_175x_6x.a(sysinit_17xx_40xx.o)
 .debug_macro   0x0000000000000000      0x4c5 /mnt/DOC/MCUXpressoWorkSpace/lpc_chip_175x_6x/Debug/liblpc_chip_175x_6x.a(sysinit_17xx_40xx.o)
 .debug_macro   0x0000000000000000      0x1b7 /mnt/DOC/MCUXpressoWorkSpace/lpc_chip_175x_6x/Debug/liblpc_chip_175x_6x.a(sysinit_17xx_40xx.o)
 .debug_macro   0x0000000000000000       0x10 /mnt/DOC/MCUXpressoWorkSpace/lpc_chip_175x_6x/Debug/liblpc_chip_175x_6x.a(sysinit_17xx_40xx.o)
 .debug_macro   0x0000000000000000      0x21b /mnt/DOC/MCUXpressoWorkSpace/lpc_chip_175x_6x/Debug/liblpc_chip_175x_6x.a(sysinit_17xx_40xx.o)
 .debug_macro   0x0000000000000000      0x1b9 /mnt/DOC/MCUXpressoWorkSpace/lpc_chip_175x_6x/Debug/liblpc_chip_175x_6x.a(sysinit_17xx_40xx.o)
 .debug_macro   0x0000000000000000       0x40 /mnt/DOC/MCUXpressoWorkSpace/lpc_chip_175x_6x/Debug/liblpc_chip_175x_6x.a(sysinit_17xx_40xx.o)
 .debug_macro   0x0000000000000000       0x22 /mnt/DOC/MCUXpressoWorkSpace/lpc_chip_175x_6x/Debug/liblpc_chip_175x_6x.a(sysinit_17xx_40xx.o)
 .debug_macro   0x0000000000000000      0x162 /mnt/DOC/MCUXpressoWorkSpace/lpc_chip_175x_6x/Debug/liblpc_chip_175x_6x.a(sysinit_17xx_40xx.o)
 .debug_macro   0x0000000000000000       0x94 /mnt/DOC/MCUXpressoWorkSpace/lpc_chip_175x_6x/Debug/liblpc_chip_175x_6x.a(sysinit_17xx_40xx.o)
 .debug_macro   0x0000000000000000       0xb8 /mnt/DOC/MCUXpressoWorkSpace/lpc_chip_175x_6x/Debug/liblpc_chip_175x_6x.a(sysinit_17xx_40xx.o)
 .debug_macro   0x0000000000000000       0x4c /mnt/DOC/MCUXpressoWorkSpace/lpc_chip_175x_6x/Debug/liblpc_chip_175x_6x.a(sysinit_17xx_40xx.o)
 .debug_macro   0x0000000000000000       0x16 /mnt/DOC/MCUXpressoWorkSpace/lpc_chip_175x_6x/Debug/liblpc_chip_175x_6x.a(sysinit_17xx_40xx.o)
 .debug_macro   0x0000000000000000      0x328 /mnt/DOC/MCUXpressoWorkSpace/lpc_chip_175x_6x/Debug/liblpc_chip_175x_6x.a(sysinit_17xx_40xx.o)
 .debug_macro   0x0000000000000000       0x49 /mnt/DOC/MCUXpressoWorkSpace/lpc_chip_175x_6x/Debug/liblpc_chip_175x_6x.a(sysinit_17xx_40xx.o)
 .debug_macro   0x0000000000000000       0x16 /mnt/DOC/MCUXpressoWorkSpace/lpc_chip_175x_6x/Debug/liblpc_chip_175x_6x.a(sysinit_17xx_40xx.o)
 .debug_macro   0x0000000000000000       0xca /mnt/DOC/MCUXpressoWorkSpace/lpc_chip_175x_6x/Debug/liblpc_chip_175x_6x.a(sysinit_17xx_40xx.o)
 .debug_macro   0x0000000000000000       0x18 /mnt/DOC/MCUXpressoWorkSpace/lpc_chip_175x_6x/Debug/liblpc_chip_175x_6x.a(sysinit_17xx_40xx.o)
 .group         0x0000000000000000        0xc /mnt/DOC/MCUXpressoWorkSpace/lpc_chip_175x_6x/Debug/liblpc_chip_175x_6x.a(clock_17xx_40xx.o)
 .group         0x0000000000000000        0xc /mnt/DOC/MCUXpressoWorkSpace/lpc_chip_175x_6x/Debug/liblpc_chip_175x_6x.a(clock_17xx_40xx.o)
 .group         0x0000000000000000        0xc /mnt/DOC/MCUXpressoWorkSpace/lpc_chip_175x_6x/Debug/liblpc_chip_175x_6x.a(clock_17xx_40xx.o)
 .group         0x0000000000000000        0xc /mnt/DOC/MCUXpressoWorkSpace/lpc_chip_175x_6x/Debug/liblpc_chip_175x_6x.a(clock_17xx_40xx.o)
 .group         0x0000000000000000        0xc /mnt/DOC/MCUXpressoWorkSpace/lpc_chip_175x_6x/Debug/liblpc_chip_175x_6x.a(clock_17xx_40xx.o)
 .group         0x0000000000000000        0xc /mnt/DOC/MCUXpressoWorkSpace/lpc_chip_175x_6x/Debug/liblpc_chip_175x_6x.a(clock_17xx_40xx.o)
 .group         0x0000000000000000        0xc /mnt/DOC/MCUXpressoWorkSpace/lpc_chip_175x_6x/Debug/liblpc_chip_175x_6x.a(clock_17xx_40xx.o)
 .group         0x0000000000000000        0xc /mnt/DOC/MCUXpressoWorkSpace/lpc_chip_175x_6x/Debug/liblpc_chip_175x_6x.a(clock_17xx_40xx.o)
 .group         0x0000000000000000        0xc /mnt/DOC/MCUXpressoWorkSpace/lpc_chip_175x_6x/Debug/liblpc_chip_175x_6x.a(clock_17xx_40xx.o)
 .group         0x0000000000000000        0xc /mnt/DOC/MCUXpressoWorkSpace/lpc_chip_175x_6x/Debug/liblpc_chip_175x_6x.a(clock_17xx_40xx.o)
 .group         0x0000000000000000        0xc /mnt/DOC/MCUXpressoWorkSpace/lpc_chip_175x_6x/Debug/liblpc_chip_175x_6x.a(clock_17xx_40xx.o)
 .group         0x0000000000000000        0xc /mnt/DOC/MCUXpressoWorkSpace/lpc_chip_175x_6x/Debug/liblpc_chip_175x_6x.a(clock_17xx_40xx.o)
 .group         0x0000000000000000        0xc /mnt/DOC/MCUXpressoWorkSpace/lpc_chip_175x_6x/Debug/liblpc_chip_175x_6x.a(clock_17xx_40xx.o)
 .group         0x0000000000000000        0xc /mnt/DOC/MCUXpressoWorkSpace/lpc_chip_175x_6x/Debug/liblpc_chip_175x_6x.a(clock_17xx_40xx.o)
 .group         0x0000000000000000        0xc /mnt/DOC/MCUXpressoWorkSpace/lpc_chip_175x_6x/Debug/liblpc_chip_175x_6x.a(clock_17xx_40xx.o)
 .group         0x0000000000000000        0xc /mnt/DOC/MCUXpressoWorkSpace/lpc_chip_175x_6x/Debug/liblpc_chip_175x_6x.a(clock_17xx_40xx.o)
 .group         0x0000000000000000        0xc /mnt/DOC/MCUXpressoWorkSpace/lpc_chip_175x_6x/Debug/liblpc_chip_175x_6x.a(clock_17xx_40xx.o)
 .group         0x0000000000000000        0xc /mnt/DOC/MCUXpressoWorkSpace/lpc_chip_175x_6x/Debug/liblpc_chip_175x_6x.a(clock_17xx_40xx.o)
 .group         0x0000000000000000        0xc /mnt/DOC/MCUXpressoWorkSpace/lpc_chip_175x_6x/Debug/liblpc_chip_175x_6x.a(clock_17xx_40xx.o)
 .group         0x0000000000000000        0xc /mnt/DOC/MCUXpressoWorkSpace/lpc_chip_175x_6x/Debug/liblpc_chip_175x_6x.a(clock_17xx_40xx.o)
 .group         0x0000000000000000        0xc /mnt/DOC/MCUXpressoWorkSpace/lpc_chip_175x_6x/Debug/liblpc_chip_175x_6x.a(clock_17xx_40xx.o)
 .group         0x0000000000000000        0xc /mnt/DOC/MCUXpressoWorkSpace/lpc_chip_175x_6x/Debug/liblpc_chip_175x_6x.a(clock_17xx_40xx.o)
 .group         0x0000000000000000        0xc /mnt/DOC/MCUXpressoWorkSpace/lpc_chip_175x_6x/Debug/liblpc_chip_175x_6x.a(clock_17xx_40xx.o)
 .group         0x0000000000000000        0xc /mnt/DOC/MCUXpressoWorkSpace/lpc_chip_175x_6x/Debug/liblpc_chip_175x_6x.a(clock_17xx_40xx.o)
 .group         0x0000000000000000        0xc /mnt/DOC/MCUXpressoWorkSpace/lpc_chip_175x_6x/Debug/liblpc_chip_175x_6x.a(clock_17xx_40xx.o)
 .group         0x0000000000000000        0xc /mnt/DOC/MCUXpressoWorkSpace/lpc_chip_175x_6x/Debug/liblpc_chip_175x_6x.a(clock_17xx_40xx.o)
 .group         0x0000000000000000        0xc /mnt/DOC/MCUXpressoWorkSpace/lpc_chip_175x_6x/Debug/liblpc_chip_175x_6x.a(clock_17xx_40xx.o)
 .group         0x0000000000000000        0xc /mnt/DOC/MCUXpressoWorkSpace/lpc_chip_175x_6x/Debug/liblpc_chip_175x_6x.a(clock_17xx_40xx.o)
 .group         0x0000000000000000        0xc /mnt/DOC/MCUXpressoWorkSpace/lpc_chip_175x_6x/Debug/liblpc_chip_175x_6x.a(clock_17xx_40xx.o)
 .group         0x0000000000000000        0xc /mnt/DOC/MCUXpressoWorkSpace/lpc_chip_175x_6x/Debug/liblpc_chip_175x_6x.a(clock_17xx_40xx.o)
 .group         0x0000000000000000        0xc /mnt/DOC/MCUXpressoWorkSpace/lpc_chip_175x_6x/Debug/liblpc_chip_175x_6x.a(clock_17xx_40xx.o)
 .group         0x0000000000000000        0xc /mnt/DOC/MCUXpressoWorkSpace/lpc_chip_175x_6x/Debug/liblpc_chip_175x_6x.a(clock_17xx_40xx.o)
 .group         0x0000000000000000        0xc /mnt/DOC/MCUXpressoWorkSpace/lpc_chip_175x_6x/Debug/liblpc_chip_175x_6x.a(clock_17xx_40xx.o)
 .group         0x0000000000000000        0xc /mnt/DOC/MCUXpressoWorkSpace/lpc_chip_175x_6x/Debug/liblpc_chip_175x_6x.a(clock_17xx_40xx.o)
 .group         0x0000000000000000        0xc /mnt/DOC/MCUXpressoWorkSpace/lpc_chip_175x_6x/Debug/liblpc_chip_175x_6x.a(clock_17xx_40xx.o)
 .text          0x0000000000000000        0x0 /mnt/DOC/MCUXpressoWorkSpace/lpc_chip_175x_6x/Debug/liblpc_chip_175x_6x.a(clock_17xx_40xx.o)
 .data          0x0000000000000000        0x0 /mnt/DOC/MCUXpressoWorkSpace/lpc_chip_175x_6x/Debug/liblpc_chip_175x_6x.a(clock_17xx_40xx.o)
 .bss           0x0000000000000000        0x0 /mnt/DOC/MCUXpressoWorkSpace/lpc_chip_175x_6x/Debug/liblpc_chip_175x_6x.a(clock_17xx_40xx.o)
 .text.Chip_Clock_IsMainPLLEnabled
                0x0000000000000000       0x24 /mnt/DOC/MCUXpressoWorkSpace/lpc_chip_175x_6x/Debug/liblpc_chip_175x_6x.a(clock_17xx_40xx.o)
 .text.Chip_Clock_IsUSBPLLEnabled
                0x0000000000000000       0x24 /mnt/DOC/MCUXpressoWorkSpace/lpc_chip_175x_6x/Debug/liblpc_chip_175x_6x.a(clock_17xx_40xx.o)
 .text.Chip_Clock_IsMainPLLConnected
                0x0000000000000000       0x24 /mnt/DOC/MCUXpressoWorkSpace/lpc_chip_175x_6x/Debug/liblpc_chip_175x_6x.a(clock_17xx_40xx.o)
 .text.Chip_Clock_IsUSBPLLConnected
                0x0000000000000000       0x24 /mnt/DOC/MCUXpressoWorkSpace/lpc_chip_175x_6x/Debug/liblpc_chip_175x_6x.a(clock_17xx_40xx.o)
 .text.Chip_Clock_GetMainPLLSource
                0x0000000000000000       0x20 /mnt/DOC/MCUXpressoWorkSpace/lpc_chip_175x_6x/Debug/liblpc_chip_175x_6x.a(clock_17xx_40xx.o)
 .text.Chip_Clock_GetMainOscRate
                0x0000000000000000       0x14 /mnt/DOC/MCUXpressoWorkSpace/lpc_chip_175x_6x/Debug/liblpc_chip_175x_6x.a(clock_17xx_40xx.o)
 .text.Chip_Clock_GetIntOscRate
                0x0000000000000000       0x14 /mnt/DOC/MCUXpressoWorkSpace/lpc_chip_175x_6x/Debug/liblpc_chip_175x_6x.a(clock_17xx_40xx.o)
 .text.Chip_Clock_GetRTCOscRate
                0x0000000000000000       0x14 /mnt/DOC/MCUXpressoWorkSpace/lpc_chip_175x_6x/Debug/liblpc_chip_175x_6x.a(clock_17xx_40xx.o)
 .text.Chip_Clock_GetMainPLLInClockRate
                0x0000000000000000        0xe /mnt/DOC/MCUXpressoWorkSpace/lpc_chip_175x_6x/Debug/liblpc_chip_175x_6x.a(clock_17xx_40xx.o)
 .text.Chip_Clock_GetUSBPLLInClockRate
                0x0000000000000000        0xe /mnt/DOC/MCUXpressoWorkSpace/lpc_chip_175x_6x/Debug/liblpc_chip_175x_6x.a(clock_17xx_40xx.o)
 .text.Chip_Clock_EnablePeriphClock
                0x0000000000000000       0x34 /mnt/DOC/MCUXpressoWorkSpace/lpc_chip_175x_6x/Debug/liblpc_chip_175x_6x.a(clock_17xx_40xx.o)
 .text.Chip_Clock_DisablePeriphClock
                0x0000000000000000       0x38 /mnt/DOC/MCUXpressoWorkSpace/lpc_chip_175x_6x/Debug/liblpc_chip_175x_6x.a(clock_17xx_40xx.o)
 .text.Chip_Clock_IsPeripheralClockEnabled
                0x0000000000000000       0x3c /mnt/DOC/MCUXpressoWorkSpace/lpc_chip_175x_6x/Debug/liblpc_chip_175x_6x.a(clock_17xx_40xx.o)
 .text.Chip_Clock_SetCPUClockSource
                0x0000000000000000       0x2a /mnt/DOC/MCUXpressoWorkSpace/lpc_chip_175x_6x/Debug/liblpc_chip_175x_6x.a(clock_17xx_40xx.o)
 .text.Chip_Clock_GetCPUClockSource
                0x0000000000000000       0x24 /mnt/DOC/MCUXpressoWorkSpace/lpc_chip_175x_6x/Debug/liblpc_chip_175x_6x.a(clock_17xx_40xx.o)
 .text.Chip_Clock_GetCPUClockDiv
                0x0000000000000000       0x1c /mnt/DOC/MCUXpressoWorkSpace/lpc_chip_175x_6x/Debug/liblpc_chip_175x_6x.a(clock_17xx_40xx.o)
 .text.Chip_Clock_SetUSBClockDiv
                0x0000000000000000       0x30 /mnt/DOC/MCUXpressoWorkSpace/lpc_chip_175x_6x/Debug/liblpc_chip_175x_6x.a(clock_17xx_40xx.o)
 .text.Chip_Clock_GetUSBClockDiv
                0x0000000000000000       0x1c /mnt/DOC/MCUXpressoWorkSpace/lpc_chip_175x_6x/Debug/liblpc_chip_175x_6x.a(clock_17xx_40xx.o)
 .text.Chip_Clock_SetPCLKDiv
                0x0000000000000000       0x64 /mnt/DOC/MCUXpressoWorkSpace/lpc_chip_175x_6x/Debug/liblpc_chip_175x_6x.a(clock_17xx_40xx.o)
 .text.Chip_Clock_GetPCLKDiv
                0x0000000000000000       0x8c /mnt/DOC/MCUXpressoWorkSpace/lpc_chip_175x_6x/Debug/liblpc_chip_175x_6x.a(clock_17xx_40xx.o)
 .text.Chip_Clock_SetCLKOUTSource
                0x0000000000000000       0x44 /mnt/DOC/MCUXpressoWorkSpace/lpc_chip_175x_6x/Debug/liblpc_chip_175x_6x.a(clock_17xx_40xx.o)
 .text.Chip_Clock_GetSYSCLKRate
                0x0000000000000000       0x34 /mnt/DOC/MCUXpressoWorkSpace/lpc_chip_175x_6x/Debug/liblpc_chip_175x_6x.a(clock_17xx_40xx.o)
 .text.Chip_Clock_GetMainPLLOutClockRate
                0x0000000000000000       0x54 /mnt/DOC/MCUXpressoWorkSpace/lpc_chip_175x_6x/Debug/liblpc_chip_175x_6x.a(clock_17xx_40xx.o)
 .text.Chip_Clock_GetUSBPLLOutClockRate
                0x0000000000000000       0x40 /mnt/DOC/MCUXpressoWorkSpace/lpc_chip_175x_6x/Debug/liblpc_chip_175x_6x.a(clock_17xx_40xx.o)
 .text.Chip_Clock_GetMainClockRate
                0x0000000000000000       0x28 /mnt/DOC/MCUXpressoWorkSpace/lpc_chip_175x_6x/Debug/liblpc_chip_175x_6x.a(clock_17xx_40xx.o)
 .text.Chip_Clock_GetSystemClockRate
                0x0000000000000000       0x18 /mnt/DOC/MCUXpressoWorkSpace/lpc_chip_175x_6x/Debug/liblpc_chip_175x_6x.a(clock_17xx_40xx.o)
 .text.Chip_Clock_GetUSBClockRate
                0x0000000000000000       0x38 /mnt/DOC/MCUXpressoWorkSpace/lpc_chip_175x_6x/Debug/liblpc_chip_175x_6x.a(clock_17xx_40xx.o)
 .text.Chip_Clock_GetPeripheralClockRate
                0x0000000000000000       0x26 /mnt/DOC/MCUXpressoWorkSpace/lpc_chip_175x_6x/Debug/liblpc_chip_175x_6x.a(clock_17xx_40xx.o)
 .debug_macro   0x0000000000000000      0xa9c /mnt/DOC/MCUXpressoWorkSpace/lpc_chip_175x_6x/Debug/liblpc_chip_175x_6x.a(clock_17xx_40xx.o)
 .debug_macro   0x0000000000000000       0x10 /mnt/DOC/MCUXpressoWorkSpace/lpc_chip_175x_6x/Debug/liblpc_chip_175x_6x.a(clock_17xx_40xx.o)
 .debug_macro   0x0000000000000000      0x12e /mnt/DOC/MCUXpressoWorkSpace/lpc_chip_175x_6x/Debug/liblpc_chip_175x_6x.a(clock_17xx_40xx.o)
 .debug_macro   0x0000000000000000      0x5b3 /mnt/DOC/MCUXpressoWorkSpace/lpc_chip_175x_6x/Debug/liblpc_chip_175x_6x.a(clock_17xx_40xx.o)
 .debug_macro   0x0000000000000000       0x22 /mnt/DOC/MCUXpressoWorkSpace/lpc_chip_175x_6x/Debug/liblpc_chip_175x_6x.a(clock_17xx_40xx.o)
 .debug_macro   0x0000000000000000       0x7b /mnt/DOC/MCUXpressoWorkSpace/lpc_chip_175x_6x/Debug/liblpc_chip_175x_6x.a(clock_17xx_40xx.o)
 .debug_macro   0x0000000000000000       0x10 /mnt/DOC/MCUXpressoWorkSpace/lpc_chip_175x_6x/Debug/liblpc_chip_175x_6x.a(clock_17xx_40xx.o)
 .debug_macro   0x0000000000000000       0x2d /mnt/DOC/MCUXpressoWorkSpace/lpc_chip_175x_6x/Debug/liblpc_chip_175x_6x.a(clock_17xx_40xx.o)
 .debug_macro   0x0000000000000000       0x3a /mnt/DOC/MCUXpressoWorkSpace/lpc_chip_175x_6x/Debug/liblpc_chip_175x_6x.a(clock_17xx_40xx.o)
 .debug_macro   0x0000000000000000       0x2d /mnt/DOC/MCUXpressoWorkSpace/lpc_chip_175x_6x/Debug/liblpc_chip_175x_6x.a(clock_17xx_40xx.o)
 .debug_macro   0x0000000000000000      0xbb1 /mnt/DOC/MCUXpressoWorkSpace/lpc_chip_175x_6x/Debug/liblpc_chip_175x_6x.a(clock_17xx_40xx.o)
 .debug_macro   0x0000000000000000      0x22c /mnt/DOC/MCUXpressoWorkSpace/lpc_chip_175x_6x/Debug/liblpc_chip_175x_6x.a(clock_17xx_40xx.o)
 .debug_macro   0x0000000000000000       0x42 /mnt/DOC/MCUXpressoWorkSpace/lpc_chip_175x_6x/Debug/liblpc_chip_175x_6x.a(clock_17xx_40xx.o)
 .debug_macro   0x0000000000000000       0x52 /mnt/DOC/MCUXpressoWorkSpace/lpc_chip_175x_6x/Debug/liblpc_chip_175x_6x.a(clock_17xx_40xx.o)
 .debug_macro   0x0000000000000000       0x78 /mnt/DOC/MCUXpressoWorkSpace/lpc_chip_175x_6x/Debug/liblpc_chip_175x_6x.a(clock_17xx_40xx.o)
 .debug_macro   0x0000000000000000       0x82 /mnt/DOC/MCUXpressoWorkSpace/lpc_chip_175x_6x/Debug/liblpc_chip_175x_6x.a(clock_17xx_40xx.o)
 .debug_macro   0x0000000000000000      0x48c /mnt/DOC/MCUXpressoWorkSpace/lpc_chip_175x_6x/Debug/liblpc_chip_175x_6x.a(clock_17xx_40xx.o)
 .debug_macro   0x0000000000000000       0x34 /mnt/DOC/MCUXpressoWorkSpace/lpc_chip_175x_6x/Debug/liblpc_chip_175x_6x.a(clock_17xx_40xx.o)
 .debug_macro   0x0000000000000000      0x4c5 /mnt/DOC/MCUXpressoWorkSpace/lpc_chip_175x_6x/Debug/liblpc_chip_175x_6x.a(clock_17xx_40xx.o)
 .debug_macro   0x0000000000000000      0x1b7 /mnt/DOC/MCUXpressoWorkSpace/lpc_chip_175x_6x/Debug/liblpc_chip_175x_6x.a(clock_17xx_40xx.o)
 .debug_macro   0x0000000000000000       0x10 /mnt/DOC/MCUXpressoWorkSpace/lpc_chip_175x_6x/Debug/liblpc_chip_175x_6x.a(clock_17xx_40xx.o)
 .debug_macro   0x0000000000000000      0x21b /mnt/DOC/MCUXpressoWorkSpace/lpc_chip_175x_6x/Debug/liblpc_chip_175x_6x.a(clock_17xx_40xx.o)
 .debug_macro   0x0000000000000000      0x1b9 /mnt/DOC/MCUXpressoWorkSpace/lpc_chip_175x_6x/Debug/liblpc_chip_175x_6x.a(clock_17xx_40xx.o)
 .debug_macro   0x0000000000000000       0x40 /mnt/DOC/MCUXpressoWorkSpace/lpc_chip_175x_6x/Debug/liblpc_chip_175x_6x.a(clock_17xx_40xx.o)
 .debug_macro   0x0000000000000000       0x22 /mnt/DOC/MCUXpressoWorkSpace/lpc_chip_175x_6x/Debug/liblpc_chip_175x_6x.a(clock_17xx_40xx.o)
 .debug_macro   0x0000000000000000      0x162 /mnt/DOC/MCUXpressoWorkSpace/lpc_chip_175x_6x/Debug/liblpc_chip_175x_6x.a(clock_17xx_40xx.o)
 .debug_macro   0x0000000000000000       0x94 /mnt/DOC/MCUXpressoWorkSpace/lpc_chip_175x_6x/Debug/liblpc_chip_175x_6x.a(clock_17xx_40xx.o)
 .debug_macro   0x0000000000000000       0xb8 /mnt/DOC/MCUXpressoWorkSpace/lpc_chip_175x_6x/Debug/liblpc_chip_175x_6x.a(clock_17xx_40xx.o)
 .debug_macro   0x0000000000000000       0x4c /mnt/DOC/MCUXpressoWorkSpace/lpc_chip_175x_6x/Debug/liblpc_chip_175x_6x.a(clock_17xx_40xx.o)
 .debug_macro   0x0000000000000000       0x16 /mnt/DOC/MCUXpressoWorkSpace/lpc_chip_175x_6x/Debug/liblpc_chip_175x_6x.a(clock_17xx_40xx.o)
 .debug_macro   0x0000000000000000      0x328 /mnt/DOC/MCUXpressoWorkSpace/lpc_chip_175x_6x/Debug/liblpc_chip_175x_6x.a(clock_17xx_40xx.o)
 .debug_macro   0x0000000000000000       0x49 /mnt/DOC/MCUXpressoWorkSpace/lpc_chip_175x_6x/Debug/liblpc_chip_175x_6x.a(clock_17xx_40xx.o)
 .debug_macro   0x0000000000000000       0x16 /mnt/DOC/MCUXpressoWorkSpace/lpc_chip_175x_6x/Debug/liblpc_chip_175x_6x.a(clock_17xx_40xx.o)
 .debug_macro   0x0000000000000000       0xca /mnt/DOC/MCUXpressoWorkSpace/lpc_chip_175x_6x/Debug/liblpc_chip_175x_6x.a(clock_17xx_40xx.o)
 .debug_macro   0x0000000000000000       0x18 /mnt/DOC/MCUXpressoWorkSpace/lpc_chip_175x_6x/Debug/liblpc_chip_175x_6x.a(clock_17xx_40xx.o)
 .text          0x0000000000000000        0x0 /usr/local/mcuxpressoide-11.1.0_3209/ide/plugins/com.nxp.mcuxpresso.tools.linux_11.1.0.201909161352/tools/bin/../lib/gcc/arm-none-eabi/8.3.1/../../../../arm-none-eabi/lib/thumb/v7-m/nofp/libcr_c.a(__weak__main.o)
 .data          0x0000000000000000        0x0 /usr/local/mcuxpressoide-11.1.0_3209/ide/plugins/com.nxp.mcuxpresso.tools.linux_11.1.0.201909161352/tools/bin/../lib/gcc/arm-none-eabi/8.3.1/../../../../arm-none-eabi/lib/thumb/v7-m/nofp/libcr_c.a(__weak__main.o)
 .bss           0x0000000000000000        0x0 /usr/local/mcuxpressoide-11.1.0_3209/ide/plugins/com.nxp.mcuxpresso.tools.linux_11.1.0.201909161352/tools/bin/../lib/gcc/arm-none-eabi/8.3.1/../../../../arm-none-eabi/lib/thumb/v7-m/nofp/libcr_c.a(__weak__main.o)

Memory Configuration

Name             Origin             Length             Attributes
MFlash512        0x0000000000000000 0x0000000000080000 xr
RamLoc32         0x0000000010000000 0x0000000000008000 xrw
RamAHB32         0x000000002007c000 0x0000000000008000 xrw
*default*        0x0000000000000000 0xffffffffffffffff

Linker script and memory map

LOAD ./src/cr_startup_lpc175x_6x.o
LOAD ./src/lpc1769.o
LOAD ./src/sysinit.o
LOAD /mnt/DOC/MCUXpressoWorkSpace/lpc_board_nxp_lpcxpresso_1769/Debug/liblpc_board_nxp_lpcxpresso_1769.a
LOAD /mnt/DOC/MCUXpressoWorkSpace/lpc_chip_175x_6x/Debug/liblpc_chip_175x_6x.a
START GROUP
LOAD /usr/local/mcuxpressoide-11.1.0_3209/ide/plugins/com.nxp.mcuxpresso.tools.linux_11.1.0.201909161352/tools/bin/../lib/gcc/arm-none-eabi/8.3.1/../../../../arm-none-eabi/lib/thumb/v7-m/nofp/libcr_c.a
LOAD /usr/local/mcuxpressoide-11.1.0_3209/ide/plugins/com.nxp.mcuxpresso.tools.linux_11.1.0.201909161352/tools/bin/../lib/gcc/arm-none-eabi/8.3.1/thumb/v7-m/nofp/libcr_eabihelpers.a
LOAD /usr/local/mcuxpressoide-11.1.0_3209/ide/plugins/com.nxp.mcuxpresso.tools.linux_11.1.0.201909161352/tools/bin/../lib/gcc/arm-none-eabi/8.3.1/thumb/v7-m/nofp/libgcc.a
END GROUP
                0x0000000000000000                __base_MFlash512 = 0x0
                0x0000000000000000                __base_Flash = 0x0
                0x0000000000080000                __top_MFlash512 = 0x80000
                0x0000000000080000                __top_Flash = 0x80000
                0x0000000010000000                __base_RamLoc32 = 0x10000000
                0x0000000010000000                __base_RAM = 0x10000000
                0x0000000010008000                __top_RamLoc32 = 0x10008000
                0x0000000010008000                __top_RAM = 0x10008000
                0x000000002007c000                __base_RamAHB32 = 0x2007c000
                0x000000002007c000                __base_RAM2 = 0x2007c000
                0x0000000020084000                __top_RamAHB32 = 0x20084000
                0x0000000020084000                __top_RAM2 = 0x20084000

.text           0x0000000000000000      0x940
 FILL mask 0xff
                0x0000000000000000                __vectors_start__ = ABSOLUTE (.)
 *(.isr_vector)
 .isr_vector    0x0000000000000000       0xcc ./src/cr_startup_lpc175x_6x.o
                0x0000000000000000                g_pfnVectors
                0x00000000000000cc                . = ALIGN (0x4)
                0x00000000000000cc                __section_table_start = .
                0x00000000000000cc                __data_section_table = .
                0x00000000000000cc        0x4 LONG 0x940 LOADADDR (.data)
                0x00000000000000d0        0x4 LONG 0x10000000 ADDR (.data)
                0x00000000000000d4        0x4 LONG 0x0 SIZEOF (.data)
                0x00000000000000d8        0x4 LONG 0x940 LOADADDR (.data_RAM2)
                0x00000000000000dc        0x4 LONG 0x2007c000 ADDR (.data_RAM2)
                0x00000000000000e0        0x4 LONG 0x0 SIZEOF (.data_RAM2)
                0x00000000000000e4                __data_section_table_end = .
                0x00000000000000e4                __bss_section_table = .
                0x00000000000000e4        0x4 LONG 0x10000000 ADDR (.bss)
                0x00000000000000e8        0x4 LONG 0x10 SIZEOF (.bss)
                0x00000000000000ec        0x4 LONG 0x2007c000 ADDR (.bss_RAM2)
                0x00000000000000f0        0x4 LONG 0x0 SIZEOF (.bss_RAM2)
                0x00000000000000f4                __bss_section_table_end = .
                0x00000000000000f4                __section_table_end = .
 *(.after_vectors*)
 .after_vectors
                0x00000000000000f4      0x12c ./src/cr_startup_lpc175x_6x.o
                0x00000000000000f4                data_init
                0x0000000000000136                bss_init
                0x000000000000016c                ResetISR
                0x00000000000001e4                NMI_Handler
                0x00000000000001ea                HardFault_Handler
                0x00000000000001f0                MemManage_Handler
                0x00000000000001f6                BusFault_Handler
                0x00000000000001fc                UsageFault_Handler
                0x0000000000000202                SVC_Handler
                0x0000000000000208                DebugMon_Handler
                0x000000000000020e                PendSV_Handler
                0x0000000000000214                SysTick_Handler
                0x000000000000021a                RIT_IRQHandler
                0x000000000000021a                I2C0_IRQHandler
                0x000000000000021a                USBActivity_IRQHandler
                0x000000000000021a                PWM1_IRQHandler
                0x000000000000021a                I2C1_IRQHandler
                0x000000000000021a                EINT2_IRQHandler
                0x000000000000021a                UART1_IRQHandler
                0x000000000000021a                CANActivity_IRQHandler
                0x000000000000021a                TIMER3_IRQHandler
                0x000000000000021a                UART0_IRQHandler
                0x000000000000021a                IntDefaultHandler
                0x000000000000021a                PLL0_IRQHandler
                0x000000000000021a                CAN_IRQHandler
                0x000000000000021a                PLL1_IRQHandler
                0x000000000000021a                SSP0_IRQHandler
                0x000000000000021a                I2S_IRQHandler
                0x000000000000021a                I2C2_IRQHandler
                0x000000000000021a                RTC_IRQHandler
                0x000000000000021a                TIMER0_IRQHandler
                0x000000000000021a                SPI_IRQHandler
                0x000000000000021a                EINT1_IRQHandler
                0x000000000000021a                TIMER1_IRQHandler
                0x000000000000021a                UART2_IRQHandler
                0x000000000000021a                ADC_IRQHandler
                0x000000000000021a                SSP1_IRQHandler
                0x000000000000021a                USB_IRQHandler
                0x000000000000021a                BOD_IRQHandler
                0x000000000000021a                WDT_IRQHandler
                0x000000000000021a                QEI_IRQHandler
                0x000000000000021a                EINT0_IRQHandler
                0x000000000000021a                ETH_IRQHandler
                0x000000000000021a                DMA_IRQHandler
                0x000000000000021a                UART3_IRQHandler
                0x000000000000021a                MCPWM_IRQHandler
 *(.text*)
 .text.EINT3_IRQHandler
                0x0000000000000220       0x1c ./src/lpc1769.o
                0x0000000000000220                EINT3_IRQHandler
 .text.TIMER2_IRQHandler
                0x000000000000023c       0x94 ./src/lpc1769.o
                0x000000000000023c                TIMER2_IRQHandler
 .text.setDelayms
                0x00000000000002d0       0x48 ./src/lpc1769.o
                0x00000000000002d0                setDelayms
 .text.main     0x0000000000000318      0x320 ./src/lpc1769.o
                0x0000000000000318                main
 .text.SystemInit
                0x0000000000000638       0x24 ./src/sysinit.o
                0x0000000000000638                SystemInit
 .text.Chip_SYSCTL_SetFLASHAccess
                0x000000000000065c       0x30 /mnt/DOC/MCUXpressoWorkSpace/lpc_board_nxp_lpcxpresso_1769/Debug/liblpc_board_nxp_lpcxpresso_1769.a(board_sysinit.o)
 .text.Board_SetupClocking
                0x000000000000068c       0x12 /mnt/DOC/MCUXpressoWorkSpace/lpc_board_nxp_lpcxpresso_1769/Debug/liblpc_board_nxp_lpcxpresso_1769.a(board_sysinit.o)
                0x000000000000068c                Board_SetupClocking
 *fill*         0x000000000000069e        0x2 ff
 .text.Chip_Clock_IsMainPLLEnabled
                0x00000000000006a0       0x24 /mnt/DOC/MCUXpressoWorkSpace/lpc_chip_175x_6x/Debug/liblpc_chip_175x_6x.a(sysinit_17xx_40xx.o)
 .text.Chip_Clock_IsMainPLLLocked
                0x00000000000006c4       0x24 /mnt/DOC/MCUXpressoWorkSpace/lpc_chip_175x_6x/Debug/liblpc_chip_175x_6x.a(sysinit_17xx_40xx.o)
 .text.Chip_Clock_IsMainPLLConnected
                0x00000000000006e8       0x24 /mnt/DOC/MCUXpressoWorkSpace/lpc_chip_175x_6x/Debug/liblpc_chip_175x_6x.a(sysinit_17xx_40xx.o)
 .text.Chip_Clock_EnableCrystal
                0x000000000000070c       0x20 /mnt/DOC/MCUXpressoWorkSpace/lpc_chip_175x_6x/Debug/liblpc_chip_175x_6x.a(sysinit_17xx_40xx.o)
 .text.Chip_Clock_IsCrystalEnabled
                0x000000000000072c       0x24 /mnt/DOC/MCUXpressoWorkSpace/lpc_chip_175x_6x/Debug/liblpc_chip_175x_6x.a(sysinit_17xx_40xx.o)
 .text.Chip_Clock_SetMainPLLSource
                0x0000000000000750       0x20 /mnt/DOC/MCUXpressoWorkSpace/lpc_chip_175x_6x/Debug/liblpc_chip_175x_6x.a(sysinit_17xx_40xx.o)
 .text.Chip_SetupXtalClocking
                0x0000000000000770       0x90 /mnt/DOC/MCUXpressoWorkSpace/lpc_chip_175x_6x/Debug/liblpc_chip_175x_6x.a(sysinit_17xx_40xx.o)
                0x0000000000000770                Chip_SetupXtalClocking
 .text.Chip_Clock_FeedPLL
                0x0000000000000800       0x34 /mnt/DOC/MCUXpressoWorkSpace/lpc_chip_175x_6x/Debug/liblpc_chip_175x_6x.a(clock_17xx_40xx.o)
 .text.Chip_Clock_EnablePLL
                0x0000000000000834       0x44 /mnt/DOC/MCUXpressoWorkSpace/lpc_chip_175x_6x/Debug/liblpc_chip_175x_6x.a(clock_17xx_40xx.o)
                0x0000000000000834                Chip_Clock_EnablePLL
 .text.Chip_Clock_DisablePLL
                0x0000000000000878       0x48 /mnt/DOC/MCUXpressoWorkSpace/lpc_chip_175x_6x/Debug/liblpc_chip_175x_6x.a(clock_17xx_40xx.o)
                0x0000000000000878                Chip_Clock_DisablePLL
 .text.Chip_Clock_SetupPLL
                0x00000000000008c0       0x5c /mnt/DOC/MCUXpressoWorkSpace/lpc_chip_175x_6x/Debug/liblpc_chip_175x_6x.a(clock_17xx_40xx.o)
                0x00000000000008c0                Chip_Clock_SetupPLL
 .text.Chip_Clock_SetCPUClockDiv
                0x000000000000091c       0x20 /mnt/DOC/MCUXpressoWorkSpace/lpc_chip_175x_6x/Debug/liblpc_chip_175x_6x.a(clock_17xx_40xx.o)
                0x000000000000091c                Chip_Clock_SetCPUClockDiv
 .text.__weak_main
                0x000000000000093c        0x4 /usr/local/mcuxpressoide-11.1.0_3209/ide/plugins/com.nxp.mcuxpresso.tools.linux_11.1.0.201909161352/tools/bin/../lib/gcc/arm-none-eabi/8.3.1/../../../../arm-none-eabi/lib/thumb/v7-m/nofp/libcr_c.a(__weak__main.o)
                0x000000000000093c                __main
                0x000000000000093c                __weak_main
 *(.rodata .rodata.* .constdata .constdata.*)
                0x0000000000000940                . = ALIGN (0x4)

.glue_7         0x0000000000000940        0x0
 .glue_7        0x0000000000000940        0x0 linker stubs

.glue_7t        0x0000000000000940        0x0
 .glue_7t       0x0000000000000940        0x0 linker stubs

.vfp11_veneer   0x0000000000000940        0x0
 .vfp11_veneer  0x0000000000000940        0x0 linker stubs

.v4_bx          0x0000000000000940        0x0
 .v4_bx         0x0000000000000940        0x0 linker stubs

.iplt           0x0000000000000940        0x0
 .iplt          0x0000000000000940        0x0 ./src/cr_startup_lpc175x_6x.o

.rel.dyn        0x0000000000000940        0x0
 .rel.iplt      0x0000000000000940        0x0 ./src/cr_startup_lpc175x_6x.o

.ARM.extab
 *(.ARM.extab* .gnu.linkonce.armextab.*)
                0x0000000000000940                __exidx_start = .

.ARM.exidx
 *(.ARM.exidx* .gnu.linkonce.armexidx.*)
                0x0000000000000940                __exidx_end = .
                0x0000000000000940                _etext = .

.data_RAM2      0x000000002007c000        0x0 load address 0x0000000000000940
 FILL mask 0xff
                [!provide]                        PROVIDE (__start_data_RAM2 = .)
                [!provide]                        PROVIDE (__start_data_RamAHB32 = .)
 *(.ramfunc.$RAM2)
 *(.ramfunc.$RamAHB32)
 *(.data.$RAM2)
 *(.data.$RamAHB32)
 *(.data.$RAM2.*)
 *(.data.$RamAHB32.*)
                0x000000002007c000                . = ALIGN (0x4)
                [!provide]                        PROVIDE (__end_data_RAM2 = .)
                [!provide]                        PROVIDE (__end_data_RamAHB32 = .)

.uninit_RESERVED
                0x0000000010000000        0x0
                0x0000000010000000                _start_uninit_RESERVED = .
 *(.bss.$RESERVED*)
                0x0000000010000000                . = ALIGN (0x4)
                0x0000000010000000                _end_uninit_RESERVED = .

.data           0x0000000010000000        0x0 load address 0x0000000000000940
 FILL mask 0xff
                0x0000000010000000                _data = .
                [!provide]                        PROVIDE (__start_data_RAM = .)
                [!provide]                        PROVIDE (__start_data_RamLoc32 = .)
 *(vtable)
 *(.ramfunc*)
 *(CodeQuickAccess)
 *(DataQuickAccess)
 *(RamFunction)
 *(.data*)
                0x0000000010000000                . = ALIGN (0x4)
                0x0000000010000000                _edata = .
                [!provide]                        PROVIDE (__end_data_RAM = .)
                [!provide]                        PROVIDE (__end_data_RamLoc32 = .)

.igot.plt       0x0000000010000000        0x0 load address 0x0000000000000940
 .igot.plt      0x0000000010000000        0x0 ./src/cr_startup_lpc175x_6x.o

.bss_RAM2       0x000000002007c000        0x0
                [!provide]                        PROVIDE (__start_bss_RAM2 = .)
                [!provide]                        PROVIDE (__start_bss_RamAHB32 = .)
 *(.bss.$RAM2)
 *(.bss.$RamAHB32)
 *(.bss.$RAM2.*)
 *(.bss.$RamAHB32.*)
                0x000000002007c000                . = ALIGN ((. != 0x0)?0x4:0x1)
                [!provide]                        PROVIDE (__end_bss_RAM2 = .)
                [!provide]                        PROVIDE (__end_bss_RamAHB32 = .)

.bss            0x0000000010000000       0x10
                0x0000000010000000                _bss = .
                [!provide]                        PROVIDE (__start_bss_RAM = .)
                [!provide]                        PROVIDE (__start_bss_RamLoc32 = .)
 *(.bss*)
 .bss.checksumErrCounter
                0x0000000010000000        0x4 ./src/lpc1769.o
                0x0000000010000000                checksumErrCounter
 *(COMMON)
 COMMON         0x0000000010000004        0xc ./src/lpc1769.o
                0x0000000010000004                T_dec
                0x0000000010000008                TimerVal_us
                0x000000001000000c                RH_dec
                0x000000001000000d                T_int
                0x000000001000000e                checksum
                0x000000001000000f                RH_int
                0x0000000010000010                . = ALIGN (0x4)
                0x0000000010000010                _ebss = .
                [!provide]                        PROVIDE (__end_bss_RAM = .)
                [!provide]                        PROVIDE (__end_bss_RamLoc32 = .)
                [!provide]                        PROVIDE (end = .)

.noinit_RAM2    0x000000002007c000        0x0
                [!provide]                        PROVIDE (__start_noinit_RAM2 = .)
                [!provide]                        PROVIDE (__start_noinit_RamAHB32 = .)
 *(.noinit.$RAM2)
 *(.noinit.$RamAHB32)
 *(.noinit.$RAM2.*)
 *(.noinit.$RamAHB32.*)
                0x000000002007c000                . = ALIGN (0x4)
                [!provide]                        PROVIDE (__end_noinit_RAM2 = .)
                [!provide]                        PROVIDE (__end_noinit_RamAHB32 = .)

.noinit         0x0000000010000010        0x0
                0x0000000010000010                _noinit = .
                [!provide]                        PROVIDE (__start_noinit_RAM = .)
                [!provide]                        PROVIDE (__start_noinit_RamLoc32 = .)
 *(.noinit*)
                0x0000000010000010                . = ALIGN (0x4)
                0x0000000010000010                _end_noinit = .
                [!provide]                        PROVIDE (__end_noinit_RAM = .)
                [!provide]                        PROVIDE (__end_noinit_RamLoc32 = .)
                [!provide]                        PROVIDE (_pvHeapStart = DEFINED (__user_heap_base)?__user_heap_base:.)
                0x0000000010008000                PROVIDE (_vStackTop = DEFINED (__user_stack_top)?__user_stack_top:(__top_RamLoc32 - 0x0))
                [!provide]                        PROVIDE (__valid_user_code_checksum = (0x0 - ((((((_vStackTop + (ResetISR + 0x1)) + (NMI_Handler + 0x1)) + (HardFault_Handler + 0x1)) + (DEFINED (MemManage_Handler)?MemManage_Handler:0x0 + 0x1)) + (DEFINED (BusFault_Handler)?BusFault_Handler:0x0 + 0x1)) + (DEFINED (UsageFault_Handler)?UsageFault_Handler:0x0 + 0x1))))
                0x0000000000000000                _image_start = LOADADDR (.text)
                0x0000000000000940                _image_end = (LOADADDR (.data) + SIZEOF (.data))
                0x0000000000000940                _image_size = (_image_end - _image_start)
OUTPUT(lpc1769_DHT11.axf elf32-littlearm)

.debug_info     0x0000000000000000     0x1de3
 .debug_info    0x0000000000000000      0x26d ./src/cr_startup_lpc175x_6x.o
 .debug_info    0x000000000000026d      0x189 ./src/lpc1769.o
 .debug_info    0x00000000000003f6      0x250 ./src/sysinit.o
 .debug_info    0x0000000000000646      0x6c3 /mnt/DOC/MCUXpressoWorkSpace/lpc_board_nxp_lpcxpresso_1769/Debug/liblpc_board_nxp_lpcxpresso_1769.a(board_sysinit.o)
 .debug_info    0x0000000000000d09      0x4b0 /mnt/DOC/MCUXpressoWorkSpace/lpc_chip_175x_6x/Debug/liblpc_chip_175x_6x.a(sysinit_17xx_40xx.o)
 .debug_info    0x00000000000011b9      0xc2a /mnt/DOC/MCUXpressoWorkSpace/lpc_chip_175x_6x/Debug/liblpc_chip_175x_6x.a(clock_17xx_40xx.o)

.debug_abbrev   0x0000000000000000      0x950
 .debug_abbrev  0x0000000000000000      0x106 ./src/cr_startup_lpc175x_6x.o
 .debug_abbrev  0x0000000000000106       0xe2 ./src/lpc1769.o
 .debug_abbrev  0x00000000000001e8       0xeb ./src/sysinit.o
 .debug_abbrev  0x00000000000002d3      0x180 /mnt/DOC/MCUXpressoWorkSpace/lpc_board_nxp_lpcxpresso_1769/Debug/liblpc_board_nxp_lpcxpresso_1769.a(board_sysinit.o)
 .debug_abbrev  0x0000000000000453      0x1b0 /mnt/DOC/MCUXpressoWorkSpace/lpc_chip_175x_6x/Debug/liblpc_chip_175x_6x.a(sysinit_17xx_40xx.o)
 .debug_abbrev  0x0000000000000603      0x34d /mnt/DOC/MCUXpressoWorkSpace/lpc_chip_175x_6x/Debug/liblpc_chip_175x_6x.a(clock_17xx_40xx.o)

.debug_aranges  0x0000000000000000      0x290
 .debug_aranges
                0x0000000000000000       0x80 ./src/cr_startup_lpc175x_6x.o
 .debug_aranges
                0x0000000000000080       0x38 ./src/lpc1769.o
 .debug_aranges
                0x00000000000000b8       0x20 ./src/sysinit.o
 .debug_aranges
                0x00000000000000d8       0x38 /mnt/DOC/MCUXpressoWorkSpace/lpc_board_nxp_lpcxpresso_1769/Debug/liblpc_board_nxp_lpcxpresso_1769.a(board_sysinit.o)
 .debug_aranges
                0x0000000000000110       0x60 /mnt/DOC/MCUXpressoWorkSpace/lpc_chip_175x_6x/Debug/liblpc_chip_175x_6x.a(sysinit_17xx_40xx.o)
 .debug_aranges
                0x0000000000000170      0x120 /mnt/DOC/MCUXpressoWorkSpace/lpc_chip_175x_6x/Debug/liblpc_chip_175x_6x.a(clock_17xx_40xx.o)

.debug_ranges   0x0000000000000000      0x230
 .debug_ranges  0x0000000000000000       0x70 ./src/cr_startup_lpc175x_6x.o
 .debug_ranges  0x0000000000000070       0x28 ./src/lpc1769.o
 .debug_ranges  0x0000000000000098       0x10 ./src/sysinit.o
 .debug_ranges  0x00000000000000a8       0x28 /mnt/DOC/MCUXpressoWorkSpace/lpc_board_nxp_lpcxpresso_1769/Debug/liblpc_board_nxp_lpcxpresso_1769.a(board_sysinit.o)
 .debug_ranges  0x00000000000000d0       0x50 /mnt/DOC/MCUXpressoWorkSpace/lpc_chip_175x_6x/Debug/liblpc_chip_175x_6x.a(sysinit_17xx_40xx.o)
 .debug_ranges  0x0000000000000120      0x110 /mnt/DOC/MCUXpressoWorkSpace/lpc_chip_175x_6x/Debug/liblpc_chip_175x_6x.a(clock_17xx_40xx.o)

.debug_macro    0x0000000000000000     0x54d9
 .debug_macro   0x0000000000000000       0x1d ./src/cr_startup_lpc175x_6x.o
 .debug_macro   0x000000000000001d      0xaa2 ./src/cr_startup_lpc175x_6x.o
 .debug_macro   0x0000000000000abf       0x89 ./src/lpc1769.o
 .debug_macro   0x0000000000000b48      0x217 ./src/sysinit.o
 .debug_macro   0x0000000000000d5f       0x10 ./src/sysinit.o
 .debug_macro   0x0000000000000d6f      0x12e ./src/sysinit.o
 .debug_macro   0x0000000000000e9d      0x5b3 ./src/sysinit.o
 .debug_macro   0x0000000000001450       0x22 ./src/sysinit.o
 .debug_macro   0x0000000000001472       0x7b ./src/sysinit.o
 .debug_macro   0x00000000000014ed       0x10 ./src/sysinit.o
 .debug_macro   0x00000000000014fd       0x2d ./src/sysinit.o
 .debug_macro   0x000000000000152a       0x3a ./src/sysinit.o
 .debug_macro   0x0000000000001564       0x2d ./src/sysinit.o
 .debug_macro   0x0000000000001591      0xbb1 ./src/sysinit.o
 .debug_macro   0x0000000000002142      0x22c ./src/sysinit.o
 .debug_macro   0x000000000000236e       0x42 ./src/sysinit.o
 .debug_macro   0x00000000000023b0       0x52 ./src/sysinit.o
 .debug_macro   0x0000000000002402       0x78 ./src/sysinit.o
 .debug_macro   0x000000000000247a       0x82 ./src/sysinit.o
 .debug_macro   0x00000000000024fc      0x48c ./src/sysinit.o
 .debug_macro   0x0000000000002988       0x34 ./src/sysinit.o
 .debug_macro   0x00000000000029bc      0x4c5 ./src/sysinit.o
 .debug_macro   0x0000000000002e81      0x1b7 ./src/sysinit.o
 .debug_macro   0x0000000000003038       0x10 ./src/sysinit.o
 .debug_macro   0x0000000000003048      0x21b ./src/sysinit.o
 .debug_macro   0x0000000000003263      0x1b9 ./src/sysinit.o
 .debug_macro   0x000000000000341c       0x40 ./src/sysinit.o
 .debug_macro   0x000000000000345c       0x22 ./src/sysinit.o
 .debug_macro   0x000000000000347e      0x162 ./src/sysinit.o
 .debug_macro   0x00000000000035e0       0x94 ./src/sysinit.o
 .debug_macro   0x0000000000003674       0xb8 ./src/sysinit.o
 .debug_macro   0x000000000000372c       0x4c ./src/sysinit.o
 .debug_macro   0x0000000000003778       0x16 ./src/sysinit.o
 .debug_macro   0x000000000000378e      0x328 ./src/sysinit.o
 .debug_macro   0x0000000000003ab6       0x49 ./src/sysinit.o
 .debug_macro   0x0000000000003aff       0x16 ./src/sysinit.o
 .debug_macro   0x0000000000003b15       0xca ./src/sysinit.o
 .debug_macro   0x0000000000003bdf       0x18 ./src/sysinit.o
 .debug_macro   0x0000000000003bf7       0x70 ./src/sysinit.o
 .debug_macro   0x0000000000003c67       0x9a ./src/sysinit.o
 .debug_macro   0x0000000000003d01       0x20 ./src/sysinit.o
 .debug_macro   0x0000000000003d21       0x28 ./src/sysinit.o
 .debug_macro   0x0000000000003d49      0x217 /mnt/DOC/MCUXpressoWorkSpace/lpc_board_nxp_lpcxpresso_1769/Debug/liblpc_board_nxp_lpcxpresso_1769.a(board_sysinit.o)
 .debug_macro   0x0000000000003f60      0xa66 /mnt/DOC/MCUXpressoWorkSpace/lpc_board_nxp_lpcxpresso_1769/Debug/liblpc_board_nxp_lpcxpresso_1769.a(board_sysinit.o)
 .debug_macro   0x00000000000049c6      0x12d /mnt/DOC/MCUXpressoWorkSpace/lpc_board_nxp_lpcxpresso_1769/Debug/liblpc_board_nxp_lpcxpresso_1769.a(board_sysinit.o)
 .debug_macro   0x0000000000004af3      0x5b2 /mnt/DOC/MCUXpressoWorkSpace/lpc_board_nxp_lpcxpresso_1769/Debug/liblpc_board_nxp_lpcxpresso_1769.a(board_sysinit.o)
 .debug_macro   0x00000000000050a5       0x9a /mnt/DOC/MCUXpressoWorkSpace/lpc_board_nxp_lpcxpresso_1769/Debug/liblpc_board_nxp_lpcxpresso_1769.a(board_sysinit.o)
 .debug_macro   0x000000000000513f      0x1cd /mnt/DOC/MCUXpressoWorkSpace/lpc_chip_175x_6x/Debug/liblpc_chip_175x_6x.a(sysinit_17xx_40xx.o)
 .debug_macro   0x000000000000530c      0x1cd /mnt/DOC/MCUXpressoWorkSpace/lpc_chip_175x_6x/Debug/liblpc_chip_175x_6x.a(clock_17xx_40xx.o)

.debug_line     0x0000000000000000     0x1d46
 .debug_line    0x0000000000000000      0x15e ./src/cr_startup_lpc175x_6x.o
 .debug_line    0x000000000000015e      0x29b ./src/lpc1769.o
 .debug_line    0x00000000000003f9      0x4e2 ./src/sysinit.o
 .debug_line    0x00000000000008db      0x519 /mnt/DOC/MCUXpressoWorkSpace/lpc_board_nxp_lpcxpresso_1769/Debug/liblpc_board_nxp_lpcxpresso_1769.a(board_sysinit.o)
 .debug_line    0x0000000000000df4      0x5e2 /mnt/DOC/MCUXpressoWorkSpace/lpc_chip_175x_6x/Debug/liblpc_chip_175x_6x.a(sysinit_17xx_40xx.o)
 .debug_line    0x00000000000013d6      0x970 /mnt/DOC/MCUXpressoWorkSpace/lpc_chip_175x_6x/Debug/liblpc_chip_175x_6x.a(clock_17xx_40xx.o)

.debug_str      0x0000000000000000    0x129fc
 .debug_str     0x0000000000000000     0x2f7c ./src/cr_startup_lpc175x_6x.o
                                       0x2f8f (size before relaxing)
 .debug_str     0x0000000000002f7c      0x3fe ./src/lpc1769.o
                                       0x31d1 (size before relaxing)
 .debug_str     0x000000000000337a     0xe4d0 ./src/sysinit.o
                                      0x11371 (size before relaxing)
 .debug_str     0x000000000001184a      0x595 /mnt/DOC/MCUXpressoWorkSpace/lpc_board_nxp_lpcxpresso_1769/Debug/liblpc_board_nxp_lpcxpresso_1769.a(board_sysinit.o)
                                      0x1169d (size before relaxing)
 .debug_str     0x0000000000011ddf      0x1be /mnt/DOC/MCUXpressoWorkSpace/lpc_chip_175x_6x/Debug/liblpc_chip_175x_6x.a(sysinit_17xx_40xx.o)
                                      0x110ae (size before relaxing)
 .debug_str     0x0000000000011f9d      0xa5f /mnt/DOC/MCUXpressoWorkSpace/lpc_chip_175x_6x/Debug/liblpc_chip_175x_6x.a(clock_17xx_40xx.o)
                                      0x11a49 (size before relaxing)

.comment        0x0000000000000000       0xf5
 .comment       0x0000000000000000       0x76 ./src/cr_startup_lpc175x_6x.o
                                         0x77 (size before relaxing)
 .comment       0x0000000000000076       0x77 ./src/lpc1769.o
 .comment       0x0000000000000076       0x77 ./src/sysinit.o
 .comment       0x0000000000000076       0x7f /mnt/DOC/MCUXpressoWorkSpace/lpc_board_nxp_lpcxpresso_1769/Debug/liblpc_board_nxp_lpcxpresso_1769.a(board_sysinit.o)
                                         0x80 (size before relaxing)
 .comment       0x00000000000000f5       0x77 /mnt/DOC/MCUXpressoWorkSpace/lpc_chip_175x_6x/Debug/liblpc_chip_175x_6x.a(sysinit_17xx_40xx.o)
 .comment       0x00000000000000f5       0x77 /mnt/DOC/MCUXpressoWorkSpace/lpc_chip_175x_6x/Debug/liblpc_chip_175x_6x.a(clock_17xx_40xx.o)
 .comment       0x00000000000000f5       0x77 /usr/local/mcuxpressoide-11.1.0_3209/ide/plugins/com.nxp.mcuxpresso.tools.linux_11.1.0.201909161352/tools/bin/../lib/gcc/arm-none-eabi/8.3.1/../../../../arm-none-eabi/lib/thumb/v7-m/nofp/libcr_c.a(__weak__main.o)

.ARM.attributes
                0x0000000000000000       0x2d
 .ARM.attributes
                0x0000000000000000       0x2d ./src/cr_startup_lpc175x_6x.o
 .ARM.attributes
                0x000000000000002d       0x2d ./src/lpc1769.o
 .ARM.attributes
                0x000000000000005a       0x2d ./src/sysinit.o
 .ARM.attributes
                0x0000000000000087       0x33 /mnt/DOC/MCUXpressoWorkSpace/lpc_board_nxp_lpcxpresso_1769/Debug/liblpc_board_nxp_lpcxpresso_1769.a(board_sysinit.o)
 .ARM.attributes
                0x00000000000000ba       0x2d /mnt/DOC/MCUXpressoWorkSpace/lpc_chip_175x_6x/Debug/liblpc_chip_175x_6x.a(sysinit_17xx_40xx.o)
 .ARM.attributes
                0x00000000000000e7       0x2d /mnt/DOC/MCUXpressoWorkSpace/lpc_chip_175x_6x/Debug/liblpc_chip_175x_6x.a(clock_17xx_40xx.o)
 .ARM.attributes
                0x0000000000000114       0x2d /usr/local/mcuxpressoide-11.1.0_3209/ide/plugins/com.nxp.mcuxpresso.tools.linux_11.1.0.201909161352/tools/bin/../lib/gcc/arm-none-eabi/8.3.1/../../../../arm-none-eabi/lib/thumb/v7-m/nofp/libcr_c.a(__weak__main.o)

.debug_frame    0x0000000000000000      0x884
 .debug_frame   0x0000000000000000      0x170 ./src/cr_startup_lpc175x_6x.o
 .debug_frame   0x0000000000000170       0x98 ./src/lpc1769.o
 .debug_frame   0x0000000000000208       0x34 ./src/sysinit.o
 .debug_frame   0x000000000000023c       0x8c /mnt/DOC/MCUXpressoWorkSpace/lpc_board_nxp_lpcxpresso_1769/Debug/liblpc_board_nxp_lpcxpresso_1769.a(board_sysinit.o)
 .debug_frame   0x00000000000002c8      0x12c /mnt/DOC/MCUXpressoWorkSpace/lpc_chip_175x_6x/Debug/liblpc_chip_175x_6x.a(sysinit_17xx_40xx.o)
 .debug_frame   0x00000000000003f4      0x490 /mnt/DOC/MCUXpressoWorkSpace/lpc_chip_175x_6x/Debug/liblpc_chip_175x_6x.a(clock_17xx_40xx.o)
